D/USERIAL_LINUX( 1469): userial_read_thread(): enqueued p_buf=0x9fa0683c, count=1, length=5
D/USERIAL_LINUX( 1469): my_read: enter, pbuf=9fa071a4, len = 280
I/BrcmNci ( 1469): --
I/BrcmNci ( 1469): RECV NCI  Type:RSP   Name: RF_DISCOVER(0x3)   PBF:No/Last   Param Len: 1/1 f:0x0
I/BrcmNci ( 1469):                                   Status : OK (0x00)
D/BrcmNci ( 1469): Raw NCI Packet:
D/BrcmNci ( 1469): 0000: 41 03 01 00                                     A...
I/BrcmNci ( 1469): --
I/NfcNciHal( 1469): nfc_hal_nci_preproc_rx_nci_msg()
I/NfcNciHal( 1469): nfc_hal_dm_power_mode_execute () event = 1
D/NfcNciHal( 1469): BroadcomHalDataCallback: enter; len=4
D/NfcService( 1469): index : 0
D/NfcService( 1469): index : 1
D/NfcService( 1469): index : 2
I/art     (  325): Explicit concurrent mark sweep GC freed 5(160B) AllocSpace objects, 0(0B) LOS objects, 40% free, 14MB/23MB, paused 265us total 9.142ms
E/File    ( 6182): fail readDirectory() errno=2
E/File    ( 6182): fail readDirectory() errno=2
D/TimaKeyStoreProvider( 6251): TimaSignature is unavailable
D/ActivityThread( 6251): Added TimaKeyStore provider
D/ResourcesManager( 6251): creating new AssetManager and set to /data/app/com.sec.android.app.samsungapps-2/base.apk
I/NfcNciHal( 1469): nci_brcm_lp_timeout_cback ()
I/NfcNciHal( 1469): nfc_hal_dm_power_mode_execute () event = 2
I/NfcNciHal( 1469): nfc_hal_dm_set_nfc_wake () DEASSERT
D/USERIAL_LINUX( 1469): UPIO_Set: ioctl, state=1
I/System.out( 4361): tr calls detatch()
D/RippleInkRenderer( 1181): clearRipple
D/RippleInkRenderer( 1181): RENDERMODE_WHEN_DIRTY!!!
D/WaitQueueForNetworkActivate( 6251): notifyNetworkActivated
I/SecureStorage(  257): [INFO]: SPID(0x00000000)Processing data has been completed
D/StatusBar-Window( 1181): fnf=true sanc=false, kni=false, sbf=false
D/CoverUI ( 1181): applyFocusableFlag() : Remove SAMSUNG_FLAG_SVIEW_COVER
D/hcjo    ( 6251): AutoUpdateManager:IDLE:AutoUpdateManager::execute : false false true state: IDLE
D/hcjo    ( 6251): AutoUpdateManager:INITCHECK:AutoUpdateManager::checkInitialize
D/InitializeManagerStateMachine( 6251): execute::IDLE:EXECUTE
D/InitializeManagerStateMachine( 6251): exit::IDLE
D/InitializeManagerStateMachine( 6251): entry::NETWORK_CHECK
D/InitializeManagerStateMachine( 6251): execute::NETWORK_CHECK:NETWORK_STATE_OK
D/InitializeManagerStateMachine( 6251): exit::NETWORK_CHECK
D/InitializeManagerStateMachine( 6251): entry::CHECK_COUNTRY_INFO
D/InitializeManagerStateMachine( 6251): execute::CHECK_COUNTRY_INFO:COUNTRY_INFO_OK
D/InitializeManagerStateMachine( 6251): exit::CHECK_COUNTRY_INFO
D/InitializeManagerStateMachine( 6251): entry::SUCCESS
D/hcjo    ( 6251): AutoUpdateManager:INITCHECK:onInitializeSuccess
E/Zygote  ( 6275): MountEmulatedStorage()
E/Zygote  ( 6275): v2
D/hcjo    ( 6251): AutoUpdateTriggerManager:IDLE:notifyNextTime
D/hcjo    ( 6251): AutoUpdateManager:UPD_CHECK_TIMING:onNoUpdateTime
I/SELinux ( 6275): Function: selinux_compare_spd_ram, SPD-policy is existed. and_ver=SEPF_SM-G900I_5.0-1 ver=38
D/InitializeManagerStateMachine( 6251): exit::SUCCESS
D/InitializeManagerStateMachine( 6251): entry::IDLE
I/SELinux ( 6275): Function: selinux_compare_spd_ram , priority [1] , priority version is VE=SEPF_SM-G900I_5.0-1_0038
E/SELinux ( 6275): [DEBUG] get_category: variable seinfo: default sensitivity: NULL, cateogry: NULL
D/TimaKeyStoreProvider( 6275): TimaSignature is unavailable
D/ActivityThread( 6275): Added TimaKeyStore provider
D/ResourcesManager( 6275): creating new AssetManager and set to /data/app/org.smap.smapTask.android-1/base.apk
I/PropertyManager( 6275): calling constructor
I/PCWCLIENTTRACE_PushUtil( 6020): SPPPushClient is installed : true
I/PCWCLIENTTRACE_PushUtil( 6020): sales region : global
D/PCWCLIENTTRACE_GCMReceiver( 6020): PACKAGE NAME :com.google.android.gsf
I/PCWCLIENTTRACE_PushUtil( 6020): getPushTypeList : [SPP, GCM]
I/PCWCLIENTTRACE_SYSTEMReceiver( 6020): [onReceive] - android.net.conn.CONNECTIVITY_CHANGE
I/DBG_POLICYDM(31360): [com.sec.android.fota.common.Network(88/isWiFiNetworkConnected)] WiFi Network is connected
E/DBG_POLICYDM(31360): [com.policydm.XDMService(489/isNetworkChanged)] network not changed.... 
I/FOTA_Client( 6043): [com.sec.android.fotaclient.FotaRegisterReceiver(113/onReceive)] Already device registered...
I/FOTA_Client( 6043): [com.sec.android.fotaclient.FotaUpdaterReceiver(103/onReceive)] Auto update settings is activated
I/FOTA_Client( 6043): [lllllllllllIlllllIIl(197/lllIlIlIIIllIIlIllIl)] Polling time is vaild
D/MobileConnectivityChangeReceiver( 3264): onReceive Intent { act=android.net.conn.CONNECTIVITY_CHANGE flg=0x4000010 cmp=com.google.android.setupwizard/.carrier.MobileConnectivityChangeReceiver (has extras) }
D/MobileConnectivityChangeReceiver( 3264): onReceive CONNECTIVITY_CHANGE networkType=1
I/KLMS-2.4.503: ( 6061): KLMSSystemProperties(): getBoolean(): ro.product_ship = true
I/KLMS-2.4.503: ( 6061): MainReciver(): EventNotificationReciver- method called: AppActivityListner onReceive for Intent Action : android.net.conn.CONNECTIVITY_CHANGE , timestamp: 1462421907834
I/KLMS-2.4.503: ( 6061): MainReciver(): NETWORK_STATE_CHANGED_ACTION
I/KLMS-2.4.503: ( 6061): KLMSUtility(): isNetworkAvailable() - WIFI : true| MOBILE : false
I/KLMS-2.4.503: ( 6061): StateImplV2(): networkChangeListener().START
I/KLMS-2.4.503: ( 6061): NetworkChangeOperations(): uploadRequestLog().START 
I/KLMS-2.4.503: ( 6061): StateImplV2(): networkChangeListener().END
I/SA      ( 6077): [OR] onReceive log=[SA = 2.1.0227 V = 21 HWD = 1920X1080 3.0 dpi = 480  SIZE = 2 LOCALE = en_AU CSC = TEL MCC = 505 MNC 1 T = user DEVICE = klte P = kltedv I = LRX21T M = SM-G900I OKLEFT false DIS LRX21T.G900IDVU1BOJ1 PSS = 5.219788042639568  ]
I/SA      ( 6077): [OR] onReceive Intent=[ conn.CONNECTIVITY_CHANGE. networkInfo:[type: WIFI[] - WIFI, state: CONNECTED/CONNECTED, reason: (unspecified), extra: "ianaf4you", roaming: false, failover: false, isAvailable: true, isConnectedToProvisioningNetwork: false] networkType:1 inetCondition:0 extraInfo:? isDefault:true ]
I/SA      ( 6077): [OR] == ACTION_CONNECTIVITY_CHANGE ==
I/SA      ( 6077): [TPMU]  strSIMState 	:SIM_STATE_READY
I/SA      ( 6077): [TPMU] getMccFromUsim : 505
I/SA      ( 6077): [SCU] saveMccToPreferece Start
I/SA      ( 6077): [SCU] RegionMCC : 505
I/SA      ( 6077): [SSP] query invoked
I/SA      ( 6077): [TPMU] GetMccFromDB : null
I/SA      ( 6077): [SCU] getMccFromPreferece mcc = 505
I/SA      ( 6077): [SCU] saveMccToPreferece End
I/SA      ( 6077): [OR] onReceive END
I/DIAGMON_AGENT( 3665): [lIIllllllllIlIlIllll(17/llIIIIlllllIIllIIllI)] Receive broadcast: android.net.conn.CONNECTIVITY_CHANGE
I/DIAGMON_AGENT( 3665): [lIIllllllllIlIlIllll(31/llIIIIlllllIIllIIllI)] Running with RegistrationReceiver
I/SO_AGENT( 6098): [com.sec.android.soagent.RegisterReceiver(104/onReceive)] Get Accessory List
D/accuweather( 6113): [KK AccuPhone]>>> WC:30 [0:0] action : androidnetconnCONNECTIVITY_CHANGE
D/accuweather( 6113): [KK AccuPhone]>>> UIMEM:106 [0:0] The widget does not exist in idle!!
D/RCPManagerService(  901): exchangeData() failure , invalid userId
D/QuickConnect( 3683): PeriphStartReceiver.onReceive - android.net.conn.CONNECTIVITY_CHANGE
I/QuickConnect( 3683): PeriphStartReceiver.onReceive - USER_OWNER care CONNECTIVITY_ACTION. run P service
I/QuickConnect( 3683): PeriphStartReceiver.onReceive - no need to start
I/KnoxUsageLogPro( 3897): KnoxUsageReceiver onReceive :android.net.conn.CONNECTIVITY_CHANGE myUserId=0
I/KnoxUsageLogPro( 3897): premStatus:2
I/KnoxUsageLogPro( 3897): isEulaShown : false
I/KnoxUsageLogPro( 3897): KnoxUsageReceiver onReceive : not Processible, just return
D/SecurityLogAgent( 8155): KnoxConfiguration : Current State = 1
D/SecurityLogAgent( 8155): KnoxConfiguration : Current State Mapping Found 
D/SecurityLogAgent( 8155): StateMachine : Current State = 1
D/SecurityLogAgent( 8155): StateMachine : Changed Current State = 1
D/Headlines( 4808): HeadlinesSystemBroadcastReceiver onReceive android.net.conn.CONNECTIVITY_CHANGE
D/HeadlinesChannelUtil( 4808): getCountryCode(): countryCode = AU
D/Headlines( 4808): Breath.onStartCommand : com.samsung.android.internal.headlines.UPDATE_WELCOME_CARD flag : 0
D/HeadlinesCardManager( 4808): updateCategory : HeadlinesCardManager:updateCategory() category size == 0
D/HeadlinesCardManager( 4808): updateCategory : HeadlinesCardManager:updateCategory() try to query category list
D/Headlines( 4808): queryCategory.  mRequest is not initialized.
D/HeadlinesCardManager( 4808): updateCategory : HeadlinesCardManager:updateCategory() reponse : false
D/HeadlinesCardManager( 4808): requestUpdateNewsWelcomeCard : request update welcome card to content card.
D/HeadlinesDataCenter( 4808): requestUpdateNewsWelcomeCard !!! no welcome card
I/art     (  901): Explicit concurrent mark sweep GC freed 31271(1665KB) AllocSpace objects, 0(0B) LOS objects, 22% free, 54MB/70MB, paused 1.367ms total 112.714ms
E/SPPClientService( 4850): [SystemStateMoniter] Action Name : android.net.conn.CONNECTIVITY_CHANGE
E/SPPClientService( 4850): [SystemStateMoniter] Current Time : 24641390
E/SPPClientService( 4850): [SystemStateMoniter] No Connect : false
D/SWP2.C.NetworkReceiver(29011): Network State Changed : WIFI : CONNECTED
D/hcjo    ( 6251): AutoUpdateManager:IDLE:AutoUpdateManager::execute : false false true state: IDLE
D/hcjo    ( 6251): AutoUpdateManager:INITCHECK:AutoUpdateManager::checkInitialize
D/InitializeManagerStateMachine( 6251): execute::IDLE:EXECUTE
D/InitializeManagerStateMachine( 6251): exit::IDLE
D/InitializeManagerStateMachine( 6251): entry::NETWORK_CHECK
D/InitializeManagerStateMachine( 6251): execute::NETWORK_CHECK:NETWORK_STATE_OK
D/InitializeManagerStateMachine( 6251): exit::NETWORK_CHECK
D/InitializeManagerStateMachine( 6251): entry::CHECK_COUNTRY_INFO
D/InitializeManagerStateMachine( 6251): execute::CHECK_COUNTRY_INFO:COUNTRY_INFO_OK
D/InitializeManagerStateMachine( 6251): exit::CHECK_COUNTRY_INFO
D/InitializeManagerStateMachine( 6251): entry::SUCCESS
D/hcjo    ( 6251): AutoUpdateManager:INITCHECK:onInitializeSuccess
D/hcjo    ( 6251): AutoUpdateTriggerManager:IDLE:notifyNextTime
D/hcjo    ( 6251): AutoUpdateManager:UPD_CHECK_TIMING:onNoUpdateTime
D/InitializeManagerStateMachine( 6251): exit::SUCCESS
D/InitializeManagerStateMachine( 6251): entry::IDLE
D/SecurityLogAgent( 8155):  SeDenialReceiver : Intent Received : samsung.intent.action.knox.DENIAL_NOTIFICATION
D/SecurityLogAgent( 8155):  SeDenialReceiver : File path = null
V/UserPresentBroadcastReceiver( 2309): Received Intent { act=android.intent.action.USER_PRESENT flg=0x24000010 cmp=com.google.android.gms/.auth.trustagent.UserPresentBroadcastReceiver }.
I/System.out( 4361): tr calls detatch()
D/Receiver_Screen( 4072): ACTION_USER_PRESENT
D/Mms/UIEventReceiver(27256): ui event
D/GalleryCacheReady( 3776): Receive : home resume
E/Zygote  ( 6297): MountEmulatedStorage()
E/Zygote  ( 6297): v2
I/SELinux ( 6297): Function: selinux_compare_spd_ram, SPD-policy is existed. and_ver=SEPF_SM-G900I_5.0-1 ver=38
I/SELinux ( 6297): Function: selinux_compare_spd_ram , priority [1] , priority version is VE=SEPF_SM-G900I_5.0-1_0038
E/SELinux ( 6297): [DEBUG] get_category: variable seinfo: platform sensitivity: NULL, cateogry: NULL
D/TimaKeyStoreProvider( 6297): TimaSignature is unavailable
D/ActivityThread( 6297): Added TimaKeyStore provider
D/ResourcesManager( 6297): creating new AssetManager and set to /system/app/GeoLookout/GeoLookout.apk
W/GeoLookout( 6297): H: zOXtzplbN+8pOR8lXMN+zuVFxvDlCo+Yzxg4ugbhd7A04DIT5nFf+o6jguBECoC9dC8nZsnXtcP6wJ/Do8CKbApjnmitl3AiTeKReyJRDttBktCZIh1mNkZuovfXxXoAjd37PhyBM3ng3bcKYjYGOEDyKJaWZrwK1FfNJWfEtzYH8n1Joa422xGgCu3P2tNC0syzQpcTEb6CNvuJmw0Apg==
I/GeoLookout( 6297): H: zOXtzplbN+8pOR8lXMN+zq5rYKS75KQLo4xvOOBhIY6eGw1/GT6WQYb1SRYOugxmkGHzev/Lb2j+GB0+6UGDnw==
D/SettingsProvider(  901): name = safetycare_geolookout_registering
D/SettingsProvider(  901): edmUri: content://com.sec.knox.provider/RestrictionPolicy3
D/SettingsProvider(  901): projectionArgs: isSettingsChangesAllowed
D/SettingsProvider(  901): selectionArgs: false
D/SettingsProvider(  901): selectionArgs: 10114
D/SecContentProvider(  901): uri = 17 selection = isSettingsChangesAllowed
D/SettingsProvider(  901): ret = -1
D/GeoLookout( 6297): H: mmqeDLqBgrS1PY9ZxjAERmjpyYDSyckxRVEBLahXFCCjxEHkYkZuzwjV7ldL9/y2wUiG8ZXusFQQzoKG1FCUjw==
D/GeoLookout( 6297): H: oG7yKmvlgCB+MeB9ScCFjRATu9ZqRwmv7A7uEos9Q9mvO4YDA6qaoxYEtGEMNH1w
D/GeoLookout( 6297): H: oG7yKmvlgCB+MeB9ScCFjRej64htfcxG5kL3SHyGYDnr4brh3hp83PTv8sTeWgfzb09Wu8w+l9FeW3bXb18r1tcp17zAuCthjNMD7/ctUpMsPOZWZzY9gg1XBOkZWTGk
D/GeoLookout( 6297): H: oG7yKmvlgCB+MeB9ScCFjVjhROowReQZ6uZ83+PHbxXxfrUuNQHmPlY4PsIKqeHXpHMfmw7BKa8EvZP1XFE95vEpSHlOxg9XQoR6KQvcMJUpzHP2yBB+X9E2BKlsnebdX/Y40A4wCzJvXgq/1mmVNQ==
D/GeoLookout( 6297): H: oG7yKmvlgCB+MeB9ScCFjRATu9ZqRwmv7A7uEos9Q9mvO4YDA6qaoxYEtGEMNH1w
D/GeoLookout( 6297): H: oG7yKmvlgCB+MeB9ScCFjRej64htfcxG5kL3SHyGYDnr4brh3hp83PTv8sTeWgfzb09Wu8w+l9FeW3bXb18r1tcp17zAuCthjNMD7/ctUpMsPOZWZzY9gg1XBOkZWTGk
D/GeoLookout( 6297): H: oG7yKmvlgCB+MeB9ScCFjVjhROowReQZ6uZ83+PHbxXxfrUuNQHmPlY4PsIKqeHXpHMfmw7BKa8EvZP1XFE95vEpSHlOxg9XQoR6KQvcMJUezCj+VlRSvYmiaFKv4yMdF9ANJ7ri8t1rvBR++sDAZA==
E/Zygote  ( 6313): MountEmulatedStorage()
E/Zygote  ( 6313): v2
I/SELinux ( 6313): Function: selinux_compare_spd_ram, SPD-policy is existed. and_ver=SEPF_SM-G900I_5.0-1 ver=38
I/SELinux ( 6313): Function: selinux_compare_spd_ram , priority [1] , priority version is VE=SEPF_SM-G900I_5.0-1_0038
E/SELinux ( 6313): [DEBUG] get_category: variable seinfo: shared sensitivity: NULL, cateogry: NULL
D/TimaKeyStoreProvider( 6313): TimaSignature is unavailable
D/ActivityThread( 6313): Added TimaKeyStore provider
D/ResourcesManager( 6313): creating new AssetManager and set to /system/app/DualClockDigital/DualClockDigital.apk
E/Zygote  ( 6330): MountEmulatedStorage()
E/Zygote  ( 6330): v2
I/SELinux ( 6330): Function: selinux_compare_spd_ram, SPD-policy is existed. and_ver=SEPF_SM-G900I_5.0-1 ver=38
I/SELinux ( 6330): Function: selinux_compare_spd_ram , priority [1] , priority version is VE=SEPF_SM-G900I_5.0-1_0038
E/SELinux ( 6330): [DEBUG] get_category: variable seinfo: platform sensitivity: NULL, cateogry: NULL
D/TimaKeyStoreProvider( 6330): TimaSignature is unavailable
D/ActivityThread( 6330): Added TimaKeyStore provider
D/ResourcesManager( 6330): creating new AssetManager and set to /system/app/SamsungWidget_ActiveApplication/SamsungWidget_ActiveApplication.apk
V/TaskCloserActivity( 6330): TaskCloserActivity enter()
V/TaskCloserActivity( 6330): TaskCloserActivity onReceive() - com.sec.android.intent.action.HOME_RESUME
E/Zygote  ( 6346): MountEmulatedStorage()
E/Zygote  ( 6346): v2
I/SELinux ( 6346): Function: selinux_compare_spd_ram, SPD-policy is existed. and_ver=SEPF_SM-G900I_5.0-1 ver=38
I/SELinux ( 6346): Function: selinux_compare_spd_ram , priority [1] , priority version is VE=SEPF_SM-G900I_5.0-1_0038
E/SELinux ( 6346): [DEBUG] get_category: variable seinfo: shared sensitivity: NULL, cateogry: NULL
D/TimaKeyStoreProvider( 6346): TimaSignature is unavailable
D/ActivityThread( 6346): Added TimaKeyStore provider
D/ResourcesManager( 6346): creating new AssetManager and set to /system/app/DigitalClock/DigitalClock.apk
--------- beginning of system
W/ResourcesManager( 6346): Asset path '/system/framework/twframework.jar' does not exist or contains no resources.
D/ActivityManager(  901): startProcessLocked calleePkgName: com.sec.android.app.camera, hostingType: broadcast
E/ActivityManager(  901): checkUser: useridlist=null, currentuser=0
E/ActivityManager(  901): checkUser: useridlist=null, currentuser=0
E/ActivityManager(  901): checkUser: useridlist=null, currentuser=0
E/ActivityManager(  901): checkUser: useridlist=null, currentuser=0
E/Zygote  ( 6364): MountEmulatedStorage()
E/Zygote  ( 6364): v2
I/libpersona( 6364): KNOX_SDCARD checking this for 10162
I/libpersona( 6364): KNOX_SDCARD not a persona
I/ActivityManager(  901): Start proc com.sec.android.app.camera for broadcast com.sec.android.app.camera/.HomeResumeCamera: pid=6364 uid=10162 gids={50162, 9997, 1028, 1015, 3003, 1023} abi=armeabi-v7a
I/ActivityManager(  901): Killing 3937:com.sec.knox.knoxsetupwizardclient/1000 (adj 15): emptyCount ##36
I/SELinux ( 6364): Function: selinux_compare_spd_ram, SPD-policy is existed. and_ver=SEPF_SM-G900I_5.0-1 ver=38
I/SELinux ( 6364): Function: selinux_compare_spd_ram , priority [1] , priority version is VE=SEPF_SM-G900I_5.0-1_0038
E/SELinux ( 6364): [DEBUG] get_category: variable seinfo: platform sensitivity: NULL, cateogry: NULL
D/TimaKeyStoreProvider( 6364): TimaSignature is unavailable
D/ActivityThread( 6364): Added TimaKeyStore provider
D/ResourcesManager( 6364): creating new AssetManager and set to /system/app/SamsungCamera3/SamsungCamera3.apk
W/ResourcesManager( 6364): Asset path '/system/framework/secmediarecorder.jar' does not exist or contains no resources.
W/ResourcesManager( 6364): Asset path '/system/framework/sechardware.jar' does not exist or contains no resources.
W/ResourcesManager( 6364): Asset path '/system/framework/secimaging.jar' does not exist or contains no resources.
W/ResourcesManager( 6364): Asset path '/system/framework/seccamera.jar' does not exist or contains no resources.
W/ResourcesManager( 6364): Asset path '/system/framework/secvision.jar' does not exist or contains no resources.
I/ActivityManager(  901): Killing 4045:com.sec.android.app.shealth/u0a39 (adj 15): emptyCount ##36
D/RippleInk_KeyguardEffect( 1181): WaterColor sound : release SoundPool
I/System.out( 4361): tr calls detatch()
E/NetlinkEvent(  285): NetlinkEvent::FindParam(): Parameter 'TIME_NS' not found
D/ActivityManager(  901): startService callerProcessName:tv.peel.smartremote, calleePkgName: tv.peel.smartremote
D/ConnectivityService(  901): returning getActiveNetworkInfo :[type: WIFI[] - WIFI, state: CONNECTED/CONNECTED, reason: (unspecified), extra: "ianaf4you", roaming: false, failover: false, isAvailable: true, isConnectedToProvisioningNetwork: false]
D/ConnectivityService(  901): returning getActiveNetworkInfo :[type: WIFI[] - WIFI, state: CONNECTED/CONNECTED, reason: (unspecified), extra: "ianaf4you", roaming: false, failover: false, isAvailable: true, isConnectedToProvisioningNetwork: false]
D/ConnectivityService(  901): returning getActiveNetworkInfo :[type: WIFI[] - WIFI, state: CONNECTED/CONNECTED, reason: (unspecified), extra: "ianaf4you", roaming: false, failover: false, isAvailable: true, isConnectedToProvisioningNetwork: false]
I/WifiStateMachine(  901): CMD_RSSI_POLL : calculateWifiScore in!
I/WifiStateMachine(  901): CMD_RSSI_POLL : calculateWifiScore out!
I/WifiStateMachine(  901): CMD_RSSI_POLL : out!
D/StatusBar.NetworkController( 1181): onSignalStrengthsChanged signalStrength=SignalStrength: 99 99 -120 -160 -120 -1 -1 18 -100 -7 48 -1 2147483647 0x3000 gsm|lte level=3
D/StatusBar.NetworkController( 1181): updateTelephonySignalStrength: hasService=true ss=SignalStrength: 99 99 -120 -160 -120 -1 -1 18 -100 -7 48 -1 2147483647 0x3000 gsm|lte
D/StatusBar.NetworkController( 1181): updateTelephonySignalStrength: iconLevel=3
D/StatusBar.NetworkController( 1181): updateTelephonySignalStrength, No signal level. mPhoneSignalIconId = com.android.systemui:drawable/stat_sys_signal_3_auto_rotate mDataSignalIconId = com.android.systemui:drawable/stat_sys_signal_3_auto_rotate mQSPhoneSignalIconId = com.android.systemui:drawable/ic_qs_signal_3 mContentDescriptionPhoneSignal = Phone three bars.
D/StatusBar.NetworkController( 1181): refreshViews connected={ wifi } level=3 combinedSignalIconId=0x7f020497/com.android.systemui:drawable/stat_sys_wifi_signal_4 mobileLabel=Telstra wifiLabel="ianaf4you"xxxxXXXXxxxxXXXX emergencyOnly=false combinedLabel="ianaf4you"xxxxXXXXxxxxXXXX mAirplaneMode=false mDataActivity=0 mPhoneSignalIconId=0x7f020417/com.android.systemui:drawable/stat_sys_signal_3_auto_rotate mQSPhoneSignalIconId=0x7f020113/com.android.systemui:drawable/ic_qs_signal_3 mDataDirectionIconId=0x0/(null) mDataSignalIconId=0x7f020417/com.android.systemui:drawable/stat_sys_signal_3_auto_rotate mDataTypeIconId=0x7f0202b3/com.android.systemui:drawable/stat_sys_data_connected_4g mQSDataTypeIconId=0x7f020116/com.android.systemui:drawable/ic_qs_signal_4g mNoSimIconId=0x0/(null) mWifiIconId=0x7f020497/com.android.systemui:drawable/stat_sys_wifi_signal_4 mQSWifiIconId=0x7f02012b/com.android.systemui:drawable/ic_qs_wifi_4 mWifiActivityIconId=0x7f020468/com.android.systemui:drawable/stat_sys_signal_inout mBluetoothTetherIconId=0x1080907/android:drawable/stat_sys_tether_bluetooth
V/AlarmManager(  901): waitForAlarm result :4
I/System.out( 4361): tr calls detatch()
D/SecurityLogAgent:SEDenialService(  901): Got Modify Event and sending Denial Intent foraudit.log
E/auditd  ( 2252): In denial and Property audit_ondenial is set to 1 
W/ContextImpl(  901): Calling a method in the system process without a qualified user: android.app.ContextImpl.sendBroadcast:1629 com.android.server.SEDenialService$AuditFileObserver.onEvent:76 android.os.FileObserver$ObserverThread.onEvent:122 android.os.FileObserver$ObserverThread.observe:-2 android.os.FileObserver$ObserverThread.run:85 
E/audit   ( 2252): type=1400 msg=audit(1462421910.224:918): avc:  denied  { read } for  pid=6390 comm="qrngd" name="hw_random" dev="tmpfs" ino=10383 scontext=u:r:qrngd:s0 tcontext=u:object_r:hw_random_device:s0 tclass=chr_file
D/SecurityLogAgent:SEDenialService(  901): audit.ondenial set to 0 after sending samsung.intent.action.knox.DENIAL_NOTIFICATION intent
E/audit   ( 2252):  SEPF_SM-G900I_5.0-1_0038
E/audit   ( 2252): 
E/audit   ( 2252): type=1300 msg=audit(1462421910.224:918): arch=40000028 syscall=322 per=800000 success=no exit=-13 a0=ffffff9c a1=bef7e6a0 a2=20000 a3=0 items=1 ppid=1 pid=6390 auid=4294967295 uid=1000 gid=1000 euid=1000 suid=1000 fsuid=1000 egid=1000 sgid=1000 fsgid=1000 tty=(none) ses=4294967295 comm="qrngd" exe="/system/bin/qrngd" subj=u:r:qrngd:s0 key=(null)
E/audit   ( 2252): type=1307 msg=audit(1462421910.224:918):  cwd="/"
E/audit   ( 2252): type=1302 msg=audit(1462421910.224:918): item=0 name="/dev/hw_random" inode=10383 dev=00:0b mode=020640 ouid=0 ogid=1000 rdev=0a:b7 obj=u:object_r:hw_random_device:s0
E/audit   ( 2252): type=1320 msg=audit(1462421910.224:918): 
D/SecurityLogAgent( 8155):  SeDenialReceiver : Intent Received : samsung.intent.action.knox.DENIAL_NOTIFICATION
D/SecurityLogAgent( 8155):  SeDenialReceiver : File path = null
D/StatusBar.NetworkController( 1181): onSignalStrengthsChanged signalStrength=SignalStrength: 99 99 -120 -160 -120 -1 -1 18 -100 -7 64 -1 2147483647 0x3000 gsm|lte level=3
D/StatusBar.NetworkController( 1181): updateTelephonySignalStrength: hasService=true ss=SignalStrength: 99 99 -120 -160 -120 -1 -1 18 -100 -7 64 -1 2147483647 0x3000 gsm|lte
D/StatusBar.NetworkController( 1181): updateTelephonySignalStrength: iconLevel=3
D/StatusBar.NetworkController( 1181): updateTelephonySignalStrength, No signal level. mPhoneSignalIconId = com.android.systemui:drawable/stat_sys_signal_3_auto_rotate mDataSignalIconId = com.android.systemui:drawable/stat_sys_signal_3_auto_rotate mQSPhoneSignalIconId = com.android.systemui:drawable/ic_qs_signal_3 mContentDescriptionPhoneSignal = Phone three bars.
D/StatusBar.NetworkController( 1181): refreshViews connected={ wifi } level=3 combinedSignalIconId=0x7f020497/com.android.systemui:drawable/stat_sys_wifi_signal_4 mobileLabel=Telstra wifiLabel="ianaf4you"xxxxXXXXxxxxXXXX emergencyOnly=false combinedLabel="ianaf4you"xxxxXXXXxxxxXXXX mAirplaneMode=false mDataActivity=0 mPhoneSignalIconId=0x7f020417/com.android.systemui:drawable/stat_sys_signal_3_auto_rotate mQSPhoneSignalIconId=0x7f020113/com.android.systemui:drawable/ic_qs_signal_3 mDataDirectionIconId=0x0/(null) mDataSignalIconId=0x7f020417/com.android.systemui:drawable/stat_sys_signal_3_auto_rotate mDataTypeIconId=0x7f0202b3/com.android.systemui:drawable/stat_sys_data_connected_4g mQSDataTypeIconId=0x7f020116/com.android.systemui:drawable/ic_qs_signal_4g mNoSimIconId=0x0/(null) mWifiIconId=0x7f020497/com.android.systemui:drawable/stat_sys_wifi_signal_4 mQSWifiIconId=0x7f02012b/com.android.systemui:drawable/ic_qs_wifi_4 mWifiActivityIconId=0x7f020468/com.android.systemui:drawable/stat_sys_signal_inout mBluetoothTetherIconId=0x1080907/android:drawable/stat_sys_tether_bluetooth
I/ActivityManager(  901): Killing 3964:com.android.vending/u0a34 (adj 15): emptyCount ##36
I/System.out( 4361): tr calls detatch()
D/ActivityManager(  901): startService callerProcessName:com.sec.spp.push, calleePkgName: com.sec.spp.push
D/ConnectivityService(  901): returning getActiveNetworkInfo :[type: WIFI[] - WIFI, state: CONNECTED/CONNECTED, reason: (unspecified), extra: "ianaf4you", roaming: false, failover: false, isAvailable: true, isConnectedToProvisioningNetwork: false]
D/InputReader(  901): Input event: value=1
I/InputReader(  901): Touch event's action is 0x0 (deviceType=0) [pCnt=1, s=0.245 ] when=2652998695000
I/InputDispatcher(  901): Delivering touch to (1181): action: 0x4, toolType: 1
I/InputDispatcher(  901): Delivering touch to (1492): action: 0x0, toolType: 1
I/InputDispatcher(  901): Delivering touch to (1352): action: 0x0, toolType: 1
D/ViewRootImpl( 1492): ViewPostImeInputStage ACTION_DOWN
D/CustomFrequencyManagerService(  901): acquireDVFSLockLocked : type : DVFS_MIN_LIMIT  frequency : 2457600  uid : 1000  pid : 901  pkgName : com.sec.android.app.launcher@1
D/InputReader(  901): Input event: value=0
I/InputReader(  901): Touch event's action is 0x1 (deviceType=0) [pCnt=1, s=] when=2653109295000
I/InputDispatcher(  901): Delivering touch to (1492): action: 0x1, toolType: 1
I/InputDispatcher(  901): Delivering touch to (1352): action: 0x1, toolType: 1
D/CustomFrequencyManagerService(  901): releaseDVFSLockLocked : Getting Lock type frm List : DVFS_MIN_LIMIT  frequency : 2457600  uid : 1000  pid : 901  tag : com.sec.android.app.launcher@1
W/BroadcastQueue(  901): Permission Denial: broadcasting Intent { act=com.samsung.android.providers.context.log.action.USE_APP_FEATURE_SURVEY flg=0x10 pkg=com.samsung.android.providers.context (has extras) } from com.sec.android.app.launcher (pid=1492, uid=10009) requires com.samsung.android.providers.context.permission.WRITE_USE_APP_FEATURE_SURVEY due to receiver com.samsung.android.providers.context/.ContextLogBroadcastReceiver
D/StatusBar.NetworkController( 1181): onSignalStrengthsChanged signalStrength=SignalStrength: 99 99 -120 -160 -120 -1 -1 18 -101 -7 76 -1 2147483647 0x2000 gsm|lte level=2
D/StatusBar.NetworkController( 1181): updateTelephonySignalStrength: hasService=true ss=SignalStrength: 99 99 -120 -160 -120 -1 -1 18 -101 -7 76 -1 2147483647 0x2000 gsm|lte
D/StatusBar.NetworkController( 1181): updateTelephonySignalStrength: iconLevel=2
D/StatusBar.NetworkController( 1181): updateTelephonySignalStrength, No signal level. mPhoneSignalIconId = com.android.systemui:drawable/stat_sys_signal_2_auto_rotate mDataSignalIconId = com.android.systemui:drawable/stat_sys_signal_2_auto_rotate mQSPhoneSignalIconId = com.android.systemui:drawable/ic_qs_signal_2 mContentDescriptionPhoneSignal = Phone two bars.
D/StatusBar.NetworkController( 1181): refreshViews connected={ wifi } level=2 combinedSignalIconId=0x7f020497/com.android.systemui:drawable/stat_sys_wifi_signal_4 mobileLabel=Telstra wifiLabel="ianaf4you"xxxxXXXXxxxxXXXX emergencyOnly=false combinedLabel="ianaf4you"xxxxXXXXxxxxXXXX mAirplaneMode=false mDataActivity=0 mPhoneSignalIconId=0x7f0203f0/com.android.systemui:drawable/stat_sys_signal_2_auto_rotate mQSPhoneSignalIconId=0x7f020112/com.android.systemui:drawable/ic_qs_signal_2 mDataDirectionIconId=0x0/(null) mDataSignalIconId=0x7f0203f0/com.android.systemui:drawable/stat_sys_signal_2_auto_rotate mDataTypeIconId=0x7f0202b3/com.android.systemui:drawable/stat_sys_data_connected_4g mQSDataTypeIconId=0x7f020116/com.android.systemui:drawable/ic_qs_signal_4g mNoSimIconId=0x0/(null) mWifiIconId=0x7f020497/com.android.systemui:drawable/stat_sys_wifi_signal_4 mQSWifiIconId=0x7f02012b/com.android.systemui:drawable/ic_qs_wifi_4 mWifiActivityIconId=0x7f020468/com.android.systemui:drawable/stat_sys_signal_inout mBluetoothTetherIconId=0x1080907/android:drawable/stat_sys_tether_bluetooth
D/StatusBar.NetworkController( 1181): refreshSignalCluster - setNWBoosterIndicators(false)
D/StatusBar.NetworkController( 1181): applyOpen
D/StatusBar.NetworkController( 1181): refreshSignalCluster - setNWBoosterIndicators(false)
D/StatusBar.NetworkController( 1181): applyOpen
D/StatusBar.NetworkController( 1181): refreshSignalCluster - setNWBoosterIndicators(false)
D/StatusBar.NetworkController( 1181): applyOpen
D/StatusBar.NetworkController( 1181): refreshSignalCluster - setNWBoosterIndicators(false)
D/StatusBar.NetworkController( 1181): applyOpen
D/SurfaceWidgetClient$ISurfaceWidgetStub( 2075): [237392/6] Surface widget visibility changed visibility = false on instance = 1
I/System.out( 4361): tr calls detatch()
D/InputReader(  901): Input event: value=1
I/InputReader(  901): Touch event's action is 0x0 (deviceType=0) [pCnt=1, s=0.246 ] when=2653723771000
I/InputDispatcher(  901): Delivering touch to (1181): action: 0x4, toolType: 1
I/InputDispatcher(  901): Delivering touch to (1492): action: 0x0, toolType: 1
I/InputDispatcher(  901): Delivering touch to (1352): action: 0x0, toolType: 1
D/ViewRootImpl( 1492): ViewPostImeInputStage ACTION_DOWN
D/CustomFrequencyManagerService(  901): acquireDVFSLockLocked : type : DVFS_MIN_LIMIT  frequency : 2457600  uid : 1000  pid : 901  pkgName : com.sec.android.app.launcher@1
D/InputReader(  901): Input event: value=0
I/InputReader(  901): Touch event's action is 0x1 (deviceType=0) [pCnt=1, s=] when=2653832825000
I/InputDispatcher(  901): Delivering touch to (1492): action: 0x1, toolType: 1
I/InputDispatcher(  901): Delivering touch to (1352): action: 0x1, toolType: 1
D/CustomFrequencyManagerService(  901): releaseDVFSLockLocked : Getting Lock type frm List : DVFS_MIN_LIMIT  frequency : 2457600  uid : 1000  pid : 901  tag : com.sec.android.app.launcher@1
I/WifiStateMachine(  901): CMD_RSSI_POLL : calculateWifiScore in!
I/WifiStateMachine(  901): CMD_RSSI_POLL : calculateWifiScore out!
I/WifiStateMachine(  901): CMD_RSSI_POLL : out!
D/InputReader(  901): Input event: value=1
I/InputReader(  901): Touch event's action is 0x0 (deviceType=0) [pCnt=1, s=0.247 ] when=2654305605000
I/InputDispatcher(  901): Delivering touch to (1181): action: 0x4, toolType: 1
I/InputDispatcher(  901): Delivering touch to (1492): action: 0x0, toolType: 1
I/InputDispatcher(  901): Delivering touch to (1352): action: 0x0, toolType: 1
D/ViewRootImpl( 1492): ViewPostImeInputStage ACTION_DOWN
D/CustomFrequencyManagerService(  901): acquireDVFSLockLocked : type : DVFS_MIN_LIMIT  frequency : 2457600  uid : 1000  pid : 901  pkgName : com.sec.android.app.launcher@1
D/InputReader(  901): Input event: value=0
I/InputReader(  901): Touch event's action is 0x1 (deviceType=0) [pCnt=1, s=] when=2654382138000
I/InputDispatcher(  901): Delivering touch to (1492): action: 0x1, toolType: 1
I/InputDispatcher(  901): Delivering touch to (1352): action: 0x1, toolType: 1
I/PCWCLIENTTRACE_SYSTEMReceiver( 6020): mConnectivityHandler : connected
D/CustomFrequencyManagerService(  901): releaseDVFSLockLocked : Getting Lock type frm List : DVFS_MIN_LIMIT  frequency : 2457600  uid : 1000  pid : 901  tag : com.sec.android.app.launcher@1
D/ConnectivityService(  901): returning getActiveNetworkInfo :[type: WIFI[] - WIFI, state: CONNECTED/CONNECTED, reason: (unspecified), extra: "ianaf4you", roaming: false, failover: false, isAvailable: true, isConnectedToProvisioningNetwork: false]
W/PCWCLIENTTRACE_AccountUtil( 6020): [hasSamungAccount] - No Samsung Account
I/PCWCLIENTTRACE_SecurePreferencesJNI( 6020): [GetString-S]
I/ReactiveServiceManager( 6020): Supported : 1
D/QSEECOMAPI: (  901): QSEECom_get_handle sb_length = 0x2040
D/QSEECOMAPI: (  901): App is not loaded in QSEE
D/QSEECOMAPI: (  901): Loaded image: APP id = 5
D/QSEECOMAPI: (  901): QSEECom_dealloc_memory 
D/QSEECOMAPI: (  901): QSEECom_shutdown_app, app_id = 5
E/terrier (  901): handleString: Failed to handle string(-4)
E/terrier (  901): Java_com_android_server_ReactiveService_GetString: error code = [-4]
D/PCWCLIENTTRACE_SecurePreferencesJNI( 6020): getString is null
I/PCWCLIENTTRACE_SecurePreferencesJNI( 6020): [GetString-E]
I/PCWCLIENTTRACE_PushUtil( 6020): SPPPushClient is installed : true
I/PCWCLIENTTRACE_PushUtil( 6020): sales region : global
D/PCWCLIENTTRACE_GCMReceiver( 6020): PACKAGE NAME :com.google.android.gsf
I/PCWCLIENTTRACE_PushUtil( 6020): getPushTypeList : [SPP, GCM]
E/PCWCLIENTTRACE_PCWHandler( 6020): [ensureRegistration] - No Samsung account
I/System.out( 4361): tr calls detatch()
D/SSRM:m  (  901): SIOP:: AP = 260, PST = 225, CUR = 450
D/InputReader(  901): Input event: value=1
I/InputReader(  901): Touch event's action is 0x0 (deviceType=0) [pCnt=1, s=0.248 ] when=2655382312000
I/InputDispatcher(  901): Delivering touch to (1181): action: 0x4, toolType: 1
I/InputDispatcher(  901): Delivering touch to (1492): action: 0x0, toolType: 1
I/InputDispatcher(  901): Delivering touch to (1352): action: 0x0, toolType: 1
D/ViewRootImpl( 1492): ViewPostImeInputStage ACTION_DOWN
D/CustomFrequencyManagerService(  901): acquireDVFSLockLocked : type : DVFS_MIN_LIMIT  frequency : 2457600  uid : 1000  pid : 901  pkgName : com.sec.android.app.launcher@1
D/InputReader(  901): Input event: value=0
I/InputReader(  901): Touch event's action is 0x1 (deviceType=0) [pCnt=1, s=] when=2655458291000
I/InputDispatcher(  901): Delivering touch to (1492): action: 0x1, toolType: 1
I/InputDispatcher(  901): Delivering touch to (1352): action: 0x1, toolType: 1
D/CustomFrequencyManagerService(  901): releaseDVFSLockLocked : Getting Lock type frm List : DVFS_MIN_LIMIT  frequency : 2457600  uid : 1000  pid : 901  tag : com.sec.android.app.launcher@1
D/CustomFrequencyManagerService(  901): acquireDVFSLockLocked : type : DVFS_MIN_LIMIT  frequency : 2457600  uid : 1000  pid : 901  pkgName : LAUNCHER_APP_BOOSTER_CPU@42
I/Timeline( 1492): Timeline: Activity_launch_request id:org.smap.smapTask.android time:2655508
E/PersonaManagerService(  901): inState():  stateMachine is null !!
I/PersonaManagerService(  901): PersonaId don't exist
I/ActivityManager(  901): do not start freezing screen for locked container getKeyguardshowstate = false
D/CustomFrequencyManagerService(  901): acquireDVFSLockLocked : type : DVFS_MIN_LIMIT  frequency : 2457600  uid : 1000  pid : 901  pkgName : LAUNCHER_APP_BOOSTER_CPU@12
V/ApplicationPolicy(  901): isApplicationStateBlocked userId 0 pkgname org.smap.smapTask.android
D/ResourcesManager(  901): creating new AssetManager and set to /data/app/org.smap.smapTask.android-1/base.apk
I/ActivityManager(  901): START u0 {act=android.intent.action.MAIN cat=[android.intent.category.LAUNCHER] flg=0x10200000 cmp=org.smap.smapTask.android/.activities.SplashScreenActivity} from uid 10009 on display 0
D/Launcher.HomeView( 1492): onPause
D/Launcher( 1492): Launcher::setSystemUiTransparency(): getSystemUiVisibility() after setting  = 40000000
W/ResourcesManager(  901): Asset path '/system/framework/com.google.android.maps.jar' does not exist or contains no resources.
D/CustomFrequencyManagerService(  901): acquireDVFSLockLocked : type : DVFS_MIN_LIMIT  frequency : 1958400  uid : 1000  pid : 901  pkgName : ACTIVITY_RESUME_BOOSTER@6
W/ActivityManager(  901): mDVFSHelper.acquire()
D/FocusedStackFrame(  901): Set to : 0
V/TaskCloserActivity( 6330): TaskCloserActivity onReceive() - com.sec.android.intent.action.HOME_PAUSE
D/StatusBarManagerService(  901): manageDisableList userId=0 what=0x0 pkg=WindowManager.LayoutParams
D/ConnectivityService(  901): returning getNetworkInfo(networkType - 1) :[type: WIFI[] - WIFI, state: CONNECTED/CONNECTED, reason: (unspecified), extra: "ianaf4you", roaming: false, failover: false, isAvailable: true, isConnectedToProvisioningNetwork: false]
V/BitmapFactory( 6275): DecodeImagePath(decodeResourceStream3) : res/drawable-hdpi-v4/ic_launcher.png
I/Timeline( 6275): Timeline: Activity_launch_request id:org.smap.smapTask.android time:2655589
E/PersonaManagerService(  901): inState():  stateMachine is null !!
I/PersonaManagerService(  901): Failed to execute isKioskModeEnabled. java.lang.SecurityException: You need MANAGE_USERS permission to: query user
I/ActivityManager(  901): do not start freezing screen for locked container getKeyguardshowstate = false
D/Activity( 6275): performCreate Call secproduct feature valuefalse
D/Activity( 6275): performCreate Call debug elastic valuetrue
I/SQLiteSecureOpenHelper(28970): getWritableDatabase(pwd)
I/SQLiteSecureOpenHelper(28970): getDatabaseLocked(b,b,pwd)...
V/WindowOrientationListener(  901): mSContextAutoRotationListener.getProposedRotation, mbResultFaceDectection: false
V/WindowOrientationListener(  901): mSContextAutoRotationListener.getProposedRotation, Rotation: 0
V/WindowOrientationListener(  901): mSContextAutoRotationListener.getProposedRotation, mbResultFaceDectection: false
V/WindowOrientationListener(  901): mSContextAutoRotationListener.getProposedRotation, Rotation: 0
I/ActivityManager(  901): START u0 {cmp=org.smap.smapTask.android/.activities.MainTabsActivity} from uid 10080 on display 0
D/CustomFrequencyManagerService(  901): releaseDVFSLockLocked : Getting Lock type frm List : DVFS_MIN_LIMIT  frequency : 1958400  uid : 1000  pid : 901  tag : ACTIVITY_RESUME_BOOSTER@6
D/CustomFrequencyManagerService(  901): acquireDVFSLockLocked : type : DVFS_MIN_LIMIT  frequency : 1958400  uid : 1000  pid : 901  pkgName : ACTIVITY_RESUME_BOOSTER@6
W/ActivityManager(  901): mDVFSHelper.acquire()
D/CustomFrequencyManagerService(  901): FrequencyrequestList.getNextMaxCPUCoreRequest, index: 0
V/WindowManager(  901): rotationForOrientationLw(orient=-1, last=0); user=0 USER_ROTATION_LOCKED sensorRotation=0 mLidState=-1 mDockMode=0 mHdmiPlugged=false
I/SQLiteSecureOpenHelper(28970): getWritableDatabase(pwd)
I/SQLiteSecureOpenHelper(28970): getDatabaseLocked(b,b,pwd)...
V/BitmapFactory( 6275): DecodeImagePath(decodeResourceStream3) : res/drawable-xxhdpi-v4/sym_def_app_icon.png
V/BitmapFactory( 6275): DecodeImagePath(decodeResourceStream3) : res/drawable-hdpi-v4/ic_launcher.png
V/BitmapFactory( 6275): DecodeImagePath(decodeResourceStream3) : res/drawable-xxhdpi-v4/ic_ab_back_holo_light_am.png
V/BitmapFactory( 6275): DecodeImagePath(decodeResourceStream3) : res/drawable-xxhdpi-v4/sym_def_app_icon.png
W/ActivityManager(  901): Bad activity token: android.os.BinderProxy@330e6e2
W/ActivityManager(  901): java.lang.ClassCastException: android.os.BinderProxy cannot be cast to com.android.server.am.ActivityRecord$Token
W/ActivityManager(  901): 	at com.android.server.am.ActivityRecord.forToken(ActivityRecord.java:423)
W/ActivityManager(  901): 	at com.android.server.am.ActivityRecord.isInStackLocked(ActivityRecord.java:1276)
W/ActivityManager(  901): 	at com.android.server.am.ActivityRecord.getStackLocked(ActivityRecord.java:1284)
W/ActivityManager(  901): 	at com.android.server.am.ActivityManagerService.getActivityDisplayId(ActivityManagerService.java:10990)
W/ActivityManager(  901): 	at android.app.ActivityManagerNative.onTransact(ActivityManagerNative.java:2324)
W/ActivityManager(  901): 	at com.android.server.am.ActivityManagerService.onTransact(ActivityManagerService.java:3021)
W/ActivityManager(  901): 	at android.os.Binder.execTransact(Binder.java:446)
W/ActivityManager(  901): Bad activity token: android.os.BinderProxy@330e6e2
W/ActivityManager(  901): java.lang.ClassCastException: android.os.BinderProxy cannot be cast to com.android.server.am.ActivityRecord$Token
W/ActivityManager(  901): 	at com.android.server.am.ActivityRecord.forToken(ActivityRecord.java:423)
W/ActivityManager(  901): 	at com.android.server.am.ActivityRecord.isInStackLocked(ActivityRecord.java:1276)
W/ActivityManager(  901): 	at com.android.server.am.ActivityManagerService.setTaskDescription(ActivityManagerService.java:10612)
W/ActivityManager(  901): 	at android.app.ActivityManagerNative.onTransact(ActivityManagerNative.java:2388)
W/ActivityManager(  901): 	at com.android.server.am.ActivityManagerService.onTransact(ActivityManagerService.java:3021)
W/ActivityManager(  901): 	at android.os.Binder.execTransact(Binder.java:446)
V/BitmapFactory( 6275): DecodeImagePath(decodeResourceStream3) : res/drawable-xxhdpi-v4/ic_menu_edit.png
V/BitmapFactory( 6275): DecodeImagePath(decodeResourceStream3) : res/drawable-xxhdpi-v4/ic_menu_rotate.png
V/BitmapFactory( 6275): DecodeImagePath(decodeResourceStream3) : res/drawable-xxhdpi-v4/ic_form.png
V/BitmapFactory( 6275): DecodeImagePath(decodeResourceStream3) : res/drawable-xhdpi-v4/notes.png
V/BitmapFactory( 6275): DecodeImagePath(decodeResourceStream3) : res/drawable-xxhdpi-v4/ic_task_open.png
V/BitmapFactory( 6275): DecodeImagePath(decodeResourceStream3) : res/drawable-xxhdpi-v4/ic_task_done.png
D/Activity( 6275): performCreate Call secproduct feature valuefalse
D/Activity( 6275): performCreate Call debug elastic valuetrue
W/ActivityManager(  901): Bad activity token: android.os.BinderProxy@330e6e2
W/ActivityManager(  901): java.lang.ClassCastException: android.os.BinderProxy cannot be cast to com.android.server.am.ActivityRecord$Token
W/ActivityManager(  901): 	at com.android.server.am.ActivityRecord.forToken(ActivityRecord.java:423)
W/ActivityManager(  901): 	at com.android.server.am.ActivityRecord.isInStackLocked(ActivityRecord.java:1276)
W/ActivityManager(  901): 	at com.android.server.am.ActivityManagerService.getActivityOptions(ActivityManagerService.java:13163)
W/ActivityManager(  901): 	at android.app.ActivityManagerNative.onTransact(ActivityManagerNative.java:1779)
W/ActivityManager(  901): 	at com.android.server.am.ActivityManagerService.onTransact(ActivityManagerService.java:3021)
W/ActivityManager(  901): 	at android.os.Binder.execTransact(Binder.java:446)
W/ActivityManager(  901): Bad activity token: android.os.BinderProxy@330e6e2
W/ActivityManager(  901): java.lang.ClassCastException: android.os.BinderProxy cannot be cast to com.android.server.am.ActivityRecord$Token
W/ActivityManager(  901): 	at com.android.server.am.ActivityRecord.forToken(ActivityRecord.java:423)
W/ActivityManager(  901): 	at com.android.server.am.ActivityRecord.isInStackLocked(ActivityRecord.java:1276)
W/ActivityManager(  901): 	at com.android.server.am.ActivityManagerService.getActivityOptions(ActivityManagerService.java:13163)
W/ActivityManager(  901): 	at android.app.ActivityManagerNative.onTransact(ActivityManagerNative.java:1779)
W/ActivityManager(  901): 	at com.android.server.am.ActivityManagerService.onTransact(ActivityManagerService.java:3021)
W/ActivityManager(  901): 	at android.os.Binder.execTransact(Binder.java:446)
D/AbsListView( 6275): Get MotionRecognitionManager
D/MotionRecognitionService(  901):  ssp status : true
I/SmapTaskLoader( 6275): +++++++ forceLoad
I/SmapTaskLoader( 6275): +++++++ onForceLoad
I/MainListActivity( 6275): onStart============================
D/LocationManagerService(  901): request 2cd2bd30 gps Request[ACCURACY_FINE gps requested=+10s0ms fastest=+10s0ms] from org.smap.smapTask.android(10080)
D/LocationManagerService(  901): provider request: gps ProviderRequest[ON interval=+10s0ms]
I/MainTabsActivity( 6275): Creating Maps Activity
D/GpsLocationProvider(  901): setRequest ProviderRequest[ON interval=+10s0ms]
D/GpsLocationProvider(  901): startNavigating, singleShot is false
D/GpsLocationProvider_ex(  901): Data state true
D/GpsLocationProvider_ex(  901): getSKAFEnable : false
D/GpsLocationProvider(  901): setting position_mode to MS_BASED
E/        (  901): E/open failed: /dev/mdm: No such file or directory
E/LocSvc_utils_cfg(  901): W/loc_read_sec_gps_conf: no secgps conf file, using defaults
E/LocSvc_ApiV02(  901): I/virtual loc_api_adapter_err LocApiV02::startFix(const LocPosMode&):425]: position_mode=1.
E/LocSvc_ApiV02(  901): I/<--- void globalRespCb(locClientHandleType, uint32_t, locClientRespIndUnionType, void*) line 125 QMI_LOC_SET_OPERATION_MODE_REQ_V02
E/LocSvc_ApiV02(  901): E/virtual loc_api_adapter_err LocApiV02::startFix(const LocPosMode&):507]:start_mode = not standalone, acc will set as eQMI_LOC_ACCURACY_MED_V02
D/Activity( 6275): performCreate Call secproduct feature valuefalse
D/Activity( 6275): performCreate Call debug elastic valuetrue
D/OpenGLRenderer( 6275): Render dirty regions requested: true
D/ActivityManager(  901): post active user change for 0
D/KnoxTimeoutHandler(  901): postActiveUserChange for user 0
D/KnoxTimeoutHandler(  901): handleActiveUserChange for user 0
I/SurfaceFlinger(  258): id=79 createSurf (1080x1920),1 flag=404, org.smap.smapTask.android/org.smap.smapTask.android.activities.MainTabsActivity
D/StatusBarManagerService(  901): manageDisableList userId=0 what=0x0 pkg=WindowManager.LayoutParams
I/Adreno-EGL( 6275): <qeglDrvAPI_eglInitialize:410>: EGL 1.4 QUALCOMM build:  ()
I/Adreno-EGL( 6275): OpenGL ES Shader Compiler Version: E031.25.01.03
I/Adreno-EGL( 6275): Build Date: 03/03/15 Tue
I/Adreno-EGL( 6275): Local Branch: LA.BF.1.1_RB1_20150108_025_1077123_1158499
I/Adreno-EGL( 6275): Remote Branch: 
I/Adreno-EGL( 6275): Local Patches: 
I/Adreno-EGL( 6275): Reconstruct Branch: 
I/OpenGLRenderer( 6275): Initialized EGL, version 1.4
I/OpenGLRenderer( 6275): HWUI protection enabled for context ,  &this =0xafb090d8 ,&mEglDisplay = 1 , &mEglConfig = 8 
D/OpenGLRenderer( 6275): Enabling debug mode 0
I/SurfaceFlinger(  258): id=80 createSurf (1x1),1 flag=4, Toast
D/PowerManagerService(  901): [api] acquire WakeLock flags=0x2000000a tag=WindowManager uid=1000 pid=901
D/SurfaceWidgetView( 1492): destroyHardwareResources():489448228
I/ActivityManager(  901): Displayed org.smap.smapTask.android/.activities.MainTabsActivity: +328ms (total +396ms)
D/StatusBarManagerService(  901): manageDisableList userId=0 what=0x0 pkg=WindowManager.LayoutParams
D/InputMethodManagerService(  901): windowGainedFocus mCurrentFocusedUserId - 0 and mSecureKeypadEnabled-false
E/LocSvc_ApiV02(  901): I/<--- void globalEventCb(locClientHandleType, uint32_t, locClientEventIndUnionType, void*) line 99 QMI_LOC_EVENT_ENGINE_STATE_IND_V02
V/GpsLocationProvider(  901): reportStatus status: 3
V/GpsLocationProvider(  901): reportStatus status: 1
D/GpsLocationProvider(  901): send an intent to notify GPS has been enabled or disabled mNavigating = true
I/PassiveLocTracker(  901): GPS Started
I/CLocInfoService(  901): GPS Status : gpson
W/ContextImpl(  901): Calling a method in the system process without a qualified user: android.app.ContextImpl.sendBroadcast:1629 com.android.server.InputMethodManagerService$6.run:2728 java.lang.Thread.run:818 <bottom of call stack> <bottom of call stack> 
I/CpLocTracker(  901): Mode : 3 Param Data = 1
I/CpLocTracker(  901): Sent INT Data, mode : 3
I/Timeline(  901): Timeline: Activity_windows_visible id: ActivityRecord{3e8317d7 u0 org.smap.smapTask.android/.activities.MainTabsActivity t4987} time:2655958
D/CustomFrequencyManagerService(  901): releaseDVFSLockLocked : Getting Lock type frm List : DVFS_MIN_LIMIT  frequency : 1958400  uid : 1000  pid : 901  tag : ACTIVITY_RESUME_BOOSTER@6
W/ActivityManager(  901): mDVFSHelper.release()
D/CustomFrequencyManagerService(  901): acquireDVFSLockLocked : type : DVFS_MIN_LIMIT  frequency : 1958400  uid : 1000  pid : 901  pkgName : ACTIVITY_RESUME_BOOSTER@10
I/SurfaceFlinger(  258): id=75 Removed com.sec.android.app.launcher/com.android.launcher2.Launcher (4/9)
I/SurfaceFlinger(  258): id=75 Removed com.sec.android.app.launcher/com.android.launcher2.Launcher (-2/9)
D/ApplicationPolicy(  901): isStatusBarNotificationAllowedAsUser: packageName = com.android.systemui,userId = -1
V/ApplicationPolicy(  901): isApplicationStateBlocked userId -1 pkgname com.android.systemui
I/Timeline( 6275): Timeline: Activity_idle id: android.os.BinderProxy@24a3afc2 time:2655968
I/System.out( 4361): tr calls detatch()
I/ValidateNoPeople(  901): skipping global notification
D/WindowManager(  901): showStatusBarByNotification() mOpenByNotification=false
I/CpLocTracker(  901): receive response
D/Launcher.HomeView( 1492): onStop
D/Launcher( 1492): onTrimMemory. Level: 20
D/SurfaceWidgetClient$ISurfaceWidgetStub( 2075): [237392/6] Surface widget visibility changed visibility = false on instance = 1
E/LocSvc_ApiV02(  901): I/<--- void globalEventCb(locClientHandleType, uint32_t, locClientEventIndUnionType, void*) line 99 QMI_LOC_EVENT_GNSS_SV_INFO_IND_V02
D/GpsLocationProvider_ex(  901): SV Count : 12      (PRN, SNR, Elevation, Azimuth, Used)
D/GpsLocationProvider_ex(  901): (8, 15.4, 27.0, 227.0, 0) (10, 17.3, 70.0, 212.0, 0) (14, 33.3, 36.0, 355.0, 0) (15, 30.5, 12.0, 136.0, 0) (18, 18.3, 49.0, 132.0, 0) (21, 26.5, 39.0, 73.0, 0) 
D/GpsLocationProvider_ex(  901): (24, 23.8, 11.0, 101.0, 0) (27, 18.2, 52.0, 255.0, 0) (32, 30.5, 42.0, 352.0, 0) (86, 26.5, 45.0, 28.0, 0) (65, 17.5, 32.0, 298.0, 0) (71, 26.2, 32.0, 146.0, 0) 
I/PassiveLocTracker(  901): GPS Satllite Status
D/KnoxNotification( 1181): ----- inflateViews : modified publicViewLocal -----
D/KnoxNotification( 1181): ----- inflateViews : modified KnoxViewLocal -----
D/PersonaManager( 1181): PersonaID is invalid or persona doesn't exists. : -1
D/SecContentProvider2(  901): uri = 14 selection = getSealedState
D/SecContentProvider2(  901): mCursor = null
D/SecContentProvider2(  901): KnoxCustomManagerService offline: service is not available
D/PhoneStatusBar( 1181): tick(): knoxCustomManager = android.app.enterprise.knoxcustom.KnoxCustomManager@2a98fa77
D/LockPatternUtilsCache( 1181): getCarrierLockPlusMode()
D/LockPatternUtilsCache( 1181): value : false
D/PanelView( 1181): There is/are notification(s) 
D/LockPatternUtilsCache( 1181): getCarrierLockPlusMode()
D/LockPatternUtilsCache( 1181): value : false
D/PanelView( 1181): There is/are notification(s) 
