D/CustomFrequencyManagerService(  901): releaseDVFSLockLocked : Getting Lock type frm List : DVFS_MIN_LIMIT  frequency : 1958400  uid : 1000  pid : 901  tag : ACTIVITY_RESUME_BOOSTER@10
D/CustomFrequencyManagerService(  901): releaseDVFSLockLocked : Getting Lock type frm List : DVFS_MIN_LIMIT  frequency : 2457600  uid : 1000  pid : 901  tag : LAUNCHER_APP_BOOSTER_CPU@42
D/CustomFrequencyManagerService(  901): FrequencyrequestList.getNextMaxCPUCoreRequest, index: 1
D/CustomFrequencyManagerService(  901): releaseDVFSLockLocked : Getting Lock type frm List : DVFS_MIN_LIMIT  frequency : 2457600  uid : 1000  pid : 901  tag : LAUNCHER_APP_BOOSTER_CPU@12
I/System.out( 4361): tr calls detatch()
E/LocSvc_ApiV02(  901): I/<--- void globalEventCb(locClientHandleType, uint32_t, locClientEventIndUnionType, void*) line 99 QMI_LOC_EVENT_GNSS_SV_INFO_IND_V02
D/GpsLocationProvider_ex(  901): SV Count : 0      (PRN, SNR, Elevation, Azimuth, Used)
I/PassiveLocTracker(  901): GPS Satllite Status
E/audit   ( 2252): type=1400 msg=audit(1462421915.374:919): avc:  denied  { read } for  pid=6440 comm="qrngd" name="hw_random" dev="tmpfs" ino=10383 scontext=u:r:qrngd:s0 tcontext=u:object_r:hw_random_device:s0 tclass=chr_file
D/SecurityLogAgent:SEDenialService(  901): Got Modify Event and sending Denial Intent foraudit.log
E/audit   ( 2252):  SEPF_SM-G900I_5.0-1_0038
E/audit   ( 2252): 
E/audit   ( 2252): type=1300 msg=audit(1462421915.374:919): arch=40000028 syscall=322 per=800000 success=no exit=-13 a0=ffffff9c a1=bed256a0 a2=20000 a3=0 items=1 ppid=1 pid=6440 auid=4294967295 uid=1000 gid=1000 euid=1000 suid=1000 fsuid=1000 egid=1000 sgid=1000 fsgid=1000 tty=(none) ses=4294967295 comm="qrngd" exe="/system/bin/qrngd" subj=u:r:qrngd:s0 key=(null)
E/audit   ( 2252): type=1307 msg=audit(1462421915.374:919):  cwd="/"
E/audit   ( 2252): type=1302 msg=audit(1462421915.374:919): item=0 name="/dev/hw_random" inode=10383 dev=00:0b mode=020640 ouid=0 ogid=1000 rdev=0a:b7 obj=u:object_r:hw_random_device:s0
E/auditd  ( 2252): In denial and Property audit_ondenial is set to 1 
W/ContextImpl(  901): Calling a method in the system process without a qualified user: android.app.ContextImpl.sendBroadcast:1629 com.android.server.SEDenialService$AuditFileObserver.onEvent:76 android.os.FileObserver$ObserverThread.onEvent:122 android.os.FileObserver$ObserverThread.observe:-2 android.os.FileObserver$ObserverThread.run:85 
E/audit   ( 2252): type=1320 msg=audit(1462421915.374:919): 
D/SecurityLogAgent:SEDenialService(  901): audit.ondenial set to 0 after sending samsung.intent.action.knox.DENIAL_NOTIFICATION intent
D/SecurityLogAgent( 8155):  SeDenialReceiver : Intent Received : samsung.intent.action.knox.DENIAL_NOTIFICATION
D/SecurityLogAgent( 8155):  SeDenialReceiver : File path = null
I/WifiStateMachine(  901): CMD_RSSI_POLL : calculateWifiScore in!
I/WifiStateMachine(  901): CMD_RSSI_POLL : calculateWifiScore out!
I/WifiStateMachine(  901): CMD_RSSI_POLL : out!
D/PowerManagerService(  901): [api] [s] userActivity : event: 0 flags: 0 (uid: 1000 pid: 901) eventTime = 2657808
D/PowerManagerService(  901): [api] release WakeLock flags=0x2000000a tag=WindowManager uid=1000 pid=901 (0x0)
D/PowerManagerService(  901): [api] applyWakeLockFlagsOnReleaseLocked : userActivityNoUpdateLocked is called : SCREEN_BRIGHT_WAKE_LOCK        'WindowManager' ON_AFTER_RELEASE (uid=1000, pid=901, ws=WorkSource{10080}) (elapsedTime=1936)
I/System.out( 4361): tr calls detatch()
D/StatusBar.NetworkController( 1181): onSignalStrengthsChanged signalStrength=SignalStrength: 99 99 -120 -160 -120 -1 -1 18 -104 -7 54 -1 2147483647 0x2000 gsm|lte level=2
D/StatusBar.NetworkController( 1181): updateTelephonySignalStrength: hasService=true ss=SignalStrength: 99 99 -120 -160 -120 -1 -1 18 -104 -7 54 -1 2147483647 0x2000 gsm|lte
D/StatusBar.NetworkController( 1181): updateTelephonySignalStrength: iconLevel=2
D/StatusBar.NetworkController( 1181): updateTelephonySignalStrength, No signal level. mPhoneSignalIconId = com.android.systemui:drawable/stat_sys_signal_2_auto_rotate mDataSignalIconId = com.android.systemui:drawable/stat_sys_signal_2_auto_rotate mQSPhoneSignalIconId = com.android.systemui:drawable/ic_qs_signal_2 mContentDescriptionPhoneSignal = Phone two bars.
D/StatusBar.NetworkController( 1181): refreshViews connected={ wifi } level=2 combinedSignalIconId=0x7f020497/com.android.systemui:drawable/stat_sys_wifi_signal_4 mobileLabel=Telstra wifiLabel="ianaf4you"xxxxXXXXxxxxXXXX emergencyOnly=false combinedLabel="ianaf4you"xxxxXXXXxxxxXXXX mAirplaneMode=false mDataActivity=0 mPhoneSignalIconId=0x7f0203f0/com.android.systemui:drawable/stat_sys_signal_2_auto_rotate mQSPhoneSignalIconId=0x7f020112/com.android.systemui:drawable/ic_qs_signal_2 mDataDirectionIconId=0x0/(null) mDataSignalIconId=0x7f0203f0/com.android.systemui:drawable/stat_sys_signal_2_auto_rotate mDataTypeIconId=0x7f0202b3/com.android.systemui:drawable/stat_sys_data_connected_4g mQSDataTypeIconId=0x7f020116/com.android.systemui:drawable/ic_qs_signal_4g mNoSimIconId=0x0/(null) mWifiIconId=0x7f020497/com.android.systemui:drawable/stat_sys_wifi_signal_4 mQSWifiIconId=0x7f02012b/com.android.systemui:drawable/ic_qs_wifi_4 mWifiActivityIconId=0x7f020468/com.android.systemui:drawable/stat_sys_signal_inout mBluetoothTetherIconId=0x1080907/android:drawable/stat_sys_tether_bluetooth
E/LocSvc_ApiV02(  901): I/<--- void globalEventCb(locClientHandleType, uint32_t, locClientEventIndUnionType, void*) line 99 QMI_LOC_EVENT_GNSS_SV_INFO_IND_V02
D/GpsLocationProvider_ex(  901): SV Count : 1      (PRN, SNR, Elevation, Azimuth, Used)
D/GpsLocationProvider_ex(  901): (87, 21.9, 73.0, 331.0, 0) 
I/PassiveLocTracker(  901): GPS Satllite Status
E/Watchdog(  901): !@Sync 88
D/StatusBar.NetworkController( 1181): onSignalStrengthsChanged signalStrength=SignalStrength: 99 99 -120 -160 -120 -1 -1 18 -104 -7 66 -1 2147483647 0x2000 gsm|lte level=2
D/StatusBar.NetworkController( 1181): updateTelephonySignalStrength: hasService=true ss=SignalStrength: 99 99 -120 -160 -120 -1 -1 18 -104 -7 66 -1 2147483647 0x2000 gsm|lte
D/StatusBar.NetworkController( 1181): updateTelephonySignalStrength: iconLevel=2
D/StatusBar.NetworkController( 1181): updateTelephonySignalStrength, No signal level. mPhoneSignalIconId = com.android.systemui:drawable/stat_sys_signal_2_auto_rotate mDataSignalIconId = com.android.systemui:drawable/stat_sys_signal_2_auto_rotate mQSPhoneSignalIconId = com.android.systemui:drawable/ic_qs_signal_2 mContentDescriptionPhoneSignal = Phone two bars.
D/StatusBar.NetworkController( 1181): refreshViews connected={ wifi } level=2 combinedSignalIconId=0x7f020497/com.android.systemui:drawable/stat_sys_wifi_signal_4 mobileLabel=Telstra wifiLabel="ianaf4you"xxxxXXXXxxxxXXXX emergencyOnly=false combinedLabel="ianaf4you"xxxxXXXXxxxxXXXX mAirplaneMode=false mDataActivity=0 mPhoneSignalIconId=0x7f0203f0/com.android.systemui:drawable/stat_sys_signal_2_auto_rotate mQSPhoneSignalIconId=0x7f020112/com.android.systemui:drawable/ic_qs_signal_2 mDataDirectionIconId=0x0/(null) mDataSignalIconId=0x7f0203f0/com.android.systemui:drawable/stat_sys_signal_2_auto_rotate mDataTypeIconId=0x7f0202b3/com.android.systemui:drawable/stat_sys_data_connected_4g mQSDataTypeIconId=0x7f020116/com.android.systemui:drawable/ic_qs_signal_4g mNoSimIconId=0x0/(null) mWifiIconId=0x7f020497/com.android.systemui:drawable/stat_sys_wifi_signal_4 mQSWifiIconId=0x7f02012b/com.android.systemui:drawable/ic_qs_wifi_4 mWifiActivityIconId=0x7f020468/com.android.systemui:drawable/stat_sys_signal_inout mBluetoothTetherIconId=0x1080907/android:drawable/stat_sys_tether_bluetooth
I/SurfaceFlinger(  258): id=80 Removed Toast (8/8)
I/SurfaceFlinger(  258): id=80 Removed Toast (-2/8)
I/System.out( 4361): tr calls detatch()
D/ConnectivityService(  901): returning getActiveNetworkInfo :[type: WIFI[] - WIFI, state: CONNECTED/CONNECTED, reason: (unspecified), extra: "ianaf4you", roaming: false, failover: false, isAvailable: true, isConnectedToProvisioningNetwork: false]
E/LocSvc_ApiV02(  901): I/<--- void globalEventCb(locClientHandleType, uint32_t, locClientEventIndUnionType, void*) line 99 QMI_LOC_EVENT_GNSS_SV_INFO_IND_V02
D/GpsLocationProvider_ex(  901): SV Count : 1      (PRN, SNR, Elevation, Azimuth, Used)
D/GpsLocationProvider_ex(  901): (87, 21.2, 73.0, 331.0, 0) 
I/PassiveLocTracker(  901): GPS Satllite Status
D/ActivityManager(  901): startService callerProcessName:com.sec.android.app.samsungapps, calleePkgName: com.sec.android.app.samsungapps
D/PreloadUpdateManagerStateMachine( 6251): execute::IDLE:EXECUTE
D/PreloadUpdateManagerStateMachine( 6251): exit::IDLE
D/PreloadUpdateManagerStateMachine( 6251): entry::CHECK_TIMEOUT_FOR_UPDATE
I/art     (  901): Explicit concurrent mark sweep GC freed 31810(1868KB) AllocSpace objects, 6(1376KB) LOS objects, 23% free, 53MB/69MB, paused 2.034ms total 157.593ms
D/hcjo    ( 6251): AutoUpdateTriggerManager:IDLE:notifyNextTime
D/PreloadUpdateManagerStateMachine( 6251): execute::CHECK_TIMEOUT_FOR_UPDATE:NO_TIMED_OUT
D/PreloadUpdateManagerStateMachine( 6251): exit::CHECK_TIMEOUT_FOR_UPDATE
D/PreloadUpdateManagerStateMachine( 6251): entry::IDLE
D/TaskPersister(  901): removeObsoleteFile: deleting file=4950_task.xml
D/TaskPersister(  901): removeObsoleteFile: deleting file=4950_task_thumbnail.png
D/ActivityManager(  901): startService callerProcessName:com.sec.android.app.samsungapps, calleePkgName: com.sec.android.app.samsungapps
D/PreloadUpdateManagerStateMachine( 6251): execute::IDLE:EXECUTE
D/PreloadUpdateManagerStateMachine( 6251): exit::IDLE
D/PreloadUpdateManagerStateMachine( 6251): entry::CHECK_TIMEOUT_FOR_UPDATE
D/hcjo    ( 6251): AutoUpdateTriggerManager:IDLE:notifyNextTime
D/PreloadUpdateManagerStateMachine( 6251): execute::CHECK_TIMEOUT_FOR_UPDATE:NO_TIMED_OUT
D/PreloadUpdateManagerStateMachine( 6251): exit::CHECK_TIMEOUT_FOR_UPDATE
D/PreloadUpdateManagerStateMachine( 6251): entry::IDLE
I/System.out( 4361): tr calls detatch()
E/LocSvc_ApiV02(  901): I/<--- void globalEventCb(locClientHandleType, uint32_t, locClientEventIndUnionType, void*) line 99 QMI_LOC_EVENT_GNSS_SV_INFO_IND_V02
D/GpsLocationProvider_ex(  901): SV Count : 4      (PRN, SNR, Elevation, Azimuth, Used)
D/GpsLocationProvider_ex(  901): (18, 30.6, 31.0, 115.0, 0) (24, 27.6, 13.0, 122.0, 0) (87, 21.2, 73.0, 331.0, 0) (71, 27.4, 12.0, 133.0, 0) 
I/PassiveLocTracker(  901): GPS Satllite Status
D/StatusBar.NetworkController( 1181): onSignalStrengthsChanged signalStrength=SignalStrength: 99 99 -120 -160 -120 -1 -1 18 -104 -7 144 -1 2147483647 0x2000 gsm|lte level=2
D/StatusBar.NetworkController( 1181): updateTelephonySignalStrength: hasService=true ss=SignalStrength: 99 99 -120 -160 -120 -1 -1 18 -104 -7 144 -1 2147483647 0x2000 gsm|lte
D/StatusBar.NetworkController( 1181): updateTelephonySignalStrength: iconLevel=2
D/StatusBar.NetworkController( 1181): updateTelephonySignalStrength, No signal level. mPhoneSignalIconId = com.android.systemui:drawable/stat_sys_signal_2_auto_rotate mDataSignalIconId = com.android.systemui:drawable/stat_sys_signal_2_auto_rotate mQSPhoneSignalIconId = com.android.systemui:drawable/ic_qs_signal_2 mContentDescriptionPhoneSignal = Phone two bars.
D/StatusBar.NetworkController( 1181): refreshViews connected={ wifi } level=2 combinedSignalIconId=0x7f020497/com.android.systemui:drawable/stat_sys_wifi_signal_4 mobileLabel=Telstra wifiLabel="ianaf4you"xxxxXXXXxxxxXXXX emergencyOnly=false combinedLabel="ianaf4you"xxxxXXXXxxxxXXXX mAirplaneMode=false mDataActivity=0 mPhoneSignalIconId=0x7f0203f0/com.android.systemui:drawable/stat_sys_signal_2_auto_rotate mQSPhoneSignalIconId=0x7f020112/com.android.systemui:drawable/ic_qs_signal_2 mDataDirectionIconId=0x0/(null) mDataSignalIconId=0x7f0203f0/com.android.systemui:drawable/stat_sys_signal_2_auto_rotate mDataTypeIconId=0x7f0202b3/com.android.systemui:drawable/stat_sys_data_connected_4g mQSDataTypeIconId=0x7f020116/com.android.systemui:drawable/ic_qs_signal_4g mNoSimIconId=0x0/(null) mWifiIconId=0x7f020497/com.android.systemui:drawable/stat_sys_wifi_signal_4 mQSWifiIconId=0x7f02012b/com.android.systemui:drawable/ic_qs_wifi_4 mWifiActivityIconId=0x7f020468/com.android.systemui:drawable/stat_sys_signal_inout mBluetoothTetherIconId=0x1080907/android:drawable/stat_sys_tether_bluetooth
I/WifiStateMachine(  901): CMD_RSSI_POLL : calculateWifiScore in!
I/WifiStateMachine(  901): CMD_RSSI_POLL : calculateWifiScore out!
I/WifiStateMachine(  901): CMD_RSSI_POLL : out!
D/ConnectivityService(  901): returning getActiveNetworkInfo :[type: WIFI[] - WIFI, state: CONNECTED/CONNECTED, reason: (unspecified), extra: "ianaf4you", roaming: false, failover: false, isAvailable: true, isConnectedToProvisioningNetwork: false]
I/System.out( 4361): tr calls detatch()
E/LocSvc_ApiV02(  901): I/<--- void globalEventCb(locClientHandleType, uint32_t, locClientEventIndUnionType, void*) line 99 QMI_LOC_EVENT_GNSS_SV_INFO_IND_V02
D/GpsLocationProvider_ex(  901): SV Count : 10      (PRN, SNR, Elevation, Azimuth, Used)
D/GpsLocationProvider_ex(  901): (10, 23.3, 62.0, 156.0, 0) (18, 32.1, 31.0, 115.0, 0) (21, 23.5, 22.0, 56.0, 0) (24, 27.2, 13.0, 122.0, 0) (27, 21.5, 48.0, 295.0, 0) (32, 25.4, 66.0, 355.0, 0) 
D/GpsLocationProvider_ex(  901): (65, 20.8, 48.0, 268.0, 0) (87, 21.2, 73.0, 331.0, 0) (71, 24.5, 12.0, 133.0, 0) (72, 20.9, 56.0, 168.0, 0) 
I/PassiveLocTracker(  901): GPS Satllite Status
E/audit   ( 2252): type=1400 msg=audit(1462421919.424:920): avc:  denied  { read } for  pid=6444 comm="qrngd" name="hw_random" dev="tmpfs" ino=10383 scontext=u:r:qrngd:s0 tcontext=u:object_r:hw_random_device:s0 tclass=chr_file
E/audit   ( 2252):  SEPF_SM-G900I_5.0-1_0038
E/audit   ( 2252): 
D/SecurityLogAgent:SEDenialService(  901): Got Modify Event and sending Denial Intent foraudit.log
E/audit   ( 2252): type=1300 msg=audit(1462421919.424:920): arch=40000028 syscall=322 per=800000 success=no exit=-13 a0=ffffff9c a1=be9e56a0 a2=20000 a3=0 items=1 ppid=1 pid=6444 auid=4294967295 uid=1000 gid=1000 euid=1000 suid=1000 fsuid=1000 egid=1000 sgid=1000 fsgid=1000 tty=(none) ses=4294967295 comm="qrngd" exe="/system/bin/qrngd" subj=u:r:qrngd:s0 key=(null)
E/audit   ( 2252): type=1307 msg=audit(1462421919.424:920):  cwd="/"
E/audit   ( 2252): type=1302 msg=audit(1462421919.424:920): item=0 name="/dev/hw_random" inode=10383 dev=00:0b mode=020640 ouid=0 ogid=1000 rdev=0a:b7 obj=u:object_r:hw_random_device:s0
E/audit   ( 2252): type=1320 msg=audit(1462421919.424:920): 
D/SecurityLogAgent:SEDenialService(  901): audit.ondenial set to 0 after sending samsung.intent.action.knox.DENIAL_NOTIFICATION intent
E/auditd  ( 2252): In denial and Property audit_ondenial is set to 1 
W/ContextImpl(  901): Calling a method in the system process without a qualified user: android.app.ContextImpl.sendBroadcast:1629 com.android.server.SEDenialService$AuditFileObserver.onEvent:76 android.os.FileObserver$ObserverThread.onEvent:122 android.os.FileObserver$ObserverThread.observe:-2 android.os.FileObserver$ObserverThread.run:85 
D/SecurityLogAgent( 8155):  SeDenialReceiver : Intent Received : samsung.intent.action.knox.DENIAL_NOTIFICATION
D/SecurityLogAgent( 8155):  SeDenialReceiver : File path = null
D/StatusBar.NetworkController( 1181): onSignalStrengthsChanged signalStrength=SignalStrength: 99 99 -120 -160 -120 -1 -1 18 -104 -7 188 -1 2147483647 0x2000 gsm|lte level=2
D/StatusBar.NetworkController( 1181): updateTelephonySignalStrength: hasService=true ss=SignalStrength: 99 99 -120 -160 -120 -1 -1 18 -104 -7 188 -1 2147483647 0x2000 gsm|lte
D/StatusBar.NetworkController( 1181): updateTelephonySignalStrength: iconLevel=2
D/StatusBar.NetworkController( 1181): updateTelephonySignalStrength, No signal level. mPhoneSignalIconId = com.android.systemui:drawable/stat_sys_signal_2_auto_rotate mDataSignalIconId = com.android.systemui:drawable/stat_sys_signal_2_auto_rotate mQSPhoneSignalIconId = com.android.systemui:drawable/ic_qs_signal_2 mContentDescriptionPhoneSignal = Phone two bars.
D/StatusBar.NetworkController( 1181): refreshViews connected={ wifi } level=2 combinedSignalIconId=0x7f020497/com.android.systemui:drawable/stat_sys_wifi_signal_4 mobileLabel=Telstra wifiLabel="ianaf4you"xxxxXXXXxxxxXXXX emergencyOnly=false combinedLabel="ianaf4you"xxxxXXXXxxxxXXXX mAirplaneMode=false mDataActivity=0 mPhoneSignalIconId=0x7f0203f0/com.android.systemui:drawable/stat_sys_signal_2_auto_rotate mQSPhoneSignalIconId=0x7f020112/com.android.systemui:drawable/ic_qs_signal_2 mDataDirectionIconId=0x0/(null) mDataSignalIconId=0x7f0203f0/com.android.systemui:drawable/stat_sys_signal_2_auto_rotate mDataTypeIconId=0x7f0202b3/com.android.systemui:drawable/stat_sys_data_connected_4g mQSDataTypeIconId=0x7f020116/com.android.systemui:drawable/ic_qs_signal_4g mNoSimIconId=0x0/(null) mWifiIconId=0x7f020497/com.android.systemui:drawable/stat_sys_wifi_signal_4 mQSWifiIconId=0x7f02012b/com.android.systemui:drawable/ic_qs_wifi_4 mWifiActivityIconId=0x7f020468/com.android.systemui:drawable/stat_sys_signal_inout mBluetoothTetherIconId=0x1080907/android:drawable/stat_sys_tether_bluetooth
I/System.out( 4361): tr calls detatch()
E/LocSvc_ApiV02(  901): I/<--- void globalEventCb(locClientHandleType, uint32_t, locClientEventIndUnionType, void*) line 99 QMI_LOC_EVENT_POSITION_REPORT_IND_V02
D/GpsLocationProvider(  901): TTFF: 6238
E/LocSvc_ApiV02(  901): I/<--- void globalEventCb(locClientHandleType, uint32_t, locClientEventIndUnionType, void*) line 99 QMI_LOC_EVENT_ENGINE_STATE_IND_V02
D/GpsLocationProvider(  901): send an intent to notify GPS has been fixed
V/GpsLocationProvider(  901): reportStatus status: 4
D/GpsLocationProvider(  901): send an intent to notify GPS has been enabled or disabled mNavigating = false
D/ApplicationPolicy(  901): isStatusBarNotificationAllowedAsUser: packageName = com.android.systemui,userId = -1
V/ApplicationPolicy(  901): isApplicationStateBlocked userId -1 pkgname com.android.systemui
I/ValidateNoPeople(  901): skipping global notification
D/LocationChangedReceiver( 6275): ============== Updating location
I/PassiveLocTracker(  901): GPS First Fix
I/PassiveLocTracker(  901): GPS Stopped
I/PassiveLocTracker(  901): Location Changed
I/PassiveLocTracker(  901): Send Location
I/CLocInfoService(  901): GPS Status : gpsoff
I/CpLocTracker(  901): Mode : 3 Param Data = 0
D/LightsService(  901): [api] [SvcLED] turnOff:: id = 4 (uid: 1000 pid: 901) 
D/LightsService(  901): [SvcLED] setSvcLedStateLocked:: SvcLEDState : 0x0 -> 0x0 | SvcLED(id=4) set Off
D/LightsService(  901): [SvcLED] Lux failed to be updated in 700ms. -> handleForcedSvcLEDTasK
D/LightsService(  901): [SvcLED]  setSvcLedLightLocked :: Current SvcLED(id=4) maintains its priority right
I/CpLocTracker(  901): Sent INT Data, mode : 3
D/StatusBar( 1181): ----- contentsUnchanged : true, bigContentsUnchanged - true, headsUpContentsUnchanged - true , publicUnchanged true
D/LocationFilter( 2309): Forcing stable location. Original location:Location[fused -37.004802,144.067121 acc=17 et=+6h50m53s600ms alt=360.0 vel=0.6543699 bear=251.0 {Bundle[{noGPSLocation=Location[fused -36.994824,144.074149 acc=3245 et=+6h50m37s386ms {Bundle[mParcelledData.dataSize=104]}], locationType=1}]}] because SMD didn't trigger.
D/LockPatternUtilsCache( 1181): getCarrierLockPlusMode()
D/LockPatternUtilsCache( 1181): value : false
D/PanelView( 1181): There is/are notification(s) 
I/CpLocTracker(  901): receive response
D/LockPatternUtilsCache( 1181): getCarrierLockPlusMode()
D/LockPatternUtilsCache( 1181): value : false
D/PanelView( 1181): There is/are notification(s) 
D/LockPatternUtilsCache( 1181): getCarrierLockPlusMode()
D/LockPatternUtilsCache( 1181): value : false
D/PanelView( 1181): There is/are notification(s) 
D/LockPatternUtilsCache( 1181): getCarrierLockPlusMode()
D/LockPatternUtilsCache( 1181): value : false
D/PanelView( 1181): There is/are notification(s) 
I/GCoreUlr( 2309): Successfully inserted 1 locations
I/GCoreUlr( 2309): Not calling LocationReporter, hasMoved: false, elapsed millis: 16072, request: Stationary(3600000)
I/GCoreUlr( 2309): Scheduling next upload for 3583928ms from now
I/System.out( 4361): tr calls detatch()
I/WifiStateMachine(  901): CMD_RSSI_POLL : calculateWifiScore in!
I/WifiStateMachine(  901): CMD_RSSI_POLL : calculateWifiScore out!
I/WifiStateMachine(  901): CMD_RSSI_POLL : out!
I/System.out( 4361): tr calls detatch()
D/InputReader(  901): Input event: value=1
I/InputReader(  901): Touch event's action is 0x0 (deviceType=0) [pCnt=1, s=0.249 ] when=2664444975000
I/InputDispatcher(  901): Delivering touch to (1181): action: 0x4, toolType: 1
I/InputDispatcher(  901): Delivering touch to (6275): action: 0x0, toolType: 1
D/ViewRootImpl( 6275): ViewPostImeInputStage ACTION_DOWN
D/InputReader(  901): Input event: value=0
I/InputReader(  901): Touch event's action is 0x1 (deviceType=0) [pCnt=1, s=] when=2664520775000
I/InputDispatcher(  901): Delivering touch to (6275): action: 0x1, toolType: 1
V/BitmapFactory( 6275): DecodeImagePath(decodeResourceStream3) : res/drawable-xxhdpi-v4/ic_menu_preferences.png
V/BitmapFactory( 6275): DecodeImagePath(decodeResourceStream3) : res/drawable-xhdpi-v4/ic_input_add.png
V/BitmapFactory( 6275): DecodeImagePath(decodeResourceStream3) : res/drawable-xxhdpi-v4/ic_menu_send.png
V/BitmapFactory( 6275): DecodeImagePath(decodeResourceStream3) : res/drawable-xhdpi-v4/ic_delete.png
D/AbsListView( 6275): Get MotionRecognitionManager
D/MotionRecognitionService(  901):  ssp status : true
I/SurfaceFlinger(  258): id=81 createSurf (1x1),1 flag=4, PopupWindow:3fa55b1f
I/System.out( 4361): tr calls detatch()
D/SSRM:m  (  901): SIOP:: AP = 260, PST = 229, CUR = 450
D/StatusBar.NetworkController( 1181): onSignalStrengthsChanged signalStrength=SignalStrength: 99 99 -120 -160 -120 -1 -1 21 -104 -7 154 -1 2147483647 0x2000 gsm|lte level=2
D/StatusBar.NetworkController( 1181): updateTelephonySignalStrength: hasService=true ss=SignalStrength: 99 99 -120 -160 -120 -1 -1 21 -104 -7 154 -1 2147483647 0x2000 gsm|lte
D/StatusBar.NetworkController( 1181): updateTelephonySignalStrength: iconLevel=2
D/StatusBar.NetworkController( 1181): updateTelephonySignalStrength, No signal level. mPhoneSignalIconId = com.android.systemui:drawable/stat_sys_signal_2_auto_rotate mDataSignalIconId = com.android.systemui:drawable/stat_sys_signal_2_auto_rotate mQSPhoneSignalIconId = com.android.systemui:drawable/ic_qs_signal_2 mContentDescriptionPhoneSignal = Phone two bars.
D/StatusBar.NetworkController( 1181): refreshViews connected={ wifi } level=2 combinedSignalIconId=0x7f020497/com.android.systemui:drawable/stat_sys_wifi_signal_4 mobileLabel=Telstra wifiLabel="ianaf4you"xxxxXXXXxxxxXXXX emergencyOnly=false combinedLabel="ianaf4you"xxxxXXXXxxxxXXXX mAirplaneMode=false mDataActivity=0 mPhoneSignalIconId=0x7f0203f0/com.android.systemui:drawable/stat_sys_signal_2_auto_rotate mQSPhoneSignalIconId=0x7f020112/com.android.systemui:drawable/ic_qs_signal_2 mDataDirectionIconId=0x0/(null) mDataSignalIconId=0x7f0203f0/com.android.systemui:drawable/stat_sys_signal_2_auto_rotate mDataTypeIconId=0x7f0202b3/com.android.systemui:drawable/stat_sys_data_connected_4g mQSDataTypeIconId=0x7f020116/com.android.systemui:drawable/ic_qs_signal_4g mNoSimIconId=0x0/(null) mWifiIconId=0x7f020497/com.android.systemui:drawable/stat_sys_wifi_signal_4 mQSWifiIconId=0x7f02012b/com.android.systemui:drawable/ic_qs_wifi_4 mWifiActivityIconId=0x7f020468/com.android.systemui:drawable/stat_sys_signal_inout mBluetoothTetherIconId=0x1080907/android:drawable/stat_sys_tether_bluetooth
D/InputReader(  901): Input event: value=1
I/InputReader(  901): Touch event's action is 0x0 (deviceType=0) [pCnt=1, s=0.250 ] when=2665719337000
I/InputDispatcher(  901): Delivering touch to (1181): action: 0x4, toolType: 1
I/InputDispatcher(  901): Delivering touch to (6275): action: 0x0, toolType: 1
D/ViewRootImpl( 6275): ViewPostImeInputStage ACTION_DOWN
D/InputReader(  901): Input event: value=0
I/InputReader(  901): Touch event's action is 0x1 (deviceType=0) [pCnt=1, s=] when=2665783824000
I/InputDispatcher(  901): Delivering touch to (6275): action: 0x1, toolType: 1
I/System.out( 4361): tr calls detatch()
I/Timeline( 6275): Timeline: Activity_launch_request id:org.smap.smapTask.android time:2665855
E/PersonaManagerService(  901): inState():  stateMachine is null !!
I/PersonaManagerService(  901): Failed to execute isKioskModeEnabled. java.lang.SecurityException: You need MANAGE_USERS permission to: query user
I/ActivityManager(  901): do not start freezing screen for locked container getKeyguardshowstate = false
I/ActivityManager(  901): START u0 {cmp=org.smap.smapTask.android/org.odk.collect.android.preferences.PreferencesActivity} from uid 10080 on display 0
D/CustomFrequencyManagerService(  901): acquireDVFSLockLocked : type : DVFS_MIN_LIMIT  frequency : 1958400  uid : 1000  pid : 901  pkgName : ACTIVITY_RESUME_BOOSTER@6
W/ActivityManager(  901): mDVFSHelper.acquire()
I/SQLiteSecureOpenHelper(28970): getWritableDatabase(pwd)
I/SQLiteSecureOpenHelper(28970): getDatabaseLocked(b,b,pwd)...
E/ViewRootImpl( 6275): sendUserActionEvent() mView == null
D/AbsListView( 6275): Get MotionRecognitionManager
D/MotionRecognitionService(  901):  ssp status : true
D/AbsListView( 6275): Get MotionRecognitionManager
W/Resources( 6275): Converting to string: TypedValue{t=0x10/d=0x15 a=-1}
D/Activity( 6275): performCreate Call secproduct feature valuefalse
D/Activity( 6275): performCreate Call debug elastic valuetrue
E/LocSvc_ApiV02(  901): I/<--- void globalEventCb(locClientHandleType, uint32_t, locClientEventIndUnionType, void*) line 99 QMI_LOC_EVENT_ENGINE_STATE_IND_V02
D/ActivityManager(  901): post active user change for 0
D/KnoxTimeoutHandler(  901): postActiveUserChange for user 0
D/KnoxTimeoutHandler(  901): handleActiveUserChange for user 0
V/GpsLocationProvider(  901): reportStatus status: 3
V/GpsLocationProvider(  901): reportStatus status: 1
D/GpsLocationProvider(  901): send an intent to notify GPS has been enabled or disabled mNavigating = true
I/PassiveLocTracker(  901): GPS Started
I/CLocInfoService(  901): GPS Status : gpson
I/CpLocTracker(  901): Mode : 3 Param Data = 1
I/CpLocTracker(  901): Sent INT Data, mode : 3
I/CpLocTracker(  901): receive response
I/SurfaceFlinger(  258): id=82 createSurf (1x1),1 flag=404, org.smap.smapTask.android/org.odk.collect.android.preferences.PreferencesActivity
D/ApplicationPolicy(  901): isStatusBarNotificationAllowedAsUser: packageName = com.android.systemui,userId = -1
V/ApplicationPolicy(  901): isApplicationStateBlocked userId -1 pkgname com.android.systemui
D/StatusBarManagerService(  901): manageDisableList userId=0 what=0x0 pkg=WindowManager.LayoutParams
I/ValidateNoPeople(  901): skipping global notification
D/WindowManager(  901): showStatusBarByNotification() mOpenByNotification=false
D/KnoxNotification( 1181): ----- inflateViews : modified publicViewLocal -----
D/KnoxNotification( 1181): ----- inflateViews : modified KnoxViewLocal -----
D/PersonaManager( 1181): PersonaID is invalid or persona doesn't exists. : -1
D/SecContentProvider2(  901): uri = 14 selection = getSealedState
D/SecContentProvider2(  901): mCursor = null
E/LocSvc_ApiV02(  901): I/<--- void globalEventCb(locClientHandleType, uint32_t, locClientEventIndUnionType, void*) line 99 QMI_LOC_EVENT_GNSS_SV_INFO_IND_V02
D/SecContentProvider2(  901): KnoxCustomManagerService offline: service is not available
D/GpsLocationProvider_ex(  901): SV Count : 14      (PRN, SNR, Elevation, Azimuth, Used)
D/GpsLocationProvider_ex(  901): (10, 21.8, 62.0, 156.0, 1) (11, 18.3, 10.0, 226.0, 0) (14, 18.2, 61.0, 358.0, 0) (18, 26.5, 31.0, 115.0, 1) (21, 26.3, 22.0, 56.0, 1) (24, 26.6, 13.0, 122.0, 1) 
D/GpsLocationProvider_ex(  901): (27, 21.1, 48.0, 295.0, 0) (32, 21.6, 67.0, 355.0, 1) (74, 26.1, 4.0, 77.0, 0) (73, 20.1, 7.0, 123.0, 0) (65, 20.5, 48.0, 268.0, 0) (87, 21.6, 73.0, 331.0, 0) 
D/GpsLocationProvider_ex(  901): (71, 26.0, 12.0, 133.0, 0) (72, 22.3, 56.0, 168.0, 0) 
D/PhoneStatusBar( 1181): tick(): knoxCustomManager = android.app.enterprise.knoxcustom.KnoxCustomManager@2a98fa77
I/PassiveLocTracker(  901): GPS Satllite Status
D/LockPatternUtilsCache( 1181): getCarrierLockPlusMode()
D/LockPatternUtilsCache( 1181): value : false
D/PanelView( 1181): There is/are notification(s) 
D/LockPatternUtilsCache( 1181): getCarrierLockPlusMode()
D/LockPatternUtilsCache( 1181): value : false
D/PanelView( 1181): There is/are notification(s) 
D/InputMethodManagerService(  901): windowGainedFocus mCurrentFocusedUserId - 0 and mSecureKeypadEnabled-false
W/ContextImpl(  901): Calling a method in the system process without a qualified user: android.app.ContextImpl.sendBroadcast:1629 com.android.server.InputMethodManagerService$6.run:2728 java.lang.Thread.run:818 <bottom of call stack> <bottom of call stack> 
E/audit   ( 2252): type=1400 msg=audit(1462421924.424:921): avc:  denied  { read } for  pid=6454 comm="qrngd" name="hw_random" dev="tmpfs" ino=10383 scontext=u:r:qrngd:s0 tcontext=u:object_r:hw_random_device:s0 tclass=chr_file
D/SecurityLogAgent:SEDenialService(  901): Got Modify Event and sending Denial Intent foraudit.log
E/audit   ( 2252):  SEPF_SM-G900I_5.0-1_0038
E/audit   ( 2252): 
E/audit   ( 2252): type=1300 msg=audit(1462421924.424:921): arch=40000028 syscall=322 per=800000 success=no exit=-13 a0=ffffff9c a1=beed86a0 a2=20000 a3=0 items=1 ppid=1 pid=6454 auid=4294967295 uid=1000 gid=1000 euid=1000 suid=1000 fsuid=1000 egid=1000 sgid=1000 fsgid=1000 tty=(none) ses=4294967295 comm="qrngd" exe="/system/bin/qrngd" subj=u:r:qrngd:s0 key=(null)
E/audit   ( 2252): type=1307 msg=audit(1462421924.424:921):  cwd="/"
E/audit   ( 2252): type=1302 msg=audit(1462421924.424:921): item=0 name="/dev/hw_random" inode=10383 dev=00:0b mode=020640 ouid=0 ogid=1000 rdev=0a:b7 obj=u:object_r:hw_random_device:s0
E/audit   ( 2252): type=1320 msg=audit(1462421924.424:921): 
D/SecurityLogAgent:SEDenialService(  901): audit.ondenial set to 0 after sending samsung.intent.action.knox.DENIAL_NOTIFICATION intent
D/SecurityLogAgent( 8155):  SeDenialReceiver : Intent Received : samsung.intent.action.knox.DENIAL_NOTIFICATION
D/SecurityLogAgent( 8155):  SeDenialReceiver : File path = null
E/auditd  ( 2252): In denial and Property audit_ondenial is set to 1 
W/ContextImpl(  901): Calling a method in the system process without a qualified user: android.app.ContextImpl.sendBroadcast:1629 com.android.server.SEDenialService$AuditFileObserver.onEvent:76 android.os.FileObserver$ObserverThread.onEvent:122 android.os.FileObserver$ObserverThread.observe:-2 android.os.FileObserver$ObserverThread.run:85 
I/Timeline( 6275): Timeline: Activity_idle id: android.os.BinderProxy@38485134 time:2666057
I/ActivityManager(  901): Displayed org.smap.smapTask.android/org.odk.collect.android.preferences.PreferencesActivity: +191ms
I/Timeline(  901): Timeline: Activity_windows_visible id: ActivityRecord{3ddbe53e u0 org.smap.smapTask.android/org.odk.collect.android.preferences.PreferencesActivity t4987} time:2666091
I/SurfaceFlinger(  258): id=79 Removed org.smap.smapTask.android/org.smap.smapTask.android.activities.MainTabsActivity (5/9)
I/SurfaceFlinger(  258): id=79 Removed org.smap.smapTask.android/org.smap.smapTask.android.activities.MainTabsActivity (-2/9)
I/MainListActivity( 6275): onStop============================
D/CustomFrequencyManagerService(  901): releaseDVFSLockLocked : Getting Lock type frm List : DVFS_MIN_LIMIT  frequency : 1958400  uid : 1000  pid : 901  tag : ACTIVITY_RESUME_BOOSTER@6
W/ActivityManager(  901): mDVFSHelper.release()
D/CustomFrequencyManagerService(  901): acquireDVFSLockLocked : type : DVFS_MIN_LIMIT  frequency : 1958400  uid : 1000  pid : 901  pkgName : ACTIVITY_RESUME_BOOSTER@10
I/SurfaceFlinger(  258): id=81 Removed PopupWindow:3fa55b1f (5/8)
I/SurfaceFlinger(  258): id=81 Removed PopupWindow:3fa55b1f (-2/8)
I/WifiStateMachine(  901): CMD_RSSI_POLL : calculateWifiScore in!
I/WifiStateMachine(  901): CMD_RSSI_POLL : calculateWifiScore out!
I/WifiStateMachine(  901): CMD_RSSI_POLL : out!
D/CustomFrequencyManagerService(  901): releaseDVFSLockLocked : Getting Lock type frm List : DVFS_MIN_LIMIT  frequency : 1958400  uid : 1000  pid : 901  tag : ACTIVITY_RESUME_BOOSTER@10
I/System.out( 4361): tr calls detatch()
E/LocSvc_ApiV02(  901): I/<--- void globalEventCb(locClientHandleType, uint32_t, locClientEventIndUnionType, void*) line 99 QMI_LOC_EVENT_GNSS_SV_INFO_IND_V02
D/GpsLocationProvider_ex(  901): SV Count : 2      (PRN, SNR, Elevation, Azimuth, Used)
D/GpsLocationProvider_ex(  901): (42, 31.4, 0.0, 0.0, 0) (50, 31.3, 0.0, 0.0, 0) 
I/PassiveLocTracker(  901): GPS Satllite Status
D/InputReader(  901): Input event: value=1
I/InputReader(  901): Touch event's action is 0x0 (deviceType=0) [pCnt=1, s=0.251 ] when=2667069396000
I/InputDispatcher(  901): Delivering touch to (1181): action: 0x4, toolType: 1
I/InputDispatcher(  901): Delivering touch to (6275): action: 0x0, toolType: 1
D/ViewRootImpl( 6275): ViewPostImeInputStage ACTION_DOWN
D/InputReader(  901): Input event: value=0
I/InputReader(  901): Touch event's action is 0x1 (deviceType=0) [pCnt=1, s=] when=2667134481000
I/InputDispatcher(  901): Delivering touch to (6275): action: 0x1, toolType: 1
I/SurfaceFlinger(  258): id=83 createSurf (1x1),1 flag=4, org.smap.smapTask.android/org.odk.collect.android.preferences.PreferencesActivity
D/InputMethodManagerService(  901): windowGainedFocus mCurrentFocusedUserId - 0 and mSecureKeypadEnabled-false
D/ActivityManager(  901): bindService callerProcessName:android, calleePkgName: com.sec.android.inputmethod, action: android.view.InputMethod
I/MultiPhoneWindowManager(  901): Changed -> mCurrentInputMethodTarget : Window{2a0202aa u0 org.smap.smapTask.android/org.odk.collect.android.preferences.PreferencesActivity}
D/SamsungIME( 1828): onStartInputView requsted restarting value = false
D/SamsungIME( 1828): onStartInputView After call super -  restarting value = false
D/CustomFrequencyManagerService(  901): acquireDVFSLockLocked : type : DVFS_MIN_LIMIT  frequency : 1958400  uid : 1000  pid : 901  pkgName : com.sec.android.inputmethod@5
D/SamsungIME( 1828): mIsEnableOCR = false
D/SamsungIME( 1828): getValidMMCodes - failed to get the packageInfo of OCR or registered OCR Receiver
D/SamsungIME( 1828): checking talkback status : false
D/SamsungIME( 1828): disable handwriting input icon : handwriting is not available in current language
D/SamsungIME( 1828): [startInputView] info.inputType = 131073 info.imeOptions = 1073741830
I/SamsungIME( 1828): Update SetupWizard State usc : 1 pss : false
I/SamsungIME( 1828): Update SetupWizard State usc : 1 pss : false
E/SamsungIME( 1828): lang.getLanguageCode():en, lang.getCountryCode():US
W/SamsungIME( 1828): makeSelectedLanguageList:en_US;
D/SamsungIME( 1828): [AbstractKeyboardView] onDetachedFromWindow.
D/SamsungIME( 1828): Magnification Enabled = false
D/SamsungIME( 1828): Dismiss ExpandCandiate
D/Mms/GreekInputHandler(27256): onReceive, skpd lang:en
W/ContextImpl( 1828): Calling a method in the system process without a qualified user: android.app.ContextImpl.sendBroadcast:1629 android.content.ContextWrapper.sendBroadcast:391 com.diotek.ime.framework.common.InputManagerImpl.sendInputLanguageByThread:9113 com.diotek.ime.framework.common.InputManagerImpl.access$6700:199 com.diotek.ime.framework.common.InputManagerImpl$32.run:9075 
E/SamsungIME( 1828): lang.getLanguageCode():en, lang.getCountryCode():US
W/SamsungIME( 1828): makeSelectedLanguageList:en_US;
I/SamsungIME( 1828): getNextShiftState() cursorCapsMode : 0
D/SamsungIME( 1828): Dismiss ExpandCandiate
D/Mms/GreekInputHandler(27256): onReceive, skpd lang:en
W/ContextImpl( 1828): Calling a method in the system process without a qualified user: android.app.ContextImpl.sendBroadcast:1629 android.content.ContextWrapper.sendBroadcast:391 com.diotek.ime.framework.common.InputManagerImpl.sendInputLanguageByThread:9113 com.diotek.ime.framework.common.InputManagerImpl.access$6700:199 com.diotek.ime.framework.common.InputManagerImpl$32.run:9075 
D/SamsungIME( 1828): Dismiss ExpandCandiate
I/SamsungIME( 1828): getCurrentKeyboard
I/SamsungIME( 1828): getTextKeyboard
V/BitmapFactory( 1828): DecodeImagePath(decodeResourceStream3) : res/drawable-sw360dp-xxhdpi-v13/qwerty_key_icon_backspace.qmg
D/SamsungIME( 1828): [SwiftkeyWrapper] currentLangauge : 1701729619
I/SamsungIME( 1828): getNextShiftState() cursorCapsMode : 0
D/SamsungIME( 1828): Dismiss ExpandCandiate
D/SamsungIME( 1828): startInputViewContinue : true true
D/SamsungIME( 1828): conditions for show dialog : true true false false
D/SamsungIME( 1828): showDlgMsgBox : true true true
D/SamsungIME( 1828): showDlgMsgBox inner condition : true true
I/SamsungIME( 1828): [IMI] startInputView - caller pid : 6275, caller uid : 10080
D/SamsungIME( 1828): onWindowShown
W/ContextImpl( 1828): Calling a method in the system process without a qualified user: android.app.ContextImpl.sendBroadcast:1629 android.content.ContextWrapper.sendBroadcast:391 com.diotek.ime.framework.common.InputManagerImpl.sendBroadcaseSIPShownByThread:8921 com.diotek.ime.framework.common.InputManagerImpl.access$6600:199 com.diotek.ime.framework.common.InputManagerImpl$31.run:8912 
W/ContextImpl( 1828): Calling a method in the system process without a qualified user: android.app.ContextImpl.sendBroadcast:1629 android.content.ContextWrapper.sendBroadcast:391 android.inputmethodservice.InputMethodService.sendInputViewShownState:417 android.inputmethodservice.InputMethodService.showWindow:1921 android.inputmethodservice.InputMethodService$InputMethodImpl.showSoftInput:617 
D/SSRM:a  (  901): DeviceInfo:: 000000000000
D/SSRM:a  (  901): SettingsAirViewInfo:: 000000000
D/ApplicationPolicy(  901): isStatusBarNotificationAllowedAsUser: packageName = android,userId = -1
V/ApplicationPolicy(  901): isApplicationStateBlocked userId -1 pkgname android
I/SurfaceFlinger(  258): id=84 createSurf (1080x1137),1 flag=4, InputMethod
I/ValidateNoPeople(  901): skipping global notification
D/KnoxNotification( 1181): ----- inflateViews : modified publicViewLocal -----
D/KnoxNotification( 1181): ----- inflateViews : modified KnoxViewLocal -----
D/PersonaManager( 1181): PersonaID is invalid or persona doesn't exists. : -1
I/SamsungIME( 1828): drawAllKey
D/PhoneStatusBar( 1181): tick(): knoxCustomManager = android.app.enterprise.knoxcustom.KnoxCustomManager@2a98fa77
D/SecContentProvider2(  901): uri = 14 selection = getSealedState
D/SecContentProvider2(  901): mCursor = null
D/SecContentProvider2(  901): KnoxCustomManagerService offline: service is not available
D/LockPatternUtilsCache( 1181): getCarrierLockPlusMode()
D/LockPatternUtilsCache( 1181): value : false
D/PanelView( 1181): There is/are notification(s) 
D/LockPatternUtilsCache( 1181): getCarrierLockPlusMode()
D/LockPatternUtilsCache( 1181): value : false
D/PanelView( 1181): There is/are notification(s) 
V/BitmapFactory( 1828): DecodeImagePath(decodeResourceStream3) : res/drawable-sw360dp-xxhdpi-v13/qwerty_key_icon_shift_pressed.qmg
V/BitmapFactory( 1828): DecodeImagePath(decodeResourceStream3) : res/drawable-sw360dp-xxhdpi-v13/qwerty_key_icon_shift_non.qmg
D/SamsungIME( 1828): mIsEnableOCR = false
D/SamsungIME( 1828): getValidMMCodes - failed to get the packageInfo of OCR or registered OCR Receiver
D/SamsungIME( 1828): checking talkback status : false
D/SamsungIME( 1828): mIsEnableOCR = false
D/SamsungIME( 1828): getValidMMCodes - failed to get the packageInfo of OCR or registered OCR Receiver
D/SamsungIME( 1828): checking talkback status : false
D/SamsungIME( 1828): mIsEnableOCR = false
D/SamsungIME( 1828): getValidMMCodes - failed to get the packageInfo of OCR or registered OCR Receiver
D/SamsungIME( 1828): checking talkback status : false
V/BitmapFactory( 1828): DecodeImagePath(decodeResourceStream3) : res/drawable-sw360dp-xxhdpi-v13/qwerty_key_icon_emoticon_pressed.qmg
V/BitmapFactory( 1828): DecodeImagePath(decodeResourceStream3) : res/drawable-sw360dp-xxhdpi-v13/qwerty_key_icon_emoticon.qmg
V/BitmapFactory( 1828): DecodeImagePath(decodeResourceStream3) : res/drawable-sw360dp-xxhdpi-v13/qwerty_key_icon_space_pressed.qmg
V/BitmapFactory( 1828): DecodeImagePath(decodeResourceStream3) : res/drawable-sw360dp-xxhdpi-v13/qwerty_key_icon_space.qmg
V/BitmapFactory( 1828): DecodeImagePath(decodeResourceStream3) : res/drawable-sw360dp-xxhdpi-v13/qwerty_key_icon_enter_pressed.qmg
V/BitmapFactory( 1828): DecodeImagePath(decodeResourceStream3) : res/drawable-sw360dp-xxhdpi-v13/qwerty_key_icon_enter.qmg
I/System.out( 4361): tr calls detatch()
D/StatusBar.NetworkController( 1181): onSignalStrengthsChanged signalStrength=SignalStrength: 99 99 -120 -160 -120 -1 -1 19 -104 -7 72 -1 2147483647 0x2000 gsm|lte level=2
D/StatusBar.NetworkController( 1181): updateTelephonySignalStrength: hasService=true ss=SignalStrength: 99 99 -120 -160 -120 -1 -1 19 -104 -7 72 -1 2147483647 0x2000 gsm|lte
D/StatusBar.NetworkController( 1181): updateTelephonySignalStrength: iconLevel=2
D/StatusBar.NetworkController( 1181): updateTelephonySignalStrength, No signal level. mPhoneSignalIconId = com.android.systemui:drawable/stat_sys_signal_2_auto_rotate mDataSignalIconId = com.android.systemui:drawable/stat_sys_signal_2_auto_rotate mQSPhoneSignalIconId = com.android.systemui:drawable/ic_qs_signal_2 mContentDescriptionPhoneSignal = Phone two bars.
D/StatusBar.NetworkController( 1181): refreshViews connected={ wifi } level=2 combinedSignalIconId=0x7f020497/com.android.systemui:drawable/stat_sys_wifi_signal_4 mobileLabel=Telstra wifiLabel="ianaf4you"xxxxXXXXxxxxXXXX emergencyOnly=false combinedLabel="ianaf4you"xxxxXXXXxxxxXXXX mAirplaneMode=false mDataActivity=0 mPhoneSignalIconId=0x7f0203f0/com.android.systemui:drawable/stat_sys_signal_2_auto_rotate mQSPhoneSignalIconId=0x7f020112/com.android.systemui:drawable/ic_qs_signal_2 mDataDirectionIconId=0x0/(null) mDataSignalIconId=0x7f0203f0/com.android.systemui:drawable/stat_sys_signal_2_auto_rotate mDataTypeIconId=0x7f0202b3/com.android.systemui:drawable/stat_sys_data_connected_4g mQSDataTypeIconId=0x7f020116/com.android.systemui:drawable/ic_qs_signal_4g mNoSimIconId=0x0/(null) mWifiIconId=0x7f020497/com.android.systemui:drawable/stat_sys_wifi_signal_4 mQSWifiIconId=0x7f02012b/com.android.systemui:drawable/ic_qs_wifi_4 mWifiActivityIconId=0x7f020468/com.android.systemui:drawable/stat_sys_signal_inout mBluetoothTetherIconId=0x1080907/android:drawable/stat_sys_tether_bluetooth
D/WifiWatchdogStateMachine.NetworkStatsAnalyzer(  901): 25 29 7176 3648 287 125
D/CustomFrequencyManagerService(  901): releaseDVFSLockLocked : Getting Lock type frm List : DVFS_MIN_LIMIT  frequency : 1958400  uid : 1000  pid : 901  tag : com.sec.android.inputmethod@5
I/SamsungIME( 1828): Update SetupWizard State usc : 1 pss : false
D/SamsungIME( 1828): SwiftKey guide popup condition 1 : true true
E/SamsungIME( 1828): SwiftKey guide popup condition 2 : true false true true true false true true true true
E/LocSvc_ApiV02(  901): I/<--- void globalEventCb(locClientHandleType, uint32_t, locClientEventIndUnionType, void*) line 99 QMI_LOC_EVENT_GNSS_SV_INFO_IND_V02
D/GpsLocationProvider_ex(  901): SV Count : 4      (PRN, SNR, Elevation, Azimuth, Used)
D/GpsLocationProvider_ex(  901): (10, 21.0, 62.0, 156.0, 0) (14, 26.7, 61.0, 358.0, 0) (42, 30.6, 0.0, 0.0, 0) (50, 30.5, 0.0, 0.0, 0) 
I/PassiveLocTracker(  901): GPS Satllite Status
I/System.out( 4361): tr calls detatch()
D/InputReader(  901): Input event: value=1
I/InputReader(  901): Touch event's action is 0x0 (deviceType=0) [pCnt=1, s=0.252 ] when=2668563340000
I/InputDispatcher(  901): Delivering touch to (1181): action: 0x4, toolType: 1
I/InputDispatcher(  901): Delivering touch to (6275): action: 0x0, toolType: 1
D/ViewRootImpl( 6275): ViewPostImeInputStage ACTION_DOWN
D/InputReader(  901): Input event: value=0
I/InputReader(  901): Touch event's action is 0x1 (deviceType=0) [pCnt=1, s=] when=2668641129000
I/InputDispatcher(  901): Delivering touch to (6275): action: 0x1, toolType: 1
W/ContextImpl( 1828): Calling a method in the system process without a qualified user: android.app.ContextImpl.sendBroadcast:1629 android.content.ContextWrapper.sendBroadcast:391 android.inputmethodservice.InputMethodService.sendInputViewShownState:417 android.inputmethodservice.InputMethodService.showWindow:1921 android.inputmethodservice.InputMethodService$InputMethodImpl.showSoftInput:617 
D/SSRM:a  (  901): DeviceInfo:: 000000000000
D/SSRM:a  (  901): SettingsAirViewInfo:: 000000000
D/ApplicationPolicy(  901): isStatusBarNotificationAllowedAsUser: packageName = android,userId = -1
V/ApplicationPolicy(  901): isApplicationStateBlocked userId -1 pkgname android
V/BitmapFactory( 6275): DecodeImagePath(decodeResourceStream3) : res/drawable-xxhdpi-v4/text_select_handle_middle.png
D/SamsungIME( 1828): Dismiss ExpandCandiate
D/StatusBar( 1181): ----- contentsUnchanged : true, bigContentsUnchanged - true, headsUpContentsUnchanged - true , publicUnchanged true
I/ValidateNoPeople(  901): skipping global notification
D/LockPatternUtilsCache( 1181): getCarrierLockPlusMode()
D/LockPatternUtilsCache( 1181): value : false
D/PanelView( 1181): There is/are notification(s) 
D/LockPatternUtilsCache( 1181): getCarrierLockPlusMode()
D/LockPatternUtilsCache( 1181): value : false
D/PanelView( 1181): There is/are notification(s) 
I/SamsungIME( 1828): getNextShiftState() cursorCapsMode : 0
I/SurfaceFlinger(  258): id=85 createSurf (1x1),1 flag=4, PopupWindow:2b02a97e
D/SamsungIME( 1828): SwiftkeyWrapper-checkCurrentSequence : use IC
E/LocSvc_ApiV02(  901): I/<--- void globalEventCb(locClientHandleType, uint32_t, locClientEventIndUnionType, void*) line 99 QMI_LOC_EVENT_GNSS_SV_INFO_IND_V02
D/GpsLocationProvider_ex(  901): SV Count : 10      (PRN, SNR, Elevation, Azimuth, Used)
D/GpsLocationProvider_ex(  901): (8, 22.9, 38.0, 248.0, 0) (10, 21.0, 62.0, 156.0, 0) (14, 28.7, 61.0, 358.0, 0) (21, 27.9, 22.0, 56.0, 0) (24, 26.8, 13.0, 122.0, 0) (32, 26.8, 67.0, 355.0, 0) 
D/GpsLocationProvider_ex(  901): (42, 30.9, 0.0, 0.0, 0) (50, 31.4, 0.0, 0.0, 0) (86, 23.8, 19.0, 16.0, 0) (87, 23.8, 73.0, 331.0, 0) 
I/PassiveLocTracker(  901): GPS Satllite Status
I/WifiStateMachine(  901): CMD_RSSI_POLL : calculateWifiScore in!
I/WifiStateMachine(  901): CMD_RSSI_POLL : calculateWifiScore out!
I/WifiStateMachine(  901): CMD_RSSI_POLL : out!
I/System.out( 4361): tr calls detatch()
D/InputReader(  901): Input event: value=1
I/InputReader(  901): Touch event's action is 0x0 (deviceType=0) [pCnt=1, s=0.253 ] when=2669562483000
I/InputDispatcher(  901): Delivering touch to (1181): action: 0x4, toolType: 1
I/InputDispatcher(  901): Delivering touch to (1828): action: 0x0, toolType: 1
D/ViewRootImpl( 1828): ViewPostImeInputStage ACTION_DOWN
V/Vibrator( 1828): Called vibrateImmVibe(byte[], MagnitudeType) API - PUID: 1000, PackageName: com.sec.android.inputmethod
V/Vibrator( 1828): vibrateImmVibe - PUID: 1000, PackageName: com.sec.android.inputmethod, pattern, mag: 2000
D/VibratorService(  901): Turning vibrator off - ImmVibe.
V/VibratorService(  901): vibrateImmVibePattern - package: com.sec.android.inputmethod, magnitude: 2000
V/Vibrator( 1828): Called vibrateImmVibe(byte[], MagnitudeType) API - PUID: 1000, PackageName: com.sec.android.inputmethod
V/Vibrator( 1828): vibrateImmVibe - PUID: 1000, PackageName: com.sec.android.inputmethod, pattern, mag: 2000
I/SamsungIME( 1828): getNextShiftState() cursorCapsMode : 0
D/VibratorService(  901): Turning vibrator off - ImmVibe.
V/VibratorService(  901): vibrateImmVibePattern - package: com.sec.android.inputmethod, magnitude: 2000
D/SamsungIME( 1828): SwiftkeyWrapper-checkCurrentSequence : use IC
D/InputReader(  901): Input event: value=0
I/InputReader(  901): Touch event's action is 0x1 (deviceType=0) [pCnt=1, s=] when=2669672372000
I/InputDispatcher(  901): Delivering touch to (1828): action: 0x1, toolType: 1
D/InputReader(  901): Input event: value=1
I/InputReader(  901): Touch event's action is 0x0 (deviceType=0) [pCnt=1, s=0.254 ] when=2669771186000
I/InputDispatcher(  901): Delivering touch to (1181): action: 0x4, toolType: 1
I/InputDispatcher(  901): Delivering touch to (1828): action: 0x0, toolType: 1
D/ViewRootImpl( 1828): ViewPostImeInputStage ACTION_DOWN
V/Vibrator( 1828): Called vibrateImmVibe(byte[], MagnitudeType) API - PUID: 1000, PackageName: com.sec.android.inputmethod
V/Vibrator( 1828): vibrateImmVibe - PUID: 1000, PackageName: com.sec.android.inputmethod, pattern, mag: 2000
D/VibratorService(  901): Turning vibrator off - ImmVibe.
V/VibratorService(  901): vibrateImmVibePattern - package: com.sec.android.inputmethod, magnitude: 2000
V/Vibrator( 1828): Called vibrateImmVibe(byte[], MagnitudeType) API - PUID: 1000, PackageName: com.sec.android.inputmethod
V/Vibrator( 1828): vibrateImmVibe - PUID: 1000, PackageName: com.sec.android.inputmethod, pattern, mag: 2000
D/VibratorService(  901): Turning vibrator off - ImmVibe.
V/VibratorService(  901): vibrateImmVibePattern - package: com.sec.android.inputmethod, magnitude: 2000
I/SurfaceFlinger(  258): id=85 Removed PopupWindow:2b02a97e (9/10)
I/SurfaceFlinger(  258): id=85 Removed PopupWindow:2b02a97e (-2/10)
I/SamsungIME( 1828): getNextShiftState() cursorCapsMode : 0
D/SamsungIME( 1828): SwiftkeyWrapper-checkCurrentSequence : use IC
D/InputReader(  901): Input event: value=0
I/InputReader(  901): Touch event's action is 0x1 (deviceType=0) [pCnt=1, s=] when=2669857957000
I/InputDispatcher(  901): Delivering touch to (1828): action: 0x1, toolType: 1
D/InputReader(  901): Input event: value=1
I/InputReader(  901): Touch event's action is 0x0 (deviceType=0) [pCnt=1, s=0.255 ] when=2670001913000
I/InputDispatcher(  901): Delivering touch to (1181): action: 0x4, toolType: 1
I/InputDispatcher(  901): Delivering touch to (1828): action: 0x0, toolType: 1
D/ViewRootImpl( 1828): ViewPostImeInputStage ACTION_DOWN
