D/StatusBar.NetworkController( 1181): refreshViews connected={ wifi } level=2 combinedSignalIconId=0x7f020497/com.android.systemui:drawable/stat_sys_wifi_signal_4 mobileLabel=Telstra wifiLabel="ianaf4you"xxxxXXXXxxxxXXXX emergencyOnly=false combinedLabel="ianaf4you"xxxxXXXXxxxxXXXX mAirplaneMode=false mDataActivity=0 mPhoneSignalIconId=0x7f0203f0/com.android.systemui:drawable/stat_sys_signal_2_auto_rotate mQSPhoneSignalIconId=0x7f020112/com.android.systemui:drawable/ic_qs_signal_2 mDataDirectionIconId=0x0/(null) mDataSignalIconId=0x7f0203f0/com.android.systemui:drawable/stat_sys_signal_2_auto_rotate mDataTypeIconId=0x7f0202b3/com.android.systemui:drawable/stat_sys_data_connected_4g mQSDataTypeIconId=0x7f020116/com.android.systemui:drawable/ic_qs_signal_4g mNoSimIconId=0x0/(null) mWifiIconId=0x7f020497/com.android.systemui:drawable/stat_sys_wifi_signal_4 mQSWifiIconId=0x7f02012b/com.android.systemui:drawable/ic_qs_wifi_4 mWifiActivityIconId=0x7f020468/com.android.systemui:drawable/stat_sys_signal_inout mBluetoothTetherIconId=0x1080907/android:drawable/stat_sys_tether_bluetooth
I/WifiStateMachine(  901): CMD_RSSI_POLL : calculateWifiScore in!
I/WifiStateMachine(  901): CMD_RSSI_POLL : calculateWifiScore out!
I/WifiStateMachine(  901): CMD_RSSI_POLL : out!
E/LocSvc_ApiV02(  901): I/<--- void globalEventCb(locClientHandleType, uint32_t, locClientEventIndUnionType, void*) line 99 QMI_LOC_EVENT_POSITION_REPORT_IND_V02
D/GpsLocationProvider(  901): send an intent to notify GPS has been fixed
E/LocSvc_ApiV02(  901): I/<--- void globalEventCb(locClientHandleType, uint32_t, locClientEventIndUnionType, void*) line 99 QMI_LOC_EVENT_ENGINE_STATE_IND_V02
V/GpsLocationProvider(  901): reportStatus status: 4
D/GpsLocationProvider(  901): send an intent to notify GPS has been enabled or disabled mNavigating = false
D/ApplicationPolicy(  901): isStatusBarNotificationAllowedAsUser: packageName = com.android.systemui,userId = -1
V/ApplicationPolicy(  901): isApplicationStateBlocked userId -1 pkgname com.android.systemui
D/LocationChangedReceiver( 6275): ============== Updating location
I/ValidateNoPeople(  901): skipping global notification
D/LightsService(  901): [api] [SvcLED] turnOff:: id = 4 (uid: 1000 pid: 901) 
D/LightsService(  901): [SvcLED] setSvcLedStateLocked:: SvcLEDState : 0x0 -> 0x0 | SvcLED(id=4) set Off
D/LightsService(  901): [SvcLED] Lux failed to be updated in 700ms. -> handleForcedSvcLEDTasK
D/LightsService(  901): [SvcLED]  setSvcLedLightLocked :: Current SvcLED(id=4) maintains its priority right
I/PassiveLocTracker(  901): GPS Stopped
I/PassiveLocTracker(  901): Location Changed
I/PassiveLocTracker(  901): Send Location
I/CLocInfoService(  901): GPS Status : gpsoff
I/CpLocTracker(  901): Mode : 3 Param Data = 0
I/CpLocTracker(  901): Sent INT Data, mode : 3
I/CpLocTracker(  901): receive response
D/LocationFilter( 2309): Forcing stable location. Original location:Location[fused -37.004789,144.066672 acc=33 et=+6h51m28s196ms alt=322.0 vel=0.0 {Bundle[{noGPSLocation=Location[fused -36.994824,144.074149 acc=3245 et=+6h50m37s386ms {Bundle[mParcelledData.dataSize=104]}], locationType=1}]}] because SMD didn't trigger.
I/GCoreUlr( 2309): Successfully inserted 1 locations
I/GCoreUlr( 2309): Cancelling scheduled uploads
I/GCoreUlr( 2309): Not calling LocationReporter, hasMoved: false, elapsed millis: 50634, request: Stationary(3600000)
I/GCoreUlr( 2309): Scheduling next upload for 3549366ms from now
I/System.out( 4361): tr calls detatch()
I/art     ( 1181): Explicit concurrent mark sweep GC freed 138900(8MB) AllocSpace objects, 11(2MB) LOS objects, 34% free, 30MB/46MB, paused 983us total 230.802ms
D/StatusBar( 1181): ----- contentsUnchanged : true, bigContentsUnchanged - true, headsUpContentsUnchanged - true , publicUnchanged true
V/BitmapFactory( 1181): DecodeImagePath(decodeResourceStream3) : res/drawable-xxhdpi-v4/stat_sys_gps_on.png
D/LockPatternUtilsCache( 1181): getCarrierLockPlusMode()
D/LockPatternUtilsCache( 1181): value : false
D/PanelView( 1181): There is/are notification(s) 
D/LockPatternUtilsCache( 1181): getCarrierLockPlusMode()
D/LockPatternUtilsCache( 1181): value : false
D/PanelView( 1181): There is/are notification(s) 
D/LockPatternUtilsCache( 1181): getCarrierLockPlusMode()
D/LockPatternUtilsCache( 1181): value : false
D/PanelView( 1181): There is/are notification(s) 
D/LockPatternUtilsCache( 1181): getCarrierLockPlusMode()
D/LockPatternUtilsCache( 1181): value : false
D/PanelView( 1181): There is/are notification(s) 
D/StatusBar.NetworkController( 1181): onSignalStrengthsChanged signalStrength=SignalStrength: 99 99 -120 -160 -120 -1 -1 20 -102 -7 206 -1 2147483647 0x2000 gsm|lte level=2
D/StatusBar.NetworkController( 1181): updateTelephonySignalStrength: hasService=true ss=SignalStrength: 99 99 -120 -160 -120 -1 -1 20 -102 -7 206 -1 2147483647 0x2000 gsm|lte
D/StatusBar.NetworkController( 1181): updateTelephonySignalStrength: iconLevel=2
D/StatusBar.NetworkController( 1181): updateTelephonySignalStrength, No signal level. mPhoneSignalIconId = com.android.systemui:drawable/stat_sys_signal_2_auto_rotate mDataSignalIconId = com.android.systemui:drawable/stat_sys_signal_2_auto_rotate mQSPhoneSignalIconId = com.android.systemui:drawable/ic_qs_signal_2 mContentDescriptionPhoneSignal = Phone two bars.
D/SecurityLogAgent:SEDenialService(  901): Got Modify Event and sending Denial Intent foraudit.log
E/audit   ( 2252): type=1400 msg=audit(1462421955.844:927): avc:  denied  { read } for  pid=6700 comm="qrngd" name="hw_random" dev="tmpfs" ino=10383 scontext=u:r:qrngd:s0 tcontext=u:object_r:hw_random_device:s0 tclass=chr_file
E/audit   ( 2252):  SEPF_SM-G900I_5.0-1_0038
E/audit   ( 2252): 
E/audit   ( 2252): type=1300 msg=audit(1462421955.844:927): arch=40000028 syscall=322 per=800000 success=no exit=-13 a0=ffffff9c a1=bea4e6a0 a2=20000 a3=0 items=1 ppid=1 pid=6700 auid=4294967295 uid=1000 gid=1000 euid=1000 suid=1000 fsuid=1000 egid=1000 sgid=1000 fsgid=1000 tty=(none) ses=4294967295 comm="qrngd" exe="/system/bin/qrngd" subj=u:r:qrngd:s0 key=(null)
E/audit   ( 2252): type=1307 msg=audit(1462421955.844:927):  cwd="/"
E/audit   ( 2252): type=1302 msg=audit(1462421955.844:927): item=0 name="/dev/hw_random" inode=10383 dev=00:0b mode=020640 ouid=0 ogid=1000 rdev=0a:b7 obj=u:object_r:hw_random_device:s0
E/audit   ( 2252): type=1320 msg=audit(1462421955.844:927): 
D/SecurityLogAgent:SEDenialService(  901): audit.ondenial set to 0 after sending samsung.intent.action.knox.DENIAL_NOTIFICATION intent
E/auditd  ( 2252): In denial and Property audit_ondenial is set to 1 
W/ContextImpl(  901): Calling a method in the system process without a qualified user: android.app.ContextImpl.sendBroadcast:1629 com.android.server.SEDenialService$AuditFileObserver.onEvent:76 android.os.FileObserver$ObserverThread.onEvent:122 android.os.FileObserver$ObserverThread.observe:-2 android.os.FileObserver$ObserverThread.run:85 
D/StatusBar.NetworkController( 1181): refreshViews connected={ wifi } level=2 combinedSignalIconId=0x7f020497/com.android.systemui:drawable/stat_sys_wifi_signal_4 mobileLabel=Telstra wifiLabel="ianaf4you"xxxxXXXXxxxxXXXX emergencyOnly=false combinedLabel="ianaf4you"xxxxXXXXxxxxXXXX mAirplaneMode=false mDataActivity=0 mPhoneSignalIconId=0x7f0203f0/com.android.systemui:drawable/stat_sys_signal_2_auto_rotate mQSPhoneSignalIconId=0x7f020112/com.android.systemui:drawable/ic_qs_signal_2 mDataDirectionIconId=0x0/(null) mDataSignalIconId=0x7f0203f0/com.android.systemui:drawable/stat_sys_signal_2_auto_rotate mDataTypeIconId=0x7f0202b3/com.android.systemui:drawable/stat_sys_data_connected_4g mQSDataTypeIconId=0x7f020116/com.android.systemui:drawable/ic_qs_signal_4g mNoSimIconId=0x0/(null) mWifiIconId=0x7f020497/com.android.systemui:drawable/stat_sys_wifi_signal_4 mQSWifiIconId=0x7f02012b/com.android.systemui:drawable/ic_qs_wifi_4 mWifiActivityIconId=0x7f020468/com.android.systemui:drawable/stat_sys_signal_inout mBluetoothTetherIconId=0x1080907/android:drawable/stat_sys_tether_bluetooth
D/SecurityLogAgent( 8155):  SeDenialReceiver : Intent Received : samsung.intent.action.knox.DENIAL_NOTIFICATION
D/SecurityLogAgent( 8155):  SeDenialReceiver : File path = null
I/System.out( 4361): tr calls detatch()
I/System.out( 4361): tr calls detatch()
I/System.out( 4361): tr calls detatch()
I/WifiStateMachine(  901): CMD_RSSI_POLL : calculateWifiScore in!
I/WifiStateMachine(  901): CMD_RSSI_POLL : calculateWifiScore out!
I/WifiStateMachine(  901): CMD_RSSI_POLL : out!
I/System.out( 4361): tr calls detatch()
I/System.out( 4361): tr calls detatch()
I/System.out( 4361): tr calls detatch()
E/audit   ( 2252): type=1400 msg=audit(1462421960.724:928): avc:  denied  { read } for  pid=6704 comm="qrngd" name="hw_random" dev="tmpfs" ino=10383 scontext=u:r:qrngd:s0 tcontext=u:object_r:hw_random_device:s0 tclass=chr_file
E/audit   ( 2252):  SEPF_SM-G900I_5.0-1_0038
E/audit   ( 2252): 
E/audit   ( 2252): type=1300 msg=audit(1462421960.724:928): arch=40000028 syscall=322 per=800000 success=no exit=-13 a0=ffffff9c a1=beb506a0 a2=20000 a3=0 items=1 ppid=1 pid=6704 auid=4294967295 uid=1000 gid=1000 euid=1000 suid=1000 fsuid=1000 egid=1000 sgid=1000 fsgid=1000 tty=(none) ses=4294967295 comm="qrngd" exe="/system/bin/qrngd" subj=u:r:qrngd:s0 key=(null)
E/audit   ( 2252): type=1307 msg=audit(1462421960.724:928):  cwd="/"
E/audit   ( 2252): type=1302 msg=audit(1462421960.724:928): item=0 name="/dev/hw_random" inode=10383 dev=00:0b mode=020640 ouid=0 ogid=1000 rdev=0a:b7 obj=u:object_r:hw_random_device:s0
E/auditd  ( 2252): In denial and Property audit_ondenial is set to 1 
E/audit   ( 2252): type=1320 msg=audit(1462421960.724:928): 
D/SecurityLogAgent:SEDenialService(  901): Got Modify Event and sending Denial Intent foraudit.log
D/SecurityLogAgent:SEDenialService(  901): audit.ondenial set to 0 after sending samsung.intent.action.knox.DENIAL_NOTIFICATION intent
W/ContextImpl(  901): Calling a method in the system process without a qualified user: android.app.ContextImpl.sendBroadcast:1629 com.android.server.SEDenialService$AuditFileObserver.onEvent:76 android.os.FileObserver$ObserverThread.onEvent:122 android.os.FileObserver$ObserverThread.observe:-2 android.os.FileObserver$ObserverThread.run:85 
D/SecurityLogAgent( 8155):  SeDenialReceiver : Intent Received : samsung.intent.action.knox.DENIAL_NOTIFICATION
D/SecurityLogAgent( 8155):  SeDenialReceiver : File path = null
I/WifiStateMachine(  901): CMD_RSSI_POLL : calculateWifiScore in!
I/WifiStateMachine(  901): CMD_RSSI_POLL : calculateWifiScore out!
I/WifiStateMachine(  901): CMD_RSSI_POLL : out!
I/System.out( 4361): tr calls detatch()
E/LocSvc_ApiV02(  901): I/<--- void globalEventCb(locClientHandleType, uint32_t, locClientEventIndUnionType, void*) line 99 QMI_LOC_EVENT_ENGINE_STATE_IND_V02
V/GpsLocationProvider(  901): reportStatus status: 3
V/GpsLocationProvider(  901): reportStatus status: 1
I/PassiveLocTracker(  901): GPS Started
I/CLocInfoService(  901): GPS Status : gpson
I/CpLocTracker(  901): Mode : 3 Param Data = 1
I/CpLocTracker(  901): Sent INT Data, mode : 3
D/GpsLocationProvider(  901): send an intent to notify GPS has been enabled or disabled mNavigating = true
I/System.out( 4361): tr calls detatch()
D/ApplicationPolicy(  901): isStatusBarNotificationAllowedAsUser: packageName = com.android.systemui,userId = -1
V/ApplicationPolicy(  901): isApplicationStateBlocked userId -1 pkgname com.android.systemui
I/CpLocTracker(  901): receive response
I/ValidateNoPeople(  901): skipping global notification
D/WindowManager(  901): showStatusBarByNotification() mOpenByNotification=false
V/BitmapFactory( 1181): DecodeImagePath(decodeResourceStream3) : res/drawable-xxhdpi-v4/stat_sys_gps_acquiring.png
V/BitmapFactory( 1181): DecodeImagePath(decodeResourceStream3) : res/drawable-xxhdpi-v4/stat_sys_gps_acquiring.png
D/KnoxNotification( 1181): ----- inflateViews : modified publicViewLocal -----
D/KnoxNotification( 1181): ----- inflateViews : modified KnoxViewLocal -----
D/PersonaManager( 1181): PersonaID is invalid or persona doesn't exists. : -1
D/SecContentProvider2(  901): uri = 14 selection = getSealedState
D/SecContentProvider2(  901): mCursor = null
D/SecContentProvider2(  901): KnoxCustomManagerService offline: service is not available
D/PhoneStatusBar( 1181): tick(): knoxCustomManager = android.app.enterprise.knoxcustom.KnoxCustomManager@2a98fa77
D/LockPatternUtilsCache( 1181): getCarrierLockPlusMode()
D/LockPatternUtilsCache( 1181): value : false
D/PanelView( 1181): There is/are notification(s) 
D/LockPatternUtilsCache( 1181): getCarrierLockPlusMode()
D/LockPatternUtilsCache( 1181): value : false
D/PanelView( 1181): There is/are notification(s) 
E/LocSvc_ApiV02(  901): I/<--- void globalEventCb(locClientHandleType, uint32_t, locClientEventIndUnionType, void*) line 99 QMI_LOC_EVENT_GNSS_SV_INFO_IND_V02
D/GpsLocationProvider_ex(  901): SV Count : 10      (PRN, SNR, Elevation, Azimuth, Used)
D/GpsLocationProvider_ex(  901): (14, 31.7, 0.0, 0.0, 1) (18, 24.6, 31.0, 115.0, 1) (21, 26.5, 22.0, 56.0, 1) (24, 33.7, 13.0, 122.0, 1) (32, 30.5, 67.0, 355.0, 1) (73, 25.7, 7.0, 123.0, 1) 
D/GpsLocationProvider_ex(  901): (65, 24.7, 48.0, 268.0, 1) (87, 21.9, 72.0, 331.0, 1) (71, 19.9, 11.0, 133.0, 1) (72, 20.5, 55.0, 168.0, 1) 
I/PassiveLocTracker(  901): GPS Satllite Status
D/BatteryService(  901): level:31, scale:100, status:3, health:2, present:true, voltage: 3717, temperature: 223, technology: Li-ion, AC powered:false, USB powered:false, Wireless powered:false, icon:17303735, invalid charger:0
D/BatteryService(  901): online:1, current avg:450, charge type:0, power sharing:false, high voltage charger:false, capacity:280000
D/BatteryService(  901): Sending ACTION_BATTERY_CHANGED.
D/KeyguardUpdateMonitor( 1181): received broadcast android.intent.action.BATTERY_CHANGED
D/KeyguardUpdateMonitor( 1181): handleBatteryUpdate
D/MotionRecognitionService(  901):   mReceiver.onReceive : ACTION_BATTERY_CHANGED
I/MotionRecognitionService(  901): Unplugged
D/STATUSBAR-PhoneStatusBar( 1181):  mBrightnessEnablebySettings = true mBrightnessEnablebyBattery = true mBrightnessEnablebyDisableFlag = true mPmsBrightnessEnablebySettings = true
D/BatteryMeterView( 1181): ACTION_BATTERY_CHANGED : level:31 status:3 health:2
D/BatteryMeterView( 1181): ACTION_BATTERY_CHANGED : level:31 status:3 health:2
D/BatteryMeterView( 1181): ACTION_BATTERY_CHANGED : level:31 status:3 health:2
I/System.out( 4361): tr calls detatch()
I/WifiStateMachine(  901): CMD_RSSI_POLL : calculateWifiScore in!
I/WifiStateMachine(  901): CMD_RSSI_POLL : calculateWifiScore out!
I/WifiStateMachine(  901): CMD_RSSI_POLL : out!
E/LocSvc_ApiV02(  901): I/<--- void globalEventCb(locClientHandleType, uint32_t, locClientEventIndUnionType, void*) line 99 QMI_LOC_EVENT_GNSS_SV_INFO_IND_V02
D/GpsLocationProvider_ex(  901): SV Count : 4      (PRN, SNR, Elevation, Azimuth, Used)
D/GpsLocationProvider_ex(  901): (14, 29.9, 0.0, 0.0, 0) (42, 31.8, 0.0, 0.0, 0) (50, 31.5, 0.0, 0.0, 0) (65, 21.5, 48.0, 268.0, 1) 
I/PassiveLocTracker(  901): GPS Satllite Status
D/SSRM:m  (  901): SIOP:: AP = 250, PST = 244, CUR = 450
I/System.out( 4361): tr calls detatch()
D/StatusBar.NetworkController( 1181): onSignalStrengthsChanged signalStrength=SignalStrength: 99 99 -120 -160 -120 -1 -1 18 -102 -7 80 -1 2147483647 0x2000 gsm|lte level=2
D/StatusBar.NetworkController( 1181): updateTelephonySignalStrength: hasService=true ss=SignalStrength: 99 99 -120 -160 -120 -1 -1 18 -102 -7 80 -1 2147483647 0x2000 gsm|lte
D/StatusBar.NetworkController( 1181): updateTelephonySignalStrength: iconLevel=2
D/StatusBar.NetworkController( 1181): updateTelephonySignalStrength, No signal level. mPhoneSignalIconId = com.android.systemui:drawable/stat_sys_signal_2_auto_rotate mDataSignalIconId = com.android.systemui:drawable/stat_sys_signal_2_auto_rotate mQSPhoneSignalIconId = com.android.systemui:drawable/ic_qs_signal_2 mContentDescriptionPhoneSignal = Phone two bars.
D/StatusBar.NetworkController( 1181): refreshViews connected={ wifi } level=2 combinedSignalIconId=0x7f020497/com.android.systemui:drawable/stat_sys_wifi_signal_4 mobileLabel=Telstra wifiLabel="ianaf4you"xxxxXXXXxxxxXXXX emergencyOnly=false combinedLabel="ianaf4you"xxxxXXXXxxxxXXXX mAirplaneMode=false mDataActivity=0 mPhoneSignalIconId=0x7f0203f0/com.android.systemui:drawable/stat_sys_signal_2_auto_rotate mQSPhoneSignalIconId=0x7f020112/com.android.systemui:drawable/ic_qs_signal_2 mDataDirectionIconId=0x0/(null) mDataSignalIconId=0x7f0203f0/com.android.systemui:drawable/stat_sys_signal_2_auto_rotate mDataTypeIconId=0x7f0202b3/com.android.systemui:drawable/stat_sys_data_connected_4g mQSDataTypeIconId=0x7f020116/com.android.systemui:drawable/ic_qs_signal_4g mNoSimIconId=0x0/(null) mWifiIconId=0x7f020497/com.android.systemui:drawable/stat_sys_wifi_signal_4 mQSWifiIconId=0x7f02012b/com.android.systemui:drawable/ic_qs_wifi_4 mWifiActivityIconId=0x7f020468/com.android.systemui:drawable/stat_sys_signal_inout mBluetoothTetherIconId=0x1080907/android:drawable/stat_sys_tether_bluetooth
E/LocSvc_ApiV02(  901): I/<--- void globalEventCb(locClientHandleType, uint32_t, locClientEventIndUnionType, void*) line 99 QMI_LOC_EVENT_GNSS_SV_INFO_IND_V02
I/PassiveLocTracker(  901): GPS Satllite Status
D/GpsLocationProvider_ex(  901): SV Count : 9      (PRN, SNR, Elevation, Azimuth, Used)
D/GpsLocationProvider_ex(  901): (14, 30.1, 0.0, 0.0, 0) (18, 28.6, 31.0, 115.0, 0) (21, 22.4, 22.0, 56.0, 0) (24, 33.5, 13.0, 122.0, 0) (32, 31.1, 67.0, 355.0, 0) (42, 31.8, 0.0, 0.0, 0) 
D/GpsLocationProvider_ex(  901): (50, 32.4, 0.0, 0.0, 0) (73, 19.5, 7.0, 125.0, 0) (65, 21.8, 48.0, 268.0, 0) 
I/System.out( 4361): tr calls detatch()
E/audit   ( 2252): type=1400 msg=audit(1462421965.764:929): avc:  denied  { read } for  pid=6708 comm="qrngd" name="hw_random" dev="tmpfs" ino=10383 scontext=u:r:qrngd:s0 tcontext=u:object_r:hw_random_device:s0 tclass=chr_file
D/SecurityLogAgent:SEDenialService(  901): Got Modify Event and sending Denial Intent foraudit.log
E/audit   ( 2252):  SEPF_SM-G900I_5.0-1_0038
E/audit   ( 2252): 
E/audit   ( 2252): type=1300 msg=audit(1462421965.764:929): arch=40000028 syscall=322 per=800000 success=no exit=-13 a0=ffffff9c a1=be90a6a0 a2=20000 a3=0 items=1 ppid=1 pid=6708 auid=4294967295 uid=1000 gid=1000 euid=1000 suid=1000 fsuid=1000 egid=1000 sgid=1000 fsgid=1000 tty=(none) ses=4294967295 comm="qrngd" exe="/system/bin/qrngd" subj=u:r:qrngd:s0 key=(null)
E/audit   ( 2252): type=1307 msg=audit(1462421965.764:929):  cwd="/"
E/audit   ( 2252): type=1302 msg=audit(1462421965.764:929): item=0 name="/dev/hw_random" inode=10383 dev=00:0b mode=020640 ouid=0 ogid=1000 rdev=0a:b7 obj=u:object_r:hw_random_device:s0
D/SecurityLogAgent:SEDenialService(  901): audit.ondenial set to 0 after sending samsung.intent.action.knox.DENIAL_NOTIFICATION intent
D/SecurityLogAgent( 8155):  SeDenialReceiver : Intent Received : samsung.intent.action.knox.DENIAL_NOTIFICATION
D/SecurityLogAgent( 8155):  SeDenialReceiver : File path = null
E/auditd  ( 2252): In denial and Property audit_ondenial is set to 1 
W/ContextImpl(  901): Calling a method in the system process without a qualified user: android.app.ContextImpl.sendBroadcast:1629 com.android.server.SEDenialService$AuditFileObserver.onEvent:76 android.os.FileObserver$ObserverThread.onEvent:122 android.os.FileObserver$ObserverThread.observe:-2 android.os.FileObserver$ObserverThread.run:85 
E/audit   ( 2252): type=1320 msg=audit(1462421965.764:929): 
E/LocSvc_ApiV02(  901): I/<--- void globalEventCb(locClientHandleType, uint32_t, locClientEventIndUnionType, void*) line 99 QMI_LOC_EVENT_POSITION_REPORT_IND_V02
D/GpsLocationProvider(  901): send an intent to notify GPS has been fixed
E/LocSvc_ApiV02(  901): I/<--- void globalEventCb(locClientHandleType, uint32_t, locClientEventIndUnionType, void*) line 99 QMI_LOC_EVENT_ENGINE_STATE_IND_V02
V/GpsLocationProvider(  901): reportStatus status: 4
I/System.out( 4361): tr calls detatch()
D/GpsLocationProvider(  901): send an intent to notify GPS has been enabled or disabled mNavigating = false
D/ApplicationPolicy(  901): isStatusBarNotificationAllowedAsUser: packageName = com.android.systemui,userId = -1
V/ApplicationPolicy(  901): isApplicationStateBlocked userId -1 pkgname com.android.systemui
D/LocationFilter( 2309): Forcing stable location. Original location:Location[fused -37.004768,144.066652 acc=34 et=+6h51m39s201ms alt=316.0 vel=0.0 {Bundle[{noGPSLocation=Location[fused -36.994824,144.074149 acc=3245 et=+6h50m37s386ms {Bundle[mParcelledData.dataSize=104]}], locationType=1}]}] because SMD didn't trigger.
I/ValidateNoPeople(  901): skipping global notification
D/LightsService(  901): [api] [SvcLED] turnOff:: id = 4 (uid: 1000 pid: 901) 
D/LightsService(  901): [SvcLED] setSvcLedStateLocked:: SvcLEDState : 0x0 -> 0x0 | SvcLED(id=4) set Off
D/LightsService(  901): [SvcLED] Lux failed to be updated in 700ms. -> handleForcedSvcLEDTasK
D/LightsService(  901): [SvcLED]  setSvcLedLightLocked :: Current SvcLED(id=4) maintains its priority right
D/StatusBar( 1181): ----- contentsUnchanged : true, bigContentsUnchanged - true, headsUpContentsUnchanged - true , publicUnchanged true
D/LockPatternUtilsCache( 1181): getCarrierLockPlusMode()
D/LockPatternUtilsCache( 1181): value : false
D/PanelView( 1181): There is/are notification(s) 
D/LockPatternUtilsCache( 1181): getCarrierLockPlusMode()
D/LockPatternUtilsCache( 1181): value : false
D/PanelView( 1181): There is/are notification(s) 
D/LockPatternUtilsCache( 1181): getCarrierLockPlusMode()
D/LockPatternUtilsCache( 1181): value : false
D/PanelView( 1181): There is/are notification(s) 
D/LockPatternUtilsCache( 1181): getCarrierLockPlusMode()
D/LockPatternUtilsCache( 1181): value : false
D/PanelView( 1181): There is/are notification(s) 
I/PassiveLocTracker(  901): GPS Stopped
I/PassiveLocTracker(  901): Location Changed
I/PassiveLocTracker(  901): Send Location
I/CLocInfoService(  901): GPS Status : gpsoff
I/CpLocTracker(  901): Mode : 3 Param Data = 0
I/CpLocTracker(  901): Sent INT Data, mode : 3
I/CpLocTracker(  901): receive response
I/WifiStateMachine(  901): CMD_RSSI_POLL : calculateWifiScore in!
I/WifiStateMachine(  901): CMD_RSSI_POLL : calculateWifiScore out!
I/WifiStateMachine(  901): CMD_RSSI_POLL : out!
I/System.out( 4361): tr calls detatch()
D/StatusBar.NetworkController( 1181): onSignalStrengthsChanged signalStrength=SignalStrength: 99 99 -120 -160 -120 -1 -1 19 -102 -7 74 -1 2147483647 0x2000 gsm|lte level=2
D/StatusBar.NetworkController( 1181): updateTelephonySignalStrength: hasService=true ss=SignalStrength: 99 99 -120 -160 -120 -1 -1 19 -102 -7 74 -1 2147483647 0x2000 gsm|lte
D/StatusBar.NetworkController( 1181): updateTelephonySignalStrength: iconLevel=2
D/StatusBar.NetworkController( 1181): updateTelephonySignalStrength, No signal level. mPhoneSignalIconId = com.android.systemui:drawable/stat_sys_signal_2_auto_rotate mDataSignalIconId = com.android.systemui:drawable/stat_sys_signal_2_auto_rotate mQSPhoneSignalIconId = com.android.systemui:drawable/ic_qs_signal_2 mContentDescriptionPhoneSignal = Phone two bars.
D/StatusBar.NetworkController( 1181): refreshViews connected={ wifi } level=2 combinedSignalIconId=0x7f020497/com.android.systemui:drawable/stat_sys_wifi_signal_4 mobileLabel=Telstra wifiLabel="ianaf4you"xxxxXXXXxxxxXXXX emergencyOnly=false combinedLabel="ianaf4you"xxxxXXXXxxxxXXXX mAirplaneMode=false mDataActivity=0 mPhoneSignalIconId=0x7f0203f0/com.android.systemui:drawable/stat_sys_signal_2_auto_rotate mQSPhoneSignalIconId=0x7f020112/com.android.systemui:drawable/ic_qs_signal_2 mDataDirectionIconId=0x0/(null) mDataSignalIconId=0x7f0203f0/com.android.systemui:drawable/stat_sys_signal_2_auto_rotate mDataTypeIconId=0x7f0202b3/com.android.systemui:drawable/stat_sys_data_connected_4g mQSDataTypeIconId=0x7f020116/com.android.systemui:drawable/ic_qs_signal_4g mNoSimIconId=0x0/(null) mWifiIconId=0x7f020497/com.android.systemui:drawable/stat_sys_wifi_signal_4 mQSWifiIconId=0x7f02012b/com.android.systemui:drawable/ic_qs_wifi_4 mWifiActivityIconId=0x7f020468/com.android.systemui:drawable/stat_sys_signal_inout mBluetoothTetherIconId=0x1080907/android:drawable/stat_sys_tether_bluetooth
I/System.out( 4361): tr calls detatch()
D/PowerManagerService(  901): [s] UserActivityState : 1 -> 2
D/lights  (  901): lcd : 83 +
D/DisplayPowerController(  901): getFinalBrightness : 15 -> 15
D/PowerManagerService(  901): [s] DisplayPowerCallbacks : onStateChanged()
D/lights  (  901): lcd : 83 -
D/lights  (  901): lcd : 74 +
D/lights  (  901): lcd : 74 -
D/lights  (  901): lcd : 66 +
D/lights  (  901): lcd : 66 -
D/lights  (  901): lcd : 58 +
D/lights  (  901): lcd : 58 -
D/lights  (  901): lcd : 49 +
D/lights  (  901): lcd : 49 -
D/lights  (  901): lcd : 41 +
D/lights  (  901): lcd : 41 -
D/lights  (  901): lcd : 33 +
D/lights  (  901): lcd : 33 -
D/lights  (  901): lcd : 24 +
D/lights  (  901): lcd : 24 -
D/lights  (  901): lcd : 16 +
D/lights  (  901): lcd : 16 -
D/lights  (  901): lcd : 15 +
D/lights  (  901): lcd : 15 -
D/DisplayPowerController(  901): getFinalBrightness : 15 -> 15
D/DisplayPowerController(  901): getFinalBrightness : 15 -> 15
I/System.out( 4361): tr calls detatch()
I/WifiStateMachine(  901): CMD_RSSI_POLL : calculateWifiScore in!
I/WifiStateMachine(  901): CMD_RSSI_POLL : calculateWifiScore out!
I/WifiStateMachine(  901): CMD_RSSI_POLL : out!
I/System.out( 4361): tr calls detatch()
D/SecurityLogAgent:SEDenialService(  901): Got Modify Event and sending Denial Intent foraudit.log
E/audit   ( 2252): type=1400 msg=audit(1462421970.804:930): avc:  denied  { read } for  pid=6727 comm="qrngd" name="hw_random" dev="tmpfs" ino=10383 scontext=u:r:qrngd:s0 tcontext=u:object_r:hw_random_device:s0 tclass=chr_file
E/audit   ( 2252):  SEPF_SM-G900I_5.0-1_0038
E/audit   ( 2252): 
E/audit   ( 2252): type=1300 msg=audit(1462421970.804:930): arch=40000028 syscall=322 per=800000 success=no exit=-13 a0=ffffff9c a1=bed436a0 a2=20000 a3=0 items=1 ppid=1 pid=6727 auid=4294967295 uid=1000 gid=1000 euid=1000 suid=1000 fsuid=1000 egid=1000 sgid=1000 fsgid=1000 tty=(none) ses=4294967295 comm="qrngd" exe="/system/bin/qrngd" subj=u:r:qrngd:s0 key=(null)
D/SecurityLogAgent:SEDenialService(  901): audit.ondenial set to 0 after sending samsung.intent.action.knox.DENIAL_NOTIFICATION intent
E/audit   ( 2252): type=1307 msg=audit(1462421970.804:930):  cwd="/"
E/audit   ( 2252): type=1302 msg=audit(1462421970.804:930): item=0 name="/dev/hw_random" inode=10383 dev=00:0b mode=020640 ouid=0 ogid=1000 rdev=0a:b7 obj=u:object_r:hw_random_device:s0
E/audit   ( 2252): type=1320 msg=audit(1462421970.804:930): 
D/SecurityLogAgent( 8155):  SeDenialReceiver : Intent Received : samsung.intent.action.knox.DENIAL_NOTIFICATION
D/SecurityLogAgent( 8155):  SeDenialReceiver : File path = null
E/auditd  ( 2252): In denial and Property audit_ondenial is set to 1 
W/ContextImpl(  901): Calling a method in the system process without a qualified user: android.app.ContextImpl.sendBroadcast:1629 com.android.server.SEDenialService$AuditFileObserver.onEvent:76 android.os.FileObserver$ObserverThread.onEvent:122 android.os.FileObserver$ObserverThread.observe:-2 android.os.FileObserver$ObserverThread.run:85 
I/System.out( 4361): tr calls detatch()
I/System.out( 4361): tr calls detatch()
D/StatusBar.NetworkController( 1181): onSignalStrengthsChanged signalStrength=SignalStrength: 99 99 -120 -160 -120 -1 -1 20 -103 -7 102 -1 2147483647 0x2000 gsm|lte level=2
D/StatusBar.NetworkController( 1181): updateTelephonySignalStrength: hasService=true ss=SignalStrength: 99 99 -120 -160 -120 -1 -1 20 -103 -7 102 -1 2147483647 0x2000 gsm|lte
D/StatusBar.NetworkController( 1181): updateTelephonySignalStrength: iconLevel=2
D/StatusBar.NetworkController( 1181): updateTelephonySignalStrength, No signal level. mPhoneSignalIconId = com.android.systemui:drawable/stat_sys_signal_2_auto_rotate mDataSignalIconId = com.android.systemui:drawable/stat_sys_signal_2_auto_rotate mQSPhoneSignalIconId = com.android.systemui:drawable/ic_qs_signal_2 mContentDescriptionPhoneSignal = Phone two bars.
D/StatusBar.NetworkController( 1181): refreshViews connected={ wifi } level=2 combinedSignalIconId=0x7f020497/com.android.systemui:drawable/stat_sys_wifi_signal_4 mobileLabel=Telstra wifiLabel="ianaf4you"xxxxXXXXxxxxXXXX emergencyOnly=false combinedLabel="ianaf4you"xxxxXXXXxxxxXXXX mAirplaneMode=false mDataActivity=0 mPhoneSignalIconId=0x7f0203f0/com.android.systemui:drawable/stat_sys_signal_2_auto_rotate mQSPhoneSignalIconId=0x7f020112/com.android.systemui:drawable/ic_qs_signal_2 mDataDirectionIconId=0x0/(null) mDataSignalIconId=0x7f0203f0/com.android.systemui:drawable/stat_sys_signal_2_auto_rotate mDataTypeIconId=0x7f0202b3/com.android.systemui:drawable/stat_sys_data_connected_4g mQSDataTypeIconId=0x7f020116/com.android.systemui:drawable/ic_qs_signal_4g mNoSimIconId=0x0/(null) mWifiIconId=0x7f020497/com.android.systemui:drawable/stat_sys_wifi_signal_4 mQSWifiIconId=0x7f02012b/com.android.systemui:drawable/ic_qs_wifi_4 mWifiActivityIconId=0x7f020468/com.android.systemui:drawable/stat_sys_signal_inout mBluetoothTetherIconId=0x1080907/android:drawable/stat_sys_tether_bluetooth
E/LocSvc_ApiV02(  901): I/<--- void globalEventCb(locClientHandleType, uint32_t, locClientEventIndUnionType, void*) line 99 QMI_LOC_EVENT_ENGINE_STATE_IND_V02
V/GpsLocationProvider(  901): reportStatus status: 3
V/GpsLocationProvider(  901): reportStatus status: 1
D/GpsLocationProvider(  901): send an intent to notify GPS has been enabled or disabled mNavigating = true
I/PassiveLocTracker(  901): GPS Started
I/CLocInfoService(  901): GPS Status : gpson
I/CpLocTracker(  901): Mode : 3 Param Data = 1
I/CpLocTracker(  901): Sent INT Data, mode : 3
I/CpLocTracker(  901): receive response
D/ApplicationPolicy(  901): isStatusBarNotificationAllowedAsUser: packageName = com.android.systemui,userId = -1
V/ApplicationPolicy(  901): isApplicationStateBlocked userId -1 pkgname com.android.systemui
I/ValidateNoPeople(  901): skipping global notification
D/WindowManager(  901): showStatusBarByNotification() mOpenByNotification=false
D/KnoxNotification( 1181): ----- inflateViews : modified publicViewLocal -----
D/KnoxNotification( 1181): ----- inflateViews : modified KnoxViewLocal -----
D/PersonaManager( 1181): PersonaID is invalid or persona doesn't exists. : -1
D/PhoneStatusBar( 1181): tick(): knoxCustomManager = android.app.enterprise.knoxcustom.KnoxCustomManager@2a98fa77
D/SecContentProvider2(  901): uri = 14 selection = getSealedState
D/SecContentProvider2(  901): mCursor = null
D/SecContentProvider2(  901): KnoxCustomManagerService offline: service is not available
D/LockPatternUtilsCache( 1181): getCarrierLockPlusMode()
D/LockPatternUtilsCache( 1181): value : false
D/PanelView( 1181): There is/are notification(s) 
D/LockPatternUtilsCache( 1181): getCarrierLockPlusMode()
D/LockPatternUtilsCache( 1181): value : false
D/PanelView( 1181): There is/are notification(s) 
D/TimaService(  901): TIMA: TimaService scheduler is intialized. 
D/TimaService(  901): TIMA: checkEvent, operation: 50000 subject: 10000
D/TimaService(  901): TimaServiceHandler.handleMessage what =1
I/WifiStateMachine(  901): CMD_RSSI_POLL : calculateWifiScore in!
I/WifiStateMachine(  901): CMD_RSSI_POLL : calculateWifiScore out!
I/WifiStateMachine(  901): CMD_RSSI_POLL : out!
E/LocSvc_ApiV02(  901): I/<--- void globalEventCb(locClientHandleType, uint32_t, locClientEventIndUnionType, void*) line 99 QMI_LOC_EVENT_GNSS_SV_INFO_IND_V02
D/GpsLocationProvider_ex(  901): SV Count : 10      (PRN, SNR, Elevation, Azimuth, Used)
D/GpsLocationProvider_ex(  901): (14, 30.2, 0.0, 0.0, 1) (18, 28.2, 31.0, 115.0, 1) (21, 22.1, 22.0, 56.0, 1) (24, 32.6, 13.0, 122.0, 1) (32, 30.7, 67.0, 355.0, 1) (42, 31.4, 0.0, 0.0, 0) 
D/GpsLocationProvider_ex(  901): (50, 32.0, 0.0, 0.0, 0) (73, 20.2, 7.0, 125.0, 1) (65, 21.4, 48.0, 268.0, 1) (71, 18.6, 11.0, 133.0, 1) 
I/PassiveLocTracker(  901): GPS Satllite Status
D/StatusBar.NetworkController( 1181): onSignalStrengthsChanged signalStrength=SignalStrength: 99 99 -120 -160 -120 -1 -1 20 -103 -7 88 -1 2147483647 0x2000 gsm|lte level=2
D/StatusBar.NetworkController( 1181): updateTelephonySignalStrength: hasService=true ss=SignalStrength: 99 99 -120 -160 -120 -1 -1 20 -103 -7 88 -1 2147483647 0x2000 gsm|lte
D/StatusBar.NetworkController( 1181): updateTelephonySignalStrength: iconLevel=2
D/StatusBar.NetworkController( 1181): updateTelephonySignalStrength, No signal level. mPhoneSignalIconId = com.android.systemui:drawable/stat_sys_signal_2_auto_rotate mDataSignalIconId = com.android.systemui:drawable/stat_sys_signal_2_auto_rotate mQSPhoneSignalIconId = com.android.systemui:drawable/ic_qs_signal_2 mContentDescriptionPhoneSignal = Phone two bars.
D/StatusBar.NetworkController( 1181): refreshViews connected={ wifi } level=2 combinedSignalIconId=0x7f020497/com.android.systemui:drawable/stat_sys_wifi_signal_4 mobileLabel=Telstra wifiLabel="ianaf4you"xxxxXXXXxxxxXXXX emergencyOnly=false combinedLabel="ianaf4you"xxxxXXXXxxxxXXXX mAirplaneMode=false mDataActivity=0 mPhoneSignalIconId=0x7f0203f0/com.android.systemui:drawable/stat_sys_signal_2_auto_rotate mQSPhoneSignalIconId=0x7f020112/com.android.systemui:drawable/ic_qs_signal_2 mDataDirectionIconId=0x0/(null) mDataSignalIconId=0x7f0203f0/com.android.systemui:drawable/stat_sys_signal_2_auto_rotate mDataTypeIconId=0x7f0202b3/com.android.systemui:drawable/stat_sys_data_connected_4g mQSDataTypeIconId=0x7f020116/com.android.systemui:drawable/ic_qs_signal_4g mNoSimIconId=0x0/(null) mWifiIconId=0x7f020497/com.android.systemui:drawable/stat_sys_wifi_signal_4 mQSWifiIconId=0x7f02012b/com.android.systemui:drawable/ic_qs_wifi_4 mWifiActivityIconId=0x7f020468/com.android.systemui:drawable/stat_sys_signal_inout mBluetoothTetherIconId=0x1080907/android:drawable/stat_sys_tether_bluetooth
I/System.out( 4361): tr calls detatch()
E/LocSvc_ApiV02(  901): I/<--- void globalEventCb(locClientHandleType, uint32_t, locClientEventIndUnionType, void*) line 99 QMI_LOC_EVENT_GNSS_SV_INFO_IND_V02
D/GpsLocationProvider_ex(  901): SV Count : 5      (PRN, SNR, Elevation, Azimuth, Used)
D/GpsLocationProvider_ex(  901): (14, 27.0, 0.0, 0.0, 0) (24, 33.7, 13.0, 122.0, 1) (32, 31.4, 67.0, 355.0, 1) (65, 20.8, 48.0, 268.0, 1) (87, 21.1, 72.0, 331.0, 0) 
I/PassiveLocTracker(  901): GPS Satllite Status
D/SSRM:m  (  901): SIOP:: AP = 250, PST = 247, CUR = 450
I/System.out( 4361): tr calls detatch()
D/InputManager-JNI(  901): setDeviceInteractive: 0
D/InputManager-JNI(  901): sysfs_write +: /sys/class/input/event1/device/enabled: 0
I/SurfaceFlinger(  258): id=93 createSurf (1080x1920),2 flag=404, ColorFade
D/PowerManagerService(  901): [s] UserActivityState : 2 -> 4
I/PowerManagerService(  901): Nap time (uid 1000)...
I/PowerManagerService(  901): !@[ps] Screen__Off(2) : 
I/PowerManagerService(  901): Going to sleep due to screen timeout (uid 1000)...
D/DisplayPowerController(  901): getFinalBrightness : 15 -> 15
D/PowerManagerService(  901): [s] DisplayPowerCallbacks : onStateChanged()
D/PowerManagerService(  901): [PWL] sb acquire: PowerManagerService.Broadcasts
D/PowerManagerService(  901): SecHardwareInterface.setBatteryADC : false
D/PowerManagerService(  901): handleSandman : startDream()
E/PowerManagerService(  901): handleSandman : startDreaming, but isDreaming false
I/PowerManagerService(  901): Sleeping (uid 1000)...
D/PowerManagerService(  901): [s] UserActivityState : 4 -> 0
D/PowerManagerService(  901): [input device light] setInputDeviceLightOn is called : 0
D/PowerManagerService(  901): [input device light] handleInputDeviceLightOff
D/InputManager-JNI(  901): sysfs_write +: /sys/class/input/event2/device/enabled: 0
D/InputReader(  901): Input event: value=0
D/InputManager-JNI(  901): sysfs_write -: /sys/class/input/event1/device/enabled: 0
D/InputManager-JNI(  901): sysfs_write -: /sys/class/input/event2/device/enabled: 0
E/FormEntryActivity( 6275): Dismiss dialogs
D/KeyguardViewMediator( 1181): onScreenTurnedOff(3)
I/KeyguardEffectViewController( 1181): *** KeyguardEffectView getInstanceIfExists ***
D/KeyguardEffectViewController( 1181): changeWallpaperByScreenOff()
D/KeyguardViewMediator( 1181): notifyScreenOffLocked
D/KeyguardViewMediator( 1181): timeout : 5000
I/SQLiteSecureOpenHelper(28970): getWritableDatabase(pwd)
I/SQLiteSecureOpenHelper(28970): getDatabaseLocked(b,b,pwd)...
D/DisplayPowerController(  901): ColorFade: onAnimationStart
D/DisplayPowerController(  901): getFinalBrightness : 84 -> 0
D/KeyguardViewMediator( 1181): setting alarm to turn off keyguard, seq = 15
D/KeyguardViewMediator( 1181): handleNotifyScreenOff
I/SavePointTask( 6275): Savepoint ms: 19 to /storage/emulated/0/fieldTask/.cache/reqd_2016-05-05_14-19-00.xml.save
D/lights  (  901): lcd : 7 +
I/CAE     (  901): handleMessage(CaPowerManager.java:182) - AP_SLEEP
I/CAE     (  901): updateApPowerStatus(SensorHubParserProvider.java:421) - AP_SLEEP
I/CAE     (  901): sendCmdToSensorHub(SensorHubCommManager.java:144) - -76, 13, -46, 0,
D/SensorHubManager(  901): SendSensorHubData: send data = -76, 13, -46, 0
D/Sensorhubs(  306): sendContextData: -76, 13, -46, 0
D/lights  (  901): lcd : 7 -
D/lights  (  901): lcd : 0 +
I/CAE     (  901): sendCmdToSensorHub(SensorHubCommManager.java:144) - -63, 14, 4, 19, 34,
D/SensorHubManager(  901): SendSensorHubData: send data = -63, 14, 4, 19, 34
D/Sensorhubs(  306): sendContextData: -63, 14, 4, 19, 34
D/DisplayPowerController(  901): getFinalBrightness : 84 -> 0
D/LightsService(  901): [api] [SvcLED] turnOff:: id = 4 (uid: 1000 pid: 901) 
D/LightsService(  901): [SvcLED] setSvcLedStateLocked:: SvcLEDState : 0x0 -> 0x0 | SvcLED(id=4) set Off
D/LightsService(  901): [SvcLED] Lux failed to be updated in 700ms. -> handleForcedSvcLEDTasK
D/LightsService(  901): [SvcLED]  setSvcLedLightLocked :: Current SvcLED(id=4) maintains its priority right
D/MotionRecognitionService(  901):   mReceiver.onReceive : ACTION_SCREEN_OFF
D/SamsungIME( 1828): onStartInputView requsted restarting value = false
D/SamsungIME( 1828): onStartInputView After call super -  restarting value = false
D/SamsungIME( 1828): mIsEnableOCR = false
D/SamsungIME( 1828): getValidMMCodes - failed to get the packageInfo of OCR or registered OCR Receiver
D/SamsungIME( 1828): checking talkback status : false
D/SamsungIME( 1828): disable handwriting input icon : handwriting is not available in current language
D/WifiStateMachine(  901): backgroundScan enabled=false startBackgroundScanIfNeeded:false
E/WifiStateMachine(  901): handleScreenStateChanged Exit: false
E/MotionRecognitionService(  901):  handler : SCREEN_OFF end 
D/NotificationService(  901): ACTION_SCREEN_OFF
D/LightsService(  901): [api] [SvcLED] turnOff:: id = 4 (uid: 1000 pid: 901) 
D/LightsService(  901): [SvcLED] setSvcLedStateLocked:: SvcLEDState : 0x0 -> 0x0 | SvcLED(id=4) set Off
D/LightsService(  901): [SvcLED] Lux failed to be updated in 700ms. -> handleForcedSvcLEDTasK
D/LightsService(  901): [SvcLED]  setSvcLedLightLocked :: Current SvcLED(id=4) maintains its priority right
D/audio_hw_primary(  298): adev_set_parameters: enter: screen_state=off
V/voice   (  298): voice_set_parameters: enter: screen_state=off
V/voice   (  298): voice_set_parameters: exit with code(-2)
V/msm8974_platform(  298): platform_set_parameters: enter: screen_state=off
V/msm8974_platform(  298): platform_set_parameters: exit with code(-2)
D/audio_hw_hfp(  298): audio_extn_hfp_set_parameters: enter
V/audio_hw_primary(  298): adev_set_parameters: exit
D/lights  (  901): lcd : 0 -
D/LockPatternUtilsCache( 1181): getCarrierLockPlusMode()
D/LockPatternUtilsCache( 1181): value : false
E/WifiStateMachine(  901): setSuspendOptimizationsNative: 4 true -want true stack:setSuspendOptimizationsNative - access$16800 - processMessage - processMsg
D/SamsungIME( 1828): [startInputView] info.inputType = 147457 info.imeOptions = 1073741830
I/SamsungIME( 1828): Update SetupWizard State usc : 1 pss : false
D/PanelView( 1181): There is/are notification(s) 
E/WifiStateMachine(  901): setSuspendOptimizationsNative do it 4 true stack:setSuspendOptimizationsNative - access$16800 - processMessage - processMsg
E/native  (  901): do suspend true
I/SamsungIME( 1828): Update SetupWizard State usc : 1 pss : false
D/SamsungIME( 1828): [AbstractKeyboardView] onDetachedFromWindow.
D/LockPatternUtilsCache( 1181): getCarrierLockPlusMode()
E/SamsungIME( 1828): lang.getLanguageCode():en, lang.getCountryCode():US
D/LockPatternUtilsCache( 1181): value : false
W/SamsungIME( 1828): makeSelectedLanguageList:en_US;
V/AlarmManager(  901): waitForAlarm result :8
W/ContextImpl( 1828): Calling a method in the system process without a qualified user: android.app.ContextImpl.sendBroadcast:1629 android.content.ContextWrapper.sendBroadcast:391 com.diotek.ime.framework.common.InputManagerImpl.sendInputLanguageByThread:9113 com.diotek.ime.framework.common.InputManagerImpl.access$6700:199 com.diotek.ime.framework.common.InputManagerImpl$32.run:9075 
D/PanelView( 1181): There is/are notification(s) 
D/SamsungIME( 1828): Magnification Enabled = false
D/SamsungIME( 1828): Dismiss ExpandCandiate
D/Mms/GreekInputHandler(27256): onReceive, skpd lang:en
W/IInputConnectionWrapper( 6275): getTextBeforeCursor on inactive InputConnection
I/SecExternalDisplayIntents_Java(  901): Intent Recieved ..  -android.intent.action.SCREEN_OFFBroadCast Map value - 18
W/IInputConnectionWrapper( 6275): getCursorCapsMode on inactive InputConnection
I/SamsungIME( 1828): getNextShiftState() cursorCapsMode : 0
D/SamsungIME( 1828): Dismiss ExpandCandiate
I/BackgroundCompactionService(  901): Schedule Type1 BGCompaction
E/SamsungIME( 1828): lang.getLanguageCode():en, lang.getCountryCode():US
W/SamsungIME( 1828): makeSelectedLanguageList:en_US;
D/SamsungIME( 1828): Dismiss ExpandCandiate
I/SamsungIME( 1828): getCurrentKeyboard
I/SamsungIME( 1828): getTextKeyboard
W/ContextImpl( 1828): Calling a method in the system process without a qualified user: android.app.ContextImpl.sendBroadcast:1629 android.content.ContextWrapper.sendBroadcast:391 com.diotek.ime.framework.common.InputManagerImpl.sendInputLanguageByThread:9113 com.diotek.ime.framework.common.InputManagerImpl.access$6700:199 com.diotek.ime.framework.common.InputManagerImpl$32.run:9075 
D/Mms/GreekInputHandler(27256): onReceive, skpd lang:en
D/IpRemoteDisplayController(  901): intent received android.intent.action.SCREEN_OFF
D/IpRemoteDisplayController(  901): Bridge Server is not available
D/VolumePanel( 1181): mCoverBroadcastReceiver: Screen OFF start
D/VolumePanel( 1181): mCoverBroadcastReceiver : call onDismissSafeVolumeWarning() #1
D/SamsungIME( 1828): [SwiftkeyWrapper] currentLangauge : 1701729619
D/VolumePanel( 1181): mCoverBroadcastReceiver: Screen OFF end
D/VolumePanel( 1181): mCoverBroadcastReceiver: onReceive() end : intent=Intent { act=android.intent.action.SCREEN_OFF flg=0x50000010 (has extras) }
W/IInputConnectionWrapper( 6275): getCursorCapsMode on inactive InputConnection
I/SamsungIME( 1828): getNextShiftState() cursorCapsMode : 0
D/SamsungIME( 1828): Skip dismiss ExpandCandidate. it will be post-invalidated later
D/SamsungIME( 1828): startInputViewContinue : true true
D/SamsungIME( 1828): conditions for show dialog : true false false false
I/SamsungIME( 1828): [IMI] startInputView - caller pid : 6275, caller uid : 10080
W/ContextImpl( 1828): Calling a method in the system process without a qualified user: android.app.ContextImpl.sendBroadcast:1629 android.content.ContextWrapper.sendBroadcast:391 com.diotek.ime.framework.common.InputManagerImpl.sendBroadcaseSIPShownByThread:8921 com.diotek.ime.framework.common.InputManagerImpl.access$6600:199 com.diotek.ime.framework.common.InputManagerImpl$31.run:8912 
D/PersonaManagerService(  901): ACTION_SCREEN_OFF onReceive
D/PersonaManagerServiceHandler(  901): MSG_ACTION_SCREEN_OFF called
W/ContextImpl( 1828): Calling a method in the system process without a qualified user: android.app.ContextImpl.sendBroadcast:1629 android.content.ContextWrapper.sendBroadcast:391 android.inputmethodservice.InputMethodService.sendInputViewShownState:417 android.inputmethodservice.InputMethodService.showWindow:1921 android.inputmethodservice.InputMethodService$InputMethodImpl.showSoftInput:617 
D/ApplicationPolicy(  901): isStatusBarNotificationAllowedAsUser: packageName = android,userId = -1
V/ApplicationPolicy(  901): isApplicationStateBlocked userId -1 pkgname android
D/NativeNfcManager( 1469): power state=2
D/NfcService( 1469): call the applyRotuiing
D/NfcNciHal( 1469): HaiWrite: enter; len=4
I/NfcNciHal( 1469): HAL_NfcWrite ()
D/NfcNciHal( 1469): HaiWrite: exit 0
I/NfcNciHal( 1469): nfc_hal_main_send_message() ls:0x10
I/NfcNciHal( 1469): nfc_hal_dm_power_mode_execute () event = 0
I/NfcNciHal( 1469): nfc_hal_dm_set_nfc_wake () ASSERT
D/USERIAL_LINUX( 1469): UPIO_Set: ioctl, state=0
D/SSRM:a  (  901): DeviceInfo:: 000000000000
D/SSRM:a  (  901): SettingsAirViewInfo:: 000000000
I/ValidateNoPeople(  901): skipping global notification
D/STATUSBAR-PhoneStatusBar( 1181):      ACTION_SCREEN_OFF is finished!!!! 
D/USERIAL_LINUX( 1469): UPIO_Set: ioctl, old state=1, insert delay for 20 ms
I/NfcNciHal( 1469): p_buf->len: 4
I/BrcmNci ( 1469): --
I/BrcmNci ( 1469): SENT NCI  Type:CMD   Name: RF_DEACTIVATE(0x6)   PBF:No/Last   Param Len: 1/1 f:0x0
I/BrcmNci ( 1469):                         De-Activate Type : Idle Mode (0/0x00)
D/BrcmNci ( 1469): Raw NCI Packet:
D/BrcmNci ( 1469): 0000: 21 06 01 00                                     !...
I/BrcmNci ( 1469): --
D/USERIAL_LINUX( 1469): USERIAL_Write: (5 bytes)
D/USERIAL_LINUX( 1469): doWriteDelay() delay 19 ms
I/SamsungIME( 1828): drawAllKey
E/StatusBar( 1181): onReceive : Intent.ACTION_SCREEN_OFF
D/Recents_AlternateRecentsComponent( 1181): dismissHelpPopup 
D/USERIAL_LINUX( 1469): USERIAL_Write len = 5, ret = 5
D/USERIAL_LINUX( 1469): my_read: return 5(0x5) bytes, errno=22 count=280, n=1, timeout=-1
D/USERIAL_LINUX( 1469): userial_read_thread(): enqueued p_buf=0x9fa0719c, count=1, length=5
D/USERIAL_LINUX( 1469): my_read: enter, pbuf=9fa06a9c, len = 280
I/BrcmNci ( 1469): --
I/BrcmNci ( 1469): RECV NCI  Type:RSP   Name: RF_DEACTIVATE(0x6)   PBF:No/Last   Param Len: 1/1 f:0x0
I/BrcmNci ( 1469):                                   Status : OK (0x00)
D/BrcmNci ( 1469): Raw NCI Packet:
D/BrcmNci ( 1469): 0000: 41 06 01 00                                     A...
I/BrcmNci ( 1469): --
I/NfcNciHal( 1469): nfc_hal_nci_preproc_rx_nci_msg()
I/NfcNciHal( 1469): nfc_hal_dm_power_mode_execute () event = 1
D/NfcNciHal( 1469): BroadcomHalDataCallback: enter; len=4
E/NfcNfa  ( 1469): nfa_ee_api_remove_aid The AID entry is not in the database
D/NfcNciHal( 1469): HaiWrite: enter; len=20
I/NfcNciHal( 1469): HAL_NfcWrite ()
D/NfcNciHal( 1469): HaiWrite: exit 0
I/NfcNciHal( 1469): nfc_hal_main_send_message() ls:0x10
I/NfcNciHal( 1469): nfc_hal_dm_power_mode_execute () event = 0
I/NfcNciHal( 1469): p_buf->len: 20
I/BrcmNci ( 1469): --
I/BrcmNci ( 1469): SENT NCI  Type:CMD   Name: RF_SET_ROUTING(0x1)   PBF:No/Last   Param Len: 17/17 f:0x0
I/BrcmNci ( 1469):                                     More : FALSE (0x00)
I/BrcmNci ( 1469):                              Num Routing : 3 (0x03)
I/BrcmNci ( 1469):                                    Route : 244 (0xf4)
I/BrcmNci ( 1469):                                     TECH : A Switch On. 
I/BrcmNci ( 1469):                                    Route : 244 (0xf4)
I/BrcmNci ( 1469):                                     TECH : B Switch On. 
I/BrcmNci ( 1469):                                    Route : 244 (0xf4)
I/BrcmNci ( 1469):                                    PROTO : ISO Switch On. 
D/BrcmNci ( 1469): Raw NCI Packet:
D/BrcmNci ( 1469): 0000: 21 01 11 00 03 00 03 f4 01 00 00 03 f4 01 01 01 !...............
D/BrcmNci ( 1469): 0010: 03 f4 01 04                                     ....
I/BrcmNci ( 1469): --
D/USERIAL_LINUX( 1469): USERIAL_Write: (21 bytes)
D/USERIAL_LINUX( 1469): doWriteDelay() delay 1 ms
D/USERIAL_LINUX( 1469): USERIAL_Write len = 21, ret = 21
D/USERIAL_LINUX( 1469): my_read: return 5(0x5) bytes, errno=22 count=280, n=1, timeout=-1
D/USERIAL_LINUX( 1469): userial_read_thread(): enqueued p_buf=0x9fa06a94, count=1, length=5
D/USERIAL_LINUX( 1469): my_read: enter, pbuf=9fa065ec, len = 280
I/BrcmNci ( 1469): --
I/BrcmNci ( 1469): RECV NCI  Type:RSP   Name: RF_SET_ROUTING(0x1)   PBF:No/Last   Param Len: 1/1 f:0x0
I/BrcmNci ( 1469):                                   Status : OK (0x00)
D/BrcmNci ( 1469): Raw NCI Packet:
D/BrcmNci ( 1469): 0000: 41 01 01 00                                     A...
I/BrcmNci ( 1469): --
I/NfcNciHal( 1469): nfc_hal_nci_preproc_rx_nci_msg()
I/NfcNciHal( 1469): nfc_hal_dm_power_mode_execute () event = 1
D/NfcNciHal( 1469): BroadcomHalDataCallback: enter; len=4
D/NfcNciHal( 1469): HaiWrite: enter; len=7
I/NfcNciHal( 1469): HAL_NfcWrite ()
D/NfcNciHal( 1469): HaiWrite: exit 0
I/NfcNciHal( 1469): nfc_hal_main_send_message() ls:0x10
I/NfcNciHal( 1469): nfc_hal_dm_power_mode_execute () event = 0
I/NfcNciHal( 1469): p_buf->len: 7
I/BrcmNci ( 1469): --
I/BrcmNci ( 1469): SENT NCI  Type:CMD   Name: CORE_SET_CONFIG(0x2)   PBF:No/Last   Param Len: 4/4 f:0x0
I/BrcmNci ( 1469):                               Num Params : 1 (0x01)
I/BrcmNci ( 1469):                             Param ID [0] : (80/0x50) LF_PROTOCOL
I/BrcmNci ( 1469):                             Param Len[0] : 1 (0x01)
I/BrcmNci ( 1469):                             Param Val[0] : 00 
D/BrcmNci ( 1469): Raw NCI Packet:
D/BrcmNci ( 1469): 0000: 20 02 04 01 50 01 00                             ...P..
I/BrcmNci ( 1469): --
D/USERIAL_LINUX( 1469): USERIAL_Write: (8 bytes)
D/USERIAL_LINUX( 1469): doWriteDelay() delay 4 ms
D/USERIAL_LINUX( 1469): USERIAL_Write len = 8, ret = 8
D/USERIAL_LINUX( 1469): my_read: return 6(0x6) bytes, errno=22 count=280, n=1, timeout=-1
D/USERIAL_LINUX( 1469): userial_read_thread(): enqueued p_buf=0x9fa065e4, count=1, length=6
