E/LocSvc_ApiV02(  901): I/<--- void globalEventCb(locClientHandleType, uint32_t, locClientEventIndUnionType, void*) line 99 QMI_LOC_EVENT_POSITION_REPORT_IND_V02
V/Vibrator( 1828): Called vibrateImmVibe(byte[], MagnitudeType) API - PUID: 1000, PackageName: com.sec.android.inputmethod
V/Vibrator( 1828): vibrateImmVibe - PUID: 1000, PackageName: com.sec.android.inputmethod, pattern, mag: 2000
E/LocSvc_ApiV02(  901): I/<--- void globalEventCb(locClientHandleType, uint32_t, locClientEventIndUnionType, void*) line 99 QMI_LOC_EVENT_ENGINE_STATE_IND_V02
V/Vibrator( 1828): Called vibrateImmVibe(byte[], MagnitudeType) API - PUID: 1000, PackageName: com.sec.android.inputmethod
D/GpsLocationProvider(  901): send an intent to notify GPS has been fixed
V/GpsLocationProvider(  901): reportStatus status: 4
D/VibratorService(  901): Turning vibrator off - ImmVibe.
V/VibratorService(  901): vibrateImmVibePattern - package: com.sec.android.inputmethod, magnitude: 2000
V/Vibrator( 1828): vibrateImmVibe - PUID: 1000, PackageName: com.sec.android.inputmethod, pattern, mag: 2000
D/GpsLocationProvider(  901): send an intent to notify GPS has been enabled or disabled mNavigating = false
D/VibratorService(  901): Turning vibrator off - ImmVibe.
V/VibratorService(  901): vibrateImmVibePattern - package: com.sec.android.inputmethod, magnitude: 2000
D/ApplicationPolicy(  901): isStatusBarNotificationAllowedAsUser: packageName = com.android.systemui,userId = -1
V/ApplicationPolicy(  901): isApplicationStateBlocked userId -1 pkgname com.android.systemui
I/SamsungIME( 1828): getNextShiftState() cursorCapsMode : 0
D/StatusBar( 1181): ----- contentsUnchanged : true, bigContentsUnchanged - true, headsUpContentsUnchanged - true , publicUnchanged true
I/ValidateNoPeople(  901): skipping global notification
D/LightsService(  901): [api] [SvcLED] turnOff:: id = 4 (uid: 1000 pid: 901) 
D/LightsService(  901): [SvcLED] setSvcLedStateLocked:: SvcLEDState : 0x0 -> 0x0 | SvcLED(id=4) set Off
D/LightsService(  901): [SvcLED] Lux failed to be updated in 700ms. -> handleForcedSvcLEDTasK
D/LightsService(  901): [SvcLED]  setSvcLedLightLocked :: Current SvcLED(id=4) maintains its priority right
D/SamsungIME( 1828): SwiftkeyWrapper-checkCurrentSequence : use IC
D/LockPatternUtilsCache( 1181): getCarrierLockPlusMode()
D/LockPatternUtilsCache( 1181): value : false
D/PanelView( 1181): There is/are notification(s) 
D/LockPatternUtilsCache( 1181): getCarrierLockPlusMode()
D/LockPatternUtilsCache( 1181): value : false
D/PanelView( 1181): There is/are notification(s) 
D/LocationFilter( 2309): Forcing stable location. Original location:Location[fused -37.004710,144.067008 acc=14 et=+6h51m1s606ms alt=340.0 vel=0.21 {Bundle[{noGPSLocation=Location[fused -36.994824,144.074149 acc=3245 et=+6h50m37s386ms {Bundle[mParcelledData.dataSize=104]}], locationType=1}]}] because SMD didn't trigger.
D/InputReader(  901): Input event: value=0
I/InputReader(  901): Touch event's action is 0x1 (deviceType=0) [pCnt=1, s=] when=2670077467000
I/InputDispatcher(  901): Delivering touch to (1828): action: 0x1, toolType: 1
I/PassiveLocTracker(  901): GPS Stopped
D/LockPatternUtilsCache( 1181): getCarrierLockPlusMode()
D/LockPatternUtilsCache( 1181): value : false
D/PanelView( 1181): There is/are notification(s) 
D/LockPatternUtilsCache( 1181): getCarrierLockPlusMode()
D/LockPatternUtilsCache( 1181): value : false
D/PanelView( 1181): There is/are notification(s) 
I/System.out( 4361): tr calls detatch()
I/PassiveLocTracker(  901): Location Changed
I/PassiveLocTracker(  901): Send Location
I/CLocInfoService(  901): GPS Status : gpsoff
I/CpLocTracker(  901): Mode : 3 Param Data = 0
I/CpLocTracker(  901): Sent INT Data, mode : 3
I/CpLocTracker(  901): receive response
D/InputReader(  901): Input event: value=1
I/InputReader(  901): Touch event's action is 0x0 (deviceType=0) [pCnt=1, s=0.256 ] when=2670781857000
I/InputDispatcher(  901): Delivering touch to (1181): action: 0x4, toolType: 1
I/InputDispatcher(  901): Delivering touch to (1828): action: 0x0, toolType: 1
D/ViewRootImpl( 1828): ViewPostImeInputStage ACTION_DOWN
V/Vibrator( 1828): Called vibrateImmVibe(byte[], MagnitudeType) API - PUID: 1000, PackageName: com.sec.android.inputmethod
V/Vibrator( 1828): vibrateImmVibe - PUID: 1000, PackageName: com.sec.android.inputmethod, pattern, mag: 2000
D/VibratorService(  901): Turning vibrator off - ImmVibe.
V/VibratorService(  901): vibrateImmVibePattern - package: com.sec.android.inputmethod, magnitude: 2000
D/InputReader(  901): Input event: value=0
I/InputReader(  901): Touch event's action is 0x1 (deviceType=0) [pCnt=1, s=] when=2670868446000
I/InputDispatcher(  901): Delivering touch to (1828): action: 0x1, toolType: 1
D/InputReader(  901): Input event: value=1
I/InputReader(  901): Touch event's action is 0x0 (deviceType=0) [pCnt=1, s=0.257 ] when=2670979072000
I/InputDispatcher(  901): Delivering touch to (1181): action: 0x4, toolType: 1
I/InputDispatcher(  901): Delivering touch to (1828): action: 0x0, toolType: 1
D/ViewRootImpl( 1828): ViewPostImeInputStage ACTION_DOWN
V/Vibrator( 1828): Called vibrateImmVibe(byte[], MagnitudeType) API - PUID: 1000, PackageName: com.sec.android.inputmethod
V/Vibrator( 1828): vibrateImmVibe - PUID: 1000, PackageName: com.sec.android.inputmethod, pattern, mag: 2000
D/VibratorService(  901): Turning vibrator off - ImmVibe.
V/VibratorService(  901): vibrateImmVibePattern - package: com.sec.android.inputmethod, magnitude: 2000
I/System.out( 4361): tr calls detatch()
D/InputReader(  901): Input event: value=0
I/InputReader(  901): Touch event's action is 0x1 (deviceType=0) [pCnt=1, s=] when=2671055798000
I/InputDispatcher(  901): Delivering touch to (1828): action: 0x1, toolType: 1
E/audit   ( 2252): type=1400 msg=audit(1462421929.664:922): avc:  denied  { read } for  pid=6516 comm="qrngd" name="hw_random" dev="tmpfs" ino=10383 scontext=u:r:qrngd:s0 tcontext=u:object_r:hw_random_device:s0 tclass=chr_file
E/audit   ( 2252):  SEPF_SM-G900I_5.0-1_0038
E/audit   ( 2252): 
E/audit   ( 2252): type=1300 msg=audit(1462421929.664:922): arch=40000028 syscall=322 per=800000 success=no exit=-13 a0=ffffff9c a1=be9bc6a0 a2=20000 a3=0 items=1 ppid=1 pid=6516 auid=4294967295 uid=1000 gid=1000 euid=1000 suid=1000 fsuid=1000 egid=1000 sgid=1000 fsgid=1000 tty=(none) ses=4294967295 comm="qrngd" exe="/system/bin/qrngd" subj=u:r:qrngd:s0 key=(null)
E/auditd  ( 2252): In denial and Property audit_ondenial is set to 1 
E/audit   ( 2252): type=1307 msg=audit(1462421929.664:922):  cwd="/"
E/audit   ( 2252): type=1302 msg=audit(1462421929.664:922): item=0 name="/dev/hw_random" inode=10383 dev=00:0b mode=020640 ouid=0 ogid=1000 rdev=0a:b7 obj=u:object_r:hw_random_device:s0
E/audit   ( 2252): type=1320 msg=audit(1462421929.664:922): 
D/SecurityLogAgent:SEDenialService(  901): Got Modify Event and sending Denial Intent foraudit.log
D/SecurityLogAgent:SEDenialService(  901): audit.ondenial set to 0 after sending samsung.intent.action.knox.DENIAL_NOTIFICATION intent
D/SecurityLogAgent( 8155):  SeDenialReceiver : Intent Received : samsung.intent.action.knox.DENIAL_NOTIFICATION
D/SecurityLogAgent( 8155):  SeDenialReceiver : File path = null
W/ContextImpl(  901): Calling a method in the system process without a qualified user: android.app.ContextImpl.sendBroadcast:1629 com.android.server.SEDenialService$AuditFileObserver.onEvent:76 android.os.FileObserver$ObserverThread.onEvent:122 android.os.FileObserver$ObserverThread.observe:-2 android.os.FileObserver$ObserverThread.run:85 
D/InputReader(  901): Input event: value=1
I/InputReader(  901): Touch event's action is 0x0 (deviceType=0) [pCnt=1, s=0.258 ] when=2671517467000
I/InputDispatcher(  901): Delivering touch to (1181): action: 0x4, toolType: 1
I/InputDispatcher(  901): Delivering touch to (1828): action: 0x0, toolType: 1
D/ViewRootImpl( 1828): ViewPostImeInputStage ACTION_DOWN
V/Vibrator( 1828): Called vibrateImmVibe(byte[], MagnitudeType) API - PUID: 1000, PackageName: com.sec.android.inputmethod
V/Vibrator( 1828): vibrateImmVibe - PUID: 1000, PackageName: com.sec.android.inputmethod, pattern, mag: 2000
D/VibratorService(  901): Turning vibrator off - ImmVibe.
V/VibratorService(  901): vibrateImmVibePattern - package: com.sec.android.inputmethod, magnitude: 2000
D/InputReader(  901): Input event: value=0
I/InputReader(  901): Touch event's action is 0x1 (deviceType=0) [pCnt=1, s=] when=2671593280000
I/InputDispatcher(  901): Delivering touch to (1828): action: 0x1, toolType: 1
I/System.out( 4361): tr calls detatch()
D/InputReader(  901): Input event: value=1
I/InputReader(  901): Touch event's action is 0x0 (deviceType=0) [pCnt=1, s=0.259 ] when=2672089174000
I/InputDispatcher(  901): Delivering touch to (1181): action: 0x4, toolType: 1
I/InputDispatcher(  901): Delivering touch to (1828): action: 0x0, toolType: 1
D/ViewRootImpl( 1828): ViewPostImeInputStage ACTION_DOWN
V/Vibrator( 1828): Called vibrateImmVibe(byte[], MagnitudeType) API - PUID: 1000, PackageName: com.sec.android.inputmethod
V/Vibrator( 1828): vibrateImmVibe - PUID: 1000, PackageName: com.sec.android.inputmethod, pattern, mag: 2000
D/VibratorService(  901): Turning vibrator off - ImmVibe.
V/VibratorService(  901): vibrateImmVibePattern - package: com.sec.android.inputmethod, magnitude: 2000
D/InputReader(  901): Input event: value=0
I/InputReader(  901): Touch event's action is 0x1 (deviceType=0) [pCnt=1, s=] when=2672166561000
I/InputDispatcher(  901): Delivering touch to (1828): action: 0x1, toolType: 1
D/SamsungIME( 1828): SwiftkeyWrapper-checkCurrentSequence : use IC
I/WifiStateMachine(  901): CMD_RSSI_POLL : calculateWifiScore in!
I/WifiStateMachine(  901): CMD_RSSI_POLL : calculateWifiScore out!
I/WifiStateMachine(  901): CMD_RSSI_POLL : out!
D/InputReader(  901): Input event: value=1
I/InputReader(  901): Touch event's action is 0x0 (deviceType=0) [pCnt=1, s=0.260 ] when=2672693449000
I/InputDispatcher(  901): Delivering touch to (1181): action: 0x4, toolType: 1
I/InputDispatcher(  901): Delivering touch to (6275): action: 0x0, toolType: 1
D/ViewRootImpl( 6275): ViewPostImeInputStage ACTION_DOWN
D/InputReader(  901): Input event: value=0
I/InputReader(  901): Touch event's action is 0x1 (deviceType=0) [pCnt=1, s=] when=2672748326000
I/InputDispatcher(  901): Delivering touch to (6275): action: 0x1, toolType: 1
D/InputMethodManagerService(  901): windowGainedFocus mCurrentFocusedUserId - 0 and mSecureKeypadEnabled-false
I/MultiPhoneWindowManager(  901): Changed -> mCurrentInputMethodTarget : null
E/ViewRootImpl( 6275): sendUserActionEvent() mView == null
D/LightsService(  901): [api] [SvcLED] turnOff:: id = 4 (uid: 1000 pid: 901) 
D/LightsService(  901): [SvcLED] setSvcLedStateLocked:: SvcLEDState : 0x0 -> 0x0 | SvcLED(id=4) set Off
D/LightsService(  901): [SvcLED] Lux failed to be updated in 700ms. -> handleForcedSvcLEDTasK
D/LightsService(  901): [SvcLED]  setSvcLedLightLocked :: Current SvcLED(id=4) maintains its priority right
W/ContextImpl(  901): Calling a method in the system process without a qualified user: android.app.ContextImpl.sendBroadcast:1629 com.android.server.InputMethodManagerService$6.run:2728 java.lang.Thread.run:818 <bottom of call stack> <bottom of call stack> 
D/SamsungIME( 1828): onWindowHidden
D/LockPatternUtilsCache( 1181): getCarrierLockPlusMode()
D/LockPatternUtilsCache( 1181): value : false
D/PanelView( 1181): There is/are notification(s) 
D/LockPatternUtilsCache( 1181): getCarrierLockPlusMode()
D/LockPatternUtilsCache( 1181): value : false
D/PanelView( 1181): There is/are notification(s) 
W/ContextImpl( 1828): Calling a method in the system process without a qualified user: android.app.ContextImpl.sendBroadcast:1629 android.content.ContextWrapper.sendBroadcast:391 android.inputmethodservice.InputMethodService.sendInputViewShownState:417 android.inputmethodservice.InputMethodService.hideWindow:2093 android.inputmethodservice.InputMethodService.doHideWindow:2071 
D/SSRM:a  (  901): DeviceInfo:: 000000000000
D/SSRM:a  (  901): SettingsAirViewInfo:: 000000000
I/SurfaceFlinger(  258): id=83 Removed org.smap.smapTask.android/org.odk.collect.android.preferences.PreferencesActivity (7/9)
I/SurfaceFlinger(  258): id=83 Removed org.smap.smapTask.android/org.odk.collect.android.preferences.PreferencesActivity (-2/9)
I/System.out( 4361): tr calls detatch()
I/SurfaceFlinger(  258): id=84 Removed InputMethod (7/8)
I/SurfaceFlinger(  258): id=84 Removed InputMethod (-2/8)
D/InputReader(  901): Input event: value=1
V/VibratorService(  901): hasVibrator - useVibetonz: true
D/PowerManagerService(  901): [input device light] setInputDeviceLightOn is called : 1
D/PowerManagerService(  901): [input device light] handleInputDeviceLightOn
D/lights  (  901): button : 1 +
I/InputDispatcher(  901): Delivering key to (6275): action: 0x0 (0)
D/lights  (  901): button : 1 -
D/InputReader(  901): Input event: value=0
I/MultiPhoneWindowManager(  901): closeMultiWindowTrayBar() failed -> mMultiWindowTrayBar =null/mMultiWindowEditMode = null
I/InputDispatcher(  901): Delivering key to (6275): action: 0x1 (0)
I/SQLiteSecureOpenHelper(28970): getWritableDatabase(pwd)
I/SQLiteSecureOpenHelper(28970): getDatabaseLocked(b,b,pwd)...
D/CustomFrequencyManagerService(  901): acquireDVFSLockLocked : type : DVFS_MIN_LIMIT  frequency : 1958400  uid : 1000  pid : 901  pkgName : ACTIVITY_RESUME_BOOSTER@6
W/ActivityManager(  901): mDVFSHelper.acquire()
V/SamsungIME( 1828): onTrimMeomory Level = 20
I/MainListActivity( 6275): onStart============================
D/LocationManagerService(  901): request 2cd2bd30 gps Request[ACCURACY_FINE gps requested=+10s0ms fastest=+10s0ms] from org.smap.smapTask.android(10080)
D/LocationManagerService(  901): provider request: gps ProviderRequest[ON interval=+10s0ms]
W/ActivityManager(  901): Bad activity token: android.os.BinderProxy@347a10d6
W/ActivityManager(  901): java.lang.ClassCastException: android.os.BinderProxy cannot be cast to com.android.server.am.ActivityRecord$Token
W/ActivityManager(  901): 	at com.android.server.am.ActivityRecord.forToken(ActivityRecord.java:423)
W/ActivityManager(  901): 	at com.android.server.am.ActivityRecord.isInStackLocked(ActivityRecord.java:1276)
W/ActivityManager(  901): 	at com.android.server.am.ActivityManagerService.getActivityOptions(ActivityManagerService.java:13163)
W/ActivityManager(  901): 	at android.app.ActivityManagerNative.onTransact(ActivityManagerNative.java:1779)
W/ActivityManager(  901): 	at com.android.server.am.ActivityManagerService.onTransact(ActivityManagerService.java:3021)
W/ActivityManager(  901): 	at android.os.Binder.execTransact(Binder.java:446)
D/GpsLocationProvider(  901): setRequest ProviderRequest[ON interval=+10s0ms]
D/ActivityManager(  901): post active user change for 0
D/KnoxTimeoutHandler(  901): postActiveUserChange for user 0
D/KnoxTimeoutHandler(  901): handleActiveUserChange for user 0
E/        (  901): E/open failed: /dev/mdm: No such file or directory
E/LocSvc_utils_cfg(  901): W/loc_read_sec_gps_conf: no secgps conf file, using defaults
I/SurfaceFlinger(  258): id=86 createSurf (1080x1920),1 flag=404, org.smap.smapTask.android/org.smap.smapTask.android.activities.MainTabsActivity
E/LocSvc_ApiV02(  901): I/virtual loc_api_adapter_err LocApiV02::startFix(const LocPosMode&):425]: position_mode=1.
E/LocSvc_ApiV02(  901): I/<--- void globalRespCb(locClientHandleType, uint32_t, locClientRespIndUnionType, void*) line 125 QMI_LOC_SET_OPERATION_MODE_REQ_V02
E/LocSvc_ApiV02(  901): E/virtual loc_api_adapter_err LocApiV02::startFix(const LocPosMode&):507]:start_mode = not standalone, acc will set as eQMI_LOC_ACCURACY_MED_V02
D/StatusBarManagerService(  901): manageDisableList userId=0 what=0x0 pkg=WindowManager.LayoutParams
D/InputMethodManagerService(  901): windowGainedFocus mCurrentFocusedUserId - 0 and mSecureKeypadEnabled-false
W/ContextImpl(  901): Calling a method in the system process without a qualified user: android.app.ContextImpl.sendBroadcast:1629 com.android.server.InputMethodManagerService$6.run:2728 java.lang.Thread.run:818 <bottom of call stack> <bottom of call stack> 
I/Timeline( 6275): Timeline: Activity_idle id: android.os.BinderProxy@24a3afc2 time:2673980
D/CustomFrequencyManagerService(  901): releaseDVFSLockLocked : Getting Lock type frm List : DVFS_MIN_LIMIT  frequency : 1958400  uid : 1000  pid : 901  tag : ACTIVITY_RESUME_BOOSTER@6
W/ActivityManager(  901): mDVFSHelper.release()
I/Timeline(  901): Timeline: Activity_windows_visible id: ActivityRecord{3e8317d7 u0 org.smap.smapTask.android/.activities.MainTabsActivity t4987} time:2674011
I/SurfaceFlinger(  258): id=82 Removed org.smap.smapTask.android/org.odk.collect.android.preferences.PreferencesActivity (7/8)
I/SurfaceFlinger(  258): id=82 Removed org.smap.smapTask.android/org.odk.collect.android.preferences.PreferencesActivity (-2/8)
D/CustomFrequencyManagerService(  901): acquireDVFSLockLocked : type : DVFS_MIN_LIMIT  frequency : 1958400  uid : 1000  pid : 901  pkgName : ACTIVITY_RESUME_BOOSTER@10
I/System.out( 4361): tr calls detatch()
E/LocSvc_ApiV02(  901): I/<--- void globalEventCb(locClientHandleType, uint32_t, locClientEventIndUnionType, void*) line 99 QMI_LOC_EVENT_ENGINE_STATE_IND_V02
V/GpsLocationProvider(  901): reportStatus status: 3
V/GpsLocationProvider(  901): reportStatus status: 1
D/GpsLocationProvider(  901): send an intent to notify GPS has been enabled or disabled mNavigating = true
D/ApplicationPolicy(  901): isStatusBarNotificationAllowedAsUser: packageName = com.android.systemui,userId = -1
V/ApplicationPolicy(  901): isApplicationStateBlocked userId -1 pkgname com.android.systemui
I/PassiveLocTracker(  901): GPS Started
I/CLocInfoService(  901): GPS Status : gpson
I/CpLocTracker(  901): Mode : 3 Param Data = 1
I/CpLocTracker(  901): Sent INT Data, mode : 3
I/CpLocTracker(  901): receive response
I/ValidateNoPeople(  901): skipping global notification
D/WindowManager(  901): showStatusBarByNotification() mOpenByNotification=false
D/KnoxNotification( 1181): ----- inflateViews : modified publicViewLocal -----
D/KnoxNotification( 1181): ----- inflateViews : modified KnoxViewLocal -----
D/PersonaManager( 1181): PersonaID is invalid or persona doesn't exists. : -1
D/SecContentProvider2(  901): uri = 14 selection = getSealedState
D/SecContentProvider2(  901): mCursor = null
D/SecContentProvider2(  901): KnoxCustomManagerService offline: service is not available
D/PhoneStatusBar( 1181): tick(): knoxCustomManager = android.app.enterprise.knoxcustom.KnoxCustomManager@2a98fa77
D/LockPatternUtilsCache( 1181): getCarrierLockPlusMode()
D/LockPatternUtilsCache( 1181): value : false
D/PanelView( 1181): There is/are notification(s) 
D/LockPatternUtilsCache( 1181): getCarrierLockPlusMode()
D/LockPatternUtilsCache( 1181): value : false
D/PanelView( 1181): There is/are notification(s) 
D/CustomFrequencyManagerService(  901): releaseDVFSLockLocked : Getting Lock type frm List : DVFS_MIN_LIMIT  frequency : 1958400  uid : 1000  pid : 901  tag : ACTIVITY_RESUME_BOOSTER@10
D/BatteryService(  901): level:31, scale:100, status:3, health:2, present:true, voltage: 3701, temperature: 220, technology: Li-ion, AC powered:false, USB powered:false, Wireless powered:false, icon:17303735, invalid charger:0
D/BatteryService(  901): online:1, current avg:450, charge type:0, power sharing:false, high voltage charger:false, capacity:280000
D/BatteryService(  901): Sending ACTION_BATTERY_CHANGED.
D/KeyguardUpdateMonitor( 1181): received broadcast android.intent.action.BATTERY_CHANGED
D/KeyguardUpdateMonitor( 1181): handleBatteryUpdate
D/MotionRecognitionService(  901):   mReceiver.onReceive : ACTION_BATTERY_CHANGED
I/MotionRecognitionService(  901): Unplugged
D/STATUSBAR-PhoneStatusBar( 1181):  mBrightnessEnablebySettings = true mBrightnessEnablebyBattery = true mBrightnessEnablebyDisableFlag = true mPmsBrightnessEnablebySettings = true
D/BatteryMeterView( 1181): ACTION_BATTERY_CHANGED : level:31 status:3 health:2
D/BatteryMeterView( 1181): ACTION_BATTERY_CHANGED : level:31 status:3 health:2
D/BatteryMeterView( 1181): ACTION_BATTERY_CHANGED : level:31 status:3 health:2
D/InputReader(  901): Input event: value=1
I/InputReader(  901): Touch event's action is 0x0 (deviceType=0) [pCnt=1, s=0.261 ] when=2674886030000
I/InputDispatcher(  901): Delivering touch to (1181): action: 0x4, toolType: 1
D/ViewRootImpl( 6275): ViewPostImeInputStage ACTION_DOWN
I/InputDispatcher(  901): Delivering touch to (6275): action: 0x0, toolType: 1
D/InputReader(  901): Input event: value=0
I/InputReader(  901): Touch event's action is 0x1 (deviceType=0) [pCnt=1, s=] when=2674951176000
I/InputDispatcher(  901): Delivering touch to (6275): action: 0x1, toolType: 1
V/BitmapFactory( 6275): DecodeImagePath(decodeResourceStream3) : res/drawable-xhdpi-v4/ic_dialog_info.png
E/LocSvc_ApiV02(  901): I/<--- void globalEventCb(locClientHandleType, uint32_t, locClientEventIndUnionType, void*) line 99 QMI_LOC_EVENT_GNSS_SV_INFO_IND_V02
D/GpsLocationProvider_ex(  901): SV Count : 17      (PRN, SNR, Elevation, Azimuth, Used)
D/GpsLocationProvider_ex(  901): (8, 22.8, 38.0, 248.0, 1) (10, 21.0, 62.0, 156.0, 0) (14, 29.7, 61.0, 358.0, 1) (18, 30.7, 31.0, 115.0, 1) (21, 29.8, 22.0, 56.0, 1) (24, 22.2, 13.0, 122.0, 1) 
D/GpsLocationProvider_ex(  901): (27, 21.8, 48.0, 295.0, 1) (32, 22.1, 67.0, 355.0, 1) (42, 31.4, 0.0, 0.0, 0) (50, 32.1, 0.0, 0.0, 0) (74, 21.5, 4.0, 77.0, 1) (73, 18.0, 7.0, 123.0, 1) 
D/GpsLocationProvider_ex(  901): (86, 22.1, 19.0, 16.0, 1) (65, 21.5, 48.0, 268.0, 1) (87, 23.3, 73.0, 331.0, 1) (71, 20.2, 11.0, 133.0, 1) (72, 18.6, 56.0, 168.0, 1) 
I/DownloadTasksTask( 6275): Synchronise()
I/PassiveLocTracker(  901): GPS Satllite Status
I/SurfaceFlinger(  258): id=87 createSurf (1x1),1 flag=4, Connecting to Server
I/System.out( 4361): tr calls detatch()
I/DownloadTasksTask( 6275): Submitting 0 finalised surveys
I/System.out( 6275): Thread-2563(ApacheHTTPLog):Reading from variable values from setDefaultValuesToVariables
I/System.out( 6275): Thread-2563(ApacheHTTPLog):isShipBuild true
I/System.out( 6275): Thread-2563(ApacheHTTPLog):SmartBonding Enabling is true, SHIP_BUILD is true, log to file is false, DBG is false
I/WifiStateMachine(  901): CMD_RSSI_POLL : calculateWifiScore in!
I/WifiStateMachine(  901): CMD_RSSI_POLL : calculateWifiScore out!
I/WifiStateMachine(  901): CMD_RSSI_POLL : out!
D/lights  (  901): button : 0 +
D/PowerManagerService(  901): [input device light] handleInputDeviceLightOff
D/lights  (  901): button : 0 -
D/StatusBar.NetworkController( 1181): onSignalStrengthsChanged signalStrength=SignalStrength: 99 99 -120 -160 -120 -1 -1 20 -104 -8 78 -1 2147483647 0x2000 gsm|lte level=2
D/StatusBar.NetworkController( 1181): updateTelephonySignalStrength: hasService=true ss=SignalStrength: 99 99 -120 -160 -120 -1 -1 20 -104 -8 78 -1 2147483647 0x2000 gsm|lte
D/StatusBar.NetworkController( 1181): updateTelephonySignalStrength: iconLevel=2
D/StatusBar.NetworkController( 1181): updateTelephonySignalStrength, No signal level. mPhoneSignalIconId = com.android.systemui:drawable/stat_sys_signal_2_auto_rotate mDataSignalIconId = com.android.systemui:drawable/stat_sys_signal_2_auto_rotate mQSPhoneSignalIconId = com.android.systemui:drawable/ic_qs_signal_2 mContentDescriptionPhoneSignal = Phone two bars.
D/StatusBar.NetworkController( 1181): refreshViews connected={ wifi } level=2 combinedSignalIconId=0x7f020497/com.android.systemui:drawable/stat_sys_wifi_signal_4 mobileLabel=Telstra wifiLabel="ianaf4you"xxxxXXXXxxxxXXXX emergencyOnly=false combinedLabel="ianaf4you"xxxxXXXXxxxxXXXX mAirplaneMode=false mDataActivity=0 mPhoneSignalIconId=0x7f0203f0/com.android.systemui:drawable/stat_sys_signal_2_auto_rotate mQSPhoneSignalIconId=0x7f020112/com.android.systemui:drawable/ic_qs_signal_2 mDataDirectionIconId=0x0/(null) mDataSignalIconId=0x7f0203f0/com.android.systemui:drawable/stat_sys_signal_2_auto_rotate mDataTypeIconId=0x7f0202b3/com.android.systemui:drawable/stat_sys_data_connected_4g mQSDataTypeIconId=0x7f020116/com.android.systemui:drawable/ic_qs_signal_4g mNoSimIconId=0x0/(null) mWifiIconId=0x7f020497/com.android.systemui:drawable/stat_sys_wifi_signal_4 mQSWifiIconId=0x7f02012b/com.android.systemui:drawable/ic_qs_wifi_4 mWifiActivityIconId=0x7f020468/com.android.systemui:drawable/stat_sys_signal_inout mBluetoothTetherIconId=0x1080907/android:drawable/stat_sys_tether_bluetooth
D/SSRM:m  (  901): SIOP:: AP = 260, PST = 233, CUR = 450
V/AlarmManager(  901): waitForAlarm result :8
D/ConnectivityService(  901): returning getActiveNetworkInfo :[type: WIFI[] - WIFI, state: CONNECTED/CONNECTED, reason: (unspecified), extra: "ianaf4you", roaming: false, failover: false, isAvailable: true, isConnectedToProvisioningNetwork: false]
I/System.out( 6275): AsyncTask #5 calls detatch()
I/DownloadTasksTask( 6275): Message:OK Task retrieved
V/GLSActivity( 2309): AuthDelegateWrapperCreated with selected intent: Intent { cmp=com.google.android.gms/.auth.DefaultAuthDelegateService }
V/GLSActivity( 2309): AuthDelegateWrapperCreated with selected intent: Intent { cmp=com.google.android.gms/.auth.DefaultAuthDelegateService }
D/ActivityManager(  901): bindService callerProcessName:com.google.android.gms, calleePkgName: com.google.android.gms, action: null
I/DownloadTasksTask( 6275): +++ Form: s50_601:2
I/DownloadTasksTask( 6275): +++ Form does not exist: s50_601:2
I/DownloadTasksTask( 6275): +++ Form: s50_608:1
I/DownloadTasksTask( 6275): +++ Form does not exist: s50_608:1
I/DownloadTasksTask( 6275): +++ Form: s50_609:1
I/DownloadTasksTask( 6275): +++ Form does not exist: s50_609:1
D/ActivityManager(  901): bindService callerProcessName:com.google.android.gms, calleePkgName: com.google.android.gms, action: null
I/DownloadTasksTask( 6275): +++ Form: s50_602:3
I/DownloadTasksTask( 6275): +++ Form does not exist: s50_602:3
I/DownloadTasksTask( 6275): Downloading 4 forms
I/DownloadFormsTask( 6275): Started downloading to /storage/emulated/0/fieldTask/.cache/first.xml1023196755.tempDownload from https://dev.smap.com.au/formXML?key=s50_601
I/qtaguid ( 2309): Tagging socket 215 with tag 2000040100000000{536871937,0} uid 10014, pid: 2309, getuid(): 10014
I/WebUtils( 6275): clearHostCredentials: dev.smap.com.au
I/WebUtils( 6275): adding credential for host: dev.smap.com.au username:neil
I/qtaguid ( 2309): Tagging socket 230 with tag 2000040100000000{536871937,0} uid 10014, pid: 2309, getuid(): 10014
I/System.out( 4361): tr calls detatch()
I/art     (  901): Explicit concurrent mark sweep GC freed 53326(3MB) AllocSpace objects, 17(272KB) LOS objects, 23% free, 53MB/69MB, paused 1.681ms total 195.189ms
E/LocSvc_ApiV02(  901): I/<--- void globalEventCb(locClientHandleType, uint32_t, locClientEventIndUnionType, void*) line 99 QMI_LOC_EVENT_GNSS_SV_INFO_IND_V02
D/GpsLocationProvider_ex(  901): SV Count : 1      (PRN, SNR, Elevation, Azimuth, Used)
D/GpsLocationProvider_ex(  901): (201, 33.1, 45.0, 351.0, 0) 
I/PassiveLocTracker(  901): GPS Satllite Status
D/DownloadFormsTask( 6275): Completed downloading of /storage/emulated/0/fieldTask/.cache/first.xml1023196755.tempDownload. It will be moved to the proper path...
W/DownloadFormsTask( 6275): Copied /storage/emulated/0/fieldTask/.cache/first.xml1023196755.tempDownload over /storage/emulated/0/fieldTask/forms/first.xml
W/FileUtils( 6275): /storage/emulated/0/fieldTask/.cache/first.xml1023196755.tempDownload has been deleted.
I/DownloadFormsTask( 6275): No Manifest for: first
W/DownloadFormsTask( 6275): Parsing document /storage/emulated/0/fieldTask/forms/first.xml
I/FileUtils( 6275): /storage/emulated/0/fieldTask/forms/first.xml does not have a submission element
W/DownloadFormsTask( 6275): Form uri = content://org.odk.collect.android.provider.odk.forms.smap/forms/45, isNew = true
I/DownloadFormsTask( 6275): Started downloading to /storage/emulated/0/fieldTask/.cache/m 26e.xml-317238886.tempDownload from https://dev.smap.com.au/formXML?key=s50_608
I/WebUtils( 6275): clearHostCredentials: dev.smap.com.au
I/WebUtils( 6275): adding credential for host: dev.smap.com.au username:neil
D/ActivityManager(  901): bindService callerProcessName:com.google.android.gms, calleePkgName: com.google.android.gms, action: null
W/BaseAppContext( 2560): Using Auth Proxy for data requests.
I/qtaguid ( 2560): Tagging socket 115 with tag 2000040100000000{536871937,0} uid 10014, pid: 2560, getuid(): 10014
D/ActivityManager(  901): bindService callerProcessName:com.google.android.gms, calleePkgName: com.google.android.gms, action: null
V/NativeCrypto( 2560): Write error: ssl=0x8f414400: I/O error during system call, Connection timed out
V/NativeCrypto( 2560): SSL shutdown failed: ssl=0x8f414400: I/O error during system call, Connection timed out
I/qtaguid ( 2560): Tagging socket 115 with tag 2000040100000000{536871937,0} uid 10014, pid: 2560, getuid(): 10014
I/qtaguid ( 2560): Tagging socket 195 with tag 2000040100000000{536871937,0} uid 10014, pid: 2560, getuid(): 10014
D/DownloadFormsTask( 6275): Completed downloading of /storage/emulated/0/fieldTask/.cache/m 26e.xml-317238886.tempDownload. It will be moved to the proper path...
W/DownloadFormsTask( 6275): Copied /storage/emulated/0/fieldTask/.cache/m 26e.xml-317238886.tempDownload over /storage/emulated/0/fieldTask/forms/m 26e.xml
W/FileUtils( 6275): /storage/emulated/0/fieldTask/.cache/m 26e.xml-317238886.tempDownload has been deleted.
I/DownloadFormsTask( 6275): No Manifest for: m%26e
W/DownloadFormsTask( 6275): Parsing document /storage/emulated/0/fieldTask/forms/m 26e.xml
I/FileUtils( 6275): /storage/emulated/0/fieldTask/forms/m 26e.xml does not have a submission element
W/DownloadFormsTask( 6275): Form uri = content://org.odk.collect.android.provider.odk.forms.smap/forms/46, isNew = true
I/DownloadFormsTask( 6275): Started downloading to /storage/emulated/0/fieldTask/.cache/reqd.xml1273650942.tempDownload from https://dev.smap.com.au/formXML?key=s50_609
I/WebUtils( 6275): clearHostCredentials: dev.smap.com.au
I/WebUtils( 6275): adding credential for host: dev.smap.com.au username:neil
I/System.out( 4361): tr calls detatch()
D/DownloadFormsTask( 6275): Completed downloading of /storage/emulated/0/fieldTask/.cache/reqd.xml1273650942.tempDownload. It will be moved to the proper path...
W/DownloadFormsTask( 6275): Copied /storage/emulated/0/fieldTask/.cache/reqd.xml1273650942.tempDownload over /storage/emulated/0/fieldTask/forms/reqd.xml
W/FileUtils( 6275): /storage/emulated/0/fieldTask/.cache/reqd.xml1273650942.tempDownload has been deleted.
I/DownloadFormsTask( 6275): No Manifest for: reqd
W/DownloadFormsTask( 6275): Parsing document /storage/emulated/0/fieldTask/forms/reqd.xml
I/FileUtils( 6275): /storage/emulated/0/fieldTask/forms/reqd.xml does not have a submission element
W/DownloadFormsTask( 6275): Form uri = content://org.odk.collect.android.provider.odk.forms.smap/forms/47, isNew = true
I/DownloadFormsTask( 6275): Started downloading to /storage/emulated/0/fieldTask/.cache/second.xml2137773299.tempDownload from https://dev.smap.com.au/formXML?key=s50_602
I/WebUtils( 6275): clearHostCredentials: dev.smap.com.au
I/WebUtils( 6275): adding credential for host: dev.smap.com.au username:neil
E/audit   ( 2252): type=1400 msg=audit(1462421935.384:923): avc:  denied  { read } for  pid=6590 comm="qrngd" name="hw_random" dev="tmpfs" ino=10383 scontext=u:r:qrngd:s0 tcontext=u:object_r:hw_random_device:s0 tclass=chr_file
E/audit   ( 2252):  SEPF_SM-G900I_5.0-1_0038
E/audit   ( 2252): 
D/SecurityLogAgent:SEDenialService(  901): Got Modify Event and sending Denial Intent foraudit.log
E/audit   ( 2252): type=1300 msg=audit(1462421935.384:923): arch=40000028 syscall=322 per=800000 success=no exit=-13 a0=ffffff9c a1=bef846a0 a2=20000 a3=0 items=1 ppid=1 pid=6590 auid=4294967295 uid=1000 gid=1000 euid=1000 suid=1000 fsuid=1000 egid=1000 sgid=1000 fsgid=1000 tty=(none) ses=4294967295 comm="qrngd" exe="/system/bin/qrngd" subj=u:r:qrngd:s0 key=(null)
E/audit   ( 2252): type=1307 msg=audit(1462421935.384:923):  cwd="/"
E/audit   ( 2252): type=1302 msg=audit(1462421935.384:923): item=0 name="/dev/hw_random" inode=10383 dev=00:0b mode=020640 ouid=0 ogid=1000 rdev=0a:b7 obj=u:object_r:hw_random_device:s0
E/audit   ( 2252): type=1320 msg=audit(1462421935.384:923): 
D/SecurityLogAgent:SEDenialService(  901): audit.ondenial set to 0 after sending samsung.intent.action.knox.DENIAL_NOTIFICATION intent
E/auditd  ( 2252): In denial and Property audit_ondenial is set to 1 
W/ContextImpl(  901): Calling a method in the system process without a qualified user: android.app.ContextImpl.sendBroadcast:1629 com.android.server.SEDenialService$AuditFileObserver.onEvent:76 android.os.FileObserver$ObserverThread.onEvent:122 android.os.FileObserver$ObserverThread.observe:-2 android.os.FileObserver$ObserverThread.run:85 
E/LocSvc_ApiV02(  901): I/<--- void globalEventCb(locClientHandleType, uint32_t, locClientEventIndUnionType, void*) line 99 QMI_LOC_EVENT_GNSS_SV_INFO_IND_V02
D/SecurityLogAgent( 8155):  SeDenialReceiver : Intent Received : samsung.intent.action.knox.DENIAL_NOTIFICATION
D/SecurityLogAgent( 8155):  SeDenialReceiver : File path = null
D/GpsLocationProvider_ex(  901): SV Count : 5      (PRN, SNR, Elevation, Azimuth, Used)
D/GpsLocationProvider_ex(  901): (14, 27.0, 61.0, 358.0, 0) (21, 26.7, 22.0, 56.0, 0) (50, 30.9, 0.0, 0.0, 0) (65, 23.2, 48.0, 268.0, 0) (201, 32.3, 45.0, 351.0, 0) 
D/DownloadFormsTask( 6275): Completed downloading of /storage/emulated/0/fieldTask/.cache/second.xml2137773299.tempDownload. It will be moved to the proper path...
W/DownloadFormsTask( 6275): Copied /storage/emulated/0/fieldTask/.cache/second.xml2137773299.tempDownload over /storage/emulated/0/fieldTask/forms/second.xml
W/FileUtils( 6275): /storage/emulated/0/fieldTask/.cache/second.xml2137773299.tempDownload has been deleted.
I/qtaguid ( 2560): Untagging socket 115
I/DownloadFormsTask( 6275): No Manifest for: second
I/Auth.Api.Credentials( 2560): [v1.CredentialStore] Bulk save with account <ELLIDED:646713761>.
W/DownloadFormsTask( 6275): Parsing document /storage/emulated/0/fieldTask/forms/second.xml
I/PassiveLocTracker(  901): GPS Satllite Status
I/FileUtils( 6275): /storage/emulated/0/fieldTask/forms/second.xml does not have a submission element
W/DownloadFormsTask( 6275): Form uri = content://org.odk.collect.android.provider.odk.forms.smap/forms/48, isNew = true
I/   Delete: ( 6275): Candidate 1
I/   Delete: ( 6275): Candidate 2 !!!!!!!!!!!
I/   Delete: ( 6275): Candidate 1
I/   Delete: ( 6275): Candidate 2 !!!!!!!!!!!
I/   Delete: ( 6275): Candidate 1
I/   Delete: ( 6275): Candidate 2 !!!!!!!!!!!
I/   Delete: ( 6275): Candidate 1
I/   Delete: ( 6275): Candidate 2 !!!!!!!!!!!
I/   Delete: ( 6275): Candidate 1
I/   Delete: ( 6275): Candidate 2 !!!!!!!!!!!
I/   Don't Delete: ( 6275): Keep this one
I/   Don't Delete: ( 6275): Keep this one
I/   Don't Delete: ( 6275): Keep this one
I/   Don't Delete: ( 6275): Keep this one
I/FormsProvider( 6275): attempting to delete file: /storage/emulated/0/fieldTask/.cache/2f202519ab03947ef4a7f18ed3618b84.formdef
I/FormsProvider( 6275): attempting to delete file: /storage/emulated/0/fieldTask/forms/animal complaint.xml
I/FormsProvider( 6275): removed from content providers: 0 image files, 0 audio files, and 0 video files.
I/FormsProvider( 6275): attempting to delete file: /storage/emulated/0/fieldTask/forms/animal complaint-media/sparrow.png
I/FormsProvider( 6275): attempting to delete file: /storage/emulated/0/fieldTask/forms/animal complaint-media
I/FormsProvider( 6275): attempting to delete file: /storage/emulated/0/fieldTask/forms/animal complaint2.xml
I/FormsProvider( 6275): removed from content providers: 0 image files, 0 audio files, and 0 video files.
I/FormsProvider( 6275): attempting to delete file: /storage/emulated/0/fieldTask/forms/animal complaint2-media
I/FormsProvider( 6275): attempting to delete file: /storage/emulated/0/fieldTask/forms/required.xml
I/FormsProvider( 6275): removed from content providers: 0 image files, 0 audio files, and 0 video files.
I/FormsProvider( 6275): attempting to delete file: /storage/emulated/0/fieldTask/forms/required-media
I/FormsProvider( 6275): attempting to delete file: /storage/emulated/0/fieldTask/.cache/f3a9781579755106f092cfc5bfb2f31e.formdef
I/FormsProvider( 6275): attempting to delete file: /storage/emulated/0/fieldTask/forms/m e.xml
I/FormsProvider( 6275): removed from content providers: 0 image files, 0 audio files, and 0 video files.
I/FormsProvider( 6275): attempting to delete file: /storage/emulated/0/fieldTask/forms/m e-media
I/FormsProvider( 6275): attempting to delete file: /storage/emulated/0/fieldTask/.cache/29272d1384569920e8ef31f5f766cbf2.formdef
I/FormsProvider( 6275): attempting to delete file: /storage/emulated/0/fieldTask/forms/nfc_3.xml
I/FormsProvider( 6275): removed from content providers: 0 image files, 0 audio files, and 0 video files.
I/FormsProvider( 6275): attempting to delete file: /storage/emulated/0/fieldTask/forms/nfc_3-media
I/PropertyManager( 6275): calling constructor
D/StatusBar.NetworkController( 1181): onSignalStrengthsChanged signalStrength=SignalStrength: 99 99 -120 -160 -120 -1 -1 18 -104 -8 58 -1 2147483647 0x2000 gsm|lte level=2
D/StatusBar.NetworkController( 1181): updateTelephonySignalStrength: hasService=true ss=SignalStrength: 99 99 -120 -160 -120 -1 -1 18 -104 -8 58 -1 2147483647 0x2000 gsm|lte
D/StatusBar.NetworkController( 1181): updateTelephonySignalStrength: iconLevel=2
D/StatusBar.NetworkController( 1181): updateTelephonySignalStrength, No signal level. mPhoneSignalIconId = com.android.systemui:drawable/stat_sys_signal_2_auto_rotate mDataSignalIconId = com.android.systemui:drawable/stat_sys_signal_2_auto_rotate mQSPhoneSignalIconId = com.android.systemui:drawable/ic_qs_signal_2 mContentDescriptionPhoneSignal = Phone two bars.
D/StatusBar.NetworkController( 1181): refreshViews connected={ wifi } level=2 combinedSignalIconId=0x7f020497/com.android.systemui:drawable/stat_sys_wifi_signal_4 mobileLabel=Telstra wifiLabel="ianaf4you"xxxxXXXXxxxxXXXX emergencyOnly=false combinedLabel="ianaf4you"xxxxXXXXxxxxXXXX mAirplaneMode=false mDataActivity=0 mPhoneSignalIconId=0x7f0203f0/com.android.systemui:drawable/stat_sys_signal_2_auto_rotate mQSPhoneSignalIconId=0x7f020112/com.android.systemui:drawable/ic_qs_signal_2 mDataDirectionIconId=0x0/(null) mDataSignalIconId=0x7f0203f0/com.android.systemui:drawable/stat_sys_signal_2_auto_rotate mDataTypeIconId=0x7f0202b3/com.android.systemui:drawable/stat_sys_data_connected_4g mQSDataTypeIconId=0x7f020116/com.android.systemui:drawable/ic_qs_signal_4g mNoSimIconId=0x0/(null) mWifiIconId=0x7f020497/com.android.systemui:drawable/stat_sys_wifi_signal_4 mQSWifiIconId=0x7f02012b/com.android.systemui:drawable/ic_qs_wifi_4 mWifiActivityIconId=0x7f020468/com.android.systemui:drawable/stat_sys_signal_inout mBluetoothTetherIconId=0x1080907/android:drawable/stat_sys_tether_bluetooth
I/System.out( 4361): tr calls detatch()
W/updateTaskStatusToServer( 6275): Status updated
I/MainTabsActivity( 6275): Complete - Send intent
I/SmapTaskObserver: ( 6275): ++++++++received refresh
I/SmapTaskLoader( 6275): +++++++ forceLoad
I/SmapTaskLoader( 6275): +++++++ onForceLoad
I/SurfaceFlinger(  258): id=88 createSurf (1x1),1 flag=4, Refresh Task List
D/InputMethodManagerService(  901): windowGainedFocus mCurrentFocusedUserId - 0 and mSecureKeypadEnabled-false
E/ViewRootImpl( 6275): sendUserActionEvent() mView == null
E/LocSvc_ApiV02(  901): I/<--- void globalEventCb(locClientHandleType, uint32_t, locClientEventIndUnionType, void*) line 99 QMI_LOC_EVENT_GNSS_SV_INFO_IND_V02
W/InputMethodManagerService(  901): Window already focused, ignoring focus gain of: com.android.internal.view.IInputMethodClient$Stub$Proxy@15fe263b attribute=null, token = android.os.BinderProxy@1ea4703a
D/GpsLocationProvider_ex(  901): SV Count : 11      (PRN, SNR, Elevation, Azimuth, Used)
D/GpsLocationProvider_ex(  901): (8, 21.9, 38.0, 248.0, 0) (10, 20.9, 62.0, 154.0, 0) (14, 29.9, 61.0, 358.0, 0) (21, 26.7, 22.0, 56.0, 0) (24, 23.7, 13.0, 122.0, 0) (50, 31.6, 0.0, 0.0, 0) 
D/GpsLocationProvider_ex(  901): (74, 22.6, 4.0, 77.0, 0) (86, 25.4, 19.0, 15.0, 0) (65, 23.2, 48.0, 268.0, 0) (87, 23.9, 72.0, 331.0, 0) (201, 32.5, 45.0, 351.0, 0) 
I/PassiveLocTracker(  901): GPS Satllite Status
I/SurfaceFlinger(  258): id=87 Removed Connecting to Server (5/9)
I/SurfaceFlinger(  258): id=87 Removed Connecting to Server (-2/9)
I/WifiStateMachine(  901): CMD_RSSI_POLL : calculateWifiScore in!
I/WifiStateMachine(  901): CMD_RSSI_POLL : calculateWifiScore out!
I/WifiStateMachine(  901): CMD_RSSI_POLL : out!
I/System.out( 4361): tr calls detatch()
D/InputReader(  901): Input event: value=1
I/InputReader(  901): Touch event's action is 0x0 (deviceType=0) [pCnt=1, s=0.262 ] when=2678735582000
I/InputDispatcher(  901): Delivering touch to (1181): action: 0x4, toolType: 1
I/InputDispatcher(  901): Delivering touch to (6275): action: 0x0, toolType: 1
D/ViewRootImpl( 6275): ViewPostImeInputStage ACTION_DOWN
D/InputReader(  901): Input event: value=0
I/InputReader(  901): Touch event's action is 0x1 (deviceType=0) [pCnt=1, s=] when=2678779936000
I/InputDispatcher(  901): Delivering touch to (6275): action: 0x1, toolType: 1
E/ViewRootImpl( 6275): sendUserActionEvent() mView == null
D/InputMethodManagerService(  901): windowGainedFocus mCurrentFocusedUserId - 0 and mSecureKeypadEnabled-false
W/InputMethodManagerService(  901): Window already focused, ignoring focus gain of: com.android.internal.view.IInputMethodClient$Stub$Proxy@209eeb17 attribute=null, token = android.os.BinderProxy@1ea4703a
E/LocSvc_ApiV02(  901): I/<--- void globalEventCb(locClientHandleType, uint32_t, locClientEventIndUnionType, void*) line 99 QMI_LOC_EVENT_POSITION_REPORT_IND_V02
D/GpsLocationProvider(  901): send an intent to notify GPS has been fixed
D/ApplicationPolicy(  901): isStatusBarNotificationAllowedAsUser: packageName = com.android.systemui,userId = -1
V/ApplicationPolicy(  901): isApplicationStateBlocked userId -1 pkgname com.android.systemui
D/LocationChangedReceiver( 6275): ============== Updating location
I/ValidateNoPeople(  901): skipping global notification
D/StatusBar( 1181): ----- contentsUnchanged : true, bigContentsUnchanged - true, headsUpContentsUnchanged - true , publicUnchanged true
E/LocSvc_ApiV02(  901): I/<--- void globalEventCb(locClientHandleType, uint32_t, locClientEventIndUnionType, void*) line 99 QMI_LOC_EVENT_ENGINE_STATE_IND_V02
V/GpsLocationProvider(  901): reportStatus status: 4
D/GpsLocationProvider(  901): send an intent to notify GPS has been enabled or disabled mNavigating = false
D/LockPatternUtilsCache( 1181): getCarrierLockPlusMode()
D/LockPatternUtilsCache( 1181): value : false
D/PanelView( 1181): There is/are notification(s) 
D/LockPatternUtilsCache( 1181): getCarrierLockPlusMode()
D/LockPatternUtilsCache( 1181): value : false
D/PanelView( 1181): There is/are notification(s) 
I/SurfaceFlinger(  258): id=88 Removed Refresh Task List (7/8)
I/SurfaceFlinger(  258): id=88 Removed Refresh Task List (-2/8)
D/LocationFilter( 2309): Forcing stable location. Original location:Location[fused -37.004717,144.066863 acc=19 et=+6h51m10s605ms alt=343.0 vel=0.9394147 bear=251.0 {Bundle[{noGPSLocation=Location[fused -36.994824,144.074149 acc=3245 et=+6h50m37s386ms {Bundle[mParcelledData.dataSize=104]}], locationType=1}]}] because SMD didn't trigger.
D/LightsService(  901): [api] [SvcLED] turnOff:: id = 4 (uid: 1000 pid: 901) 
D/LightsService(  901): [SvcLED] setSvcLedStateLocked:: SvcLEDState : 0x0 -> 0x0 | SvcLED(id=4) set Off
D/LightsService(  901): [SvcLED] Lux failed to be updated in 700ms. -> handleForcedSvcLEDTasK
D/LightsService(  901): [SvcLED]  setSvcLedLightLocked :: Current SvcLED(id=4) maintains its priority right
D/LockPatternUtilsCache( 1181): getCarrierLockPlusMode()
D/LockPatternUtilsCache( 1181): value : false
D/PanelView( 1181): There is/are notification(s) 
D/LockPatternUtilsCache( 1181): getCarrierLockPlusMode()
D/LockPatternUtilsCache( 1181): value : false
D/PanelView( 1181): There is/are notification(s) 
I/GCoreUlr( 2309): Successfully inserted 1 locations
I/GCoreUlr( 2309): Cancelling scheduled uploads
I/GCoreUlr( 2309): Not calling LocationReporter, hasMoved: false, elapsed millis: 33043, request: Stationary(3600000)
I/GCoreUlr( 2309): Scheduling next upload for 3566957ms from now
I/PassiveLocTracker(  901): GPS Stopped
I/PassiveLocTracker(  901): Location Changed
I/PassiveLocTracker(  901): Send Location
I/CLocInfoService(  901): GPS Status : gpsoff
I/CpLocTracker(  901): Mode : 3 Param Data = 0
I/CpLocTracker(  901): Sent INT Data, mode : 3
I/CpLocTracker(  901): receive response
I/System.out( 4361): tr calls detatch()
D/StatusBar.NetworkController( 1181): onSignalStrengthsChanged signalStrength=SignalStrength: 99 99 -120 -160 -120 -1 -1 18 -104 -7 66 -1 2147483647 0x2000 gsm|lte level=2
D/StatusBar.NetworkController( 1181): updateTelephonySignalStrength: hasService=true ss=SignalStrength: 99 99 -120 -160 -120 -1 -1 18 -104 -7 66 -1 2147483647 0x2000 gsm|lte
D/StatusBar.NetworkController( 1181): updateTelephonySignalStrength: iconLevel=2
D/StatusBar.NetworkController( 1181): updateTelephonySignalStrength, No signal level. mPhoneSignalIconId = com.android.systemui:drawable/stat_sys_signal_2_auto_rotate mDataSignalIconId = com.android.systemui:drawable/stat_sys_signal_2_auto_rotate mQSPhoneSignalIconId = com.android.systemui:drawable/ic_qs_signal_2 mContentDescriptionPhoneSignal = Phone two bars.
D/StatusBar.NetworkController( 1181): refreshViews connected={ wifi } level=2 combinedSignalIconId=0x7f020497/com.android.systemui:drawable/stat_sys_wifi_signal_4 mobileLabel=Telstra wifiLabel="ianaf4you"xxxxXXXXxxxxXXXX emergencyOnly=false combinedLabel="ianaf4you"xxxxXXXXxxxxXXXX mAirplaneMode=false mDataActivity=0 mPhoneSignalIconId=0x7f0203f0/com.android.systemui:drawable/stat_sys_signal_2_auto_rotate mQSPhoneSignalIconId=0x7f020112/com.android.systemui:drawable/ic_qs_signal_2 mDataDirectionIconId=0x0/(null) mDataSignalIconId=0x7f0203f0/com.android.systemui:drawable/stat_sys_signal_2_auto_rotate mDataTypeIconId=0x7f0202b3/com.android.systemui:drawable/stat_sys_data_connected_4g mQSDataTypeIconId=0x7f020116/com.android.systemui:drawable/ic_qs_signal_4g mNoSimIconId=0x0/(null) mWifiIconId=0x7f020497/com.android.systemui:drawable/stat_sys_wifi_signal_4 mQSWifiIconId=0x7f02012b/com.android.systemui:drawable/ic_qs_wifi_4 mWifiActivityIconId=0x7f020468/com.android.systemui:drawable/stat_sys_signal_inout mBluetoothTetherIconId=0x1080907/android:drawable/stat_sys_tether_bluetooth
I/System.out( 4361): tr calls detatch()
I/WifiStateMachine(  901): CMD_RSSI_POLL : calculateWifiScore in!
I/WifiStateMachine(  901): CMD_RSSI_POLL : calculateWifiScore out!
I/WifiStateMachine(  901): CMD_RSSI_POLL : out!
D/StatusBar.NetworkController( 1181): onSignalStrengthsChanged signalStrength=SignalStrength: 99 99 -120 -160 -120 -1 -1 20 -104 -7 76 -1 2147483647 0x2000 gsm|lte level=2
D/StatusBar.NetworkController( 1181): updateTelephonySignalStrength: hasService=true ss=SignalStrength: 99 99 -120 -160 -120 -1 -1 20 -104 -7 76 -1 2147483647 0x2000 gsm|lte
D/StatusBar.NetworkController( 1181): updateTelephonySignalStrength: iconLevel=2
D/StatusBar.NetworkController( 1181): updateTelephonySignalStrength, No signal level. mPhoneSignalIconId = com.android.systemui:drawable/stat_sys_signal_2_auto_rotate mDataSignalIconId = com.android.systemui:drawable/stat_sys_signal_2_auto_rotate mQSPhoneSignalIconId = com.android.systemui:drawable/ic_qs_signal_2 mContentDescriptionPhoneSignal = Phone two bars.
D/StatusBar.NetworkController( 1181): refreshViews connected={ wifi } level=2 combinedSignalIconId=0x7f020497/com.android.systemui:drawable/stat_sys_wifi_signal_4 mobileLabel=Telstra wifiLabel="ianaf4you"xxxxXXXXxxxxXXXX emergencyOnly=false combinedLabel="ianaf4you"xxxxXXXXxxxxXXXX mAirplaneMode=false mDataActivity=0 mPhoneSignalIconId=0x7f0203f0/com.android.systemui:drawable/stat_sys_signal_2_auto_rotate mQSPhoneSignalIconId=0x7f020112/com.android.systemui:drawable/ic_qs_signal_2 mDataDirectionIconId=0x0/(null) mDataSignalIconId=0x7f0203f0/com.android.systemui:drawable/stat_sys_signal_2_auto_rotate mDataTypeIconId=0x7f0202b3/com.android.systemui:drawable/stat_sys_data_connected_4g mQSDataTypeIconId=0x7f020116/com.android.systemui:drawable/ic_qs_signal_4g mNoSimIconId=0x0/(null) mWifiIconId=0x7f020497/com.android.systemui:drawable/stat_sys_wifi_signal_4 mQSWifiIconId=0x7f02012b/com.android.systemui:drawable/ic_qs_wifi_4 mWifiActivityIconId=0x7f020468/com.android.systemui:drawable/stat_sys_signal_inout mBluetoothTetherIconId=0x1080907/android:drawable/stat_sys_tether_bluetooth
V/AlarmManager(  901): waitForAlarm result :8
D/KeyguardUpdateMonitor( 1181): received broadcast android.intent.action.TIME_TICK
V/AlarmManager(  901): ___SyncScheduler (v3) ACTIVATED___
V/AlarmManagerEXT(  901): <AppSync3 Whitelist>
V/AlarmManagerEXT(  901): (AppSync) com.google.android.gms : 7200(7200)
V/AlarmManagerEXT(  901): (AppSync) com.google.android.gms : 3200(5280)
V/AlarmManagerEXT(  901): (AppSync) ### 2 added ###
D/KeyguardUpdateMonitor( 1181): handleTimeUpdate
D/KeyguardEffectViewController( 1181): onReceive action : android.intent.action.TIME_TICK
I/KeyguardEffectViewController( 1181): *** don't update sliding image ***
D/DateView( 1181): regionalDateFormat = 22/11/3333 isRTLlanguage = false returnDateFormat = E, d MMMM
D/DateView( 1181): regionalDateFormat = 22/11/3333 isRTLlanguage = false returnDateFormat = E, d MMMM
I/System.out( 4361): tr calls detatch()
D/InputReader(  901): Input event: value=1
I/InputReader(  901): Touch event's action is 0x0 (deviceType=0) [pCnt=1, s=0.263 ] when=2681794000000
I/InputDispatcher(  901): Delivering touch to (1181): action: 0x4, toolType: 1
I/InputDispatcher(  901): Delivering touch to (6275): action: 0x0, toolType: 1
